E:/rt-thread/bsp/stm32/stm32n657x0-st-nucleo/dist/project/rt-thread/include/rtservice.h:101:15:rt_list_isempty	16	static
E:/rt-thread/bsp/stm32/stm32n657x0-st-nucleo/dist/project/rt-thread/include/rtservice.h:110:24:rt_list_len	24	static
../rt-thread/components/finsh/cmd.c:47:13:clear	8	static
../rt-thread/components/finsh/cmd.c:55:13:version	8	static
../rt-thread/components/finsh/cmd.c:63:16:object_split	16	static
../rt-thread/components/finsh/cmd.c:77:13:list_find_init	32	static
../rt-thread/components/finsh/cmd.c:92:19:list_get_next	48	static
../rt-thread/components/finsh/cmd.c:159:6:list_thread	144	static
../rt-thread/components/finsh/cmd.c:289:6:list_sem	112	static
../rt-thread/components/finsh/cmd.c:357:6:list_event	112	static
../rt-thread/components/finsh/cmd.c:423:6:list_mutex	144	static
../rt-thread/components/finsh/cmd.c:498:6:list_mailbox	128	static
../rt-thread/components/finsh/cmd.c:570:6:list_msgqueue	112	static
../rt-thread/components/finsh/cmd.c:696:6:list_mempool	128	static
../rt-thread/components/finsh/cmd.c:776:6:list_timer	104	static
../rt-thread/components/finsh/cmd.c:876:6:list_device	104	static
../rt-thread/components/finsh/cmd.c:1052:12:cmd_list	16	static
