../rt-thread/components/finsh/shell.c:71:5:finsh_set_prompt	16	static
../rt-thread/components/finsh/shell.c:95:13:finsh_get_prompt	8	static
../rt-thread/components/finsh/shell.c:136:13:finsh_get_prompt_mode	8	static
../rt-thread/components/finsh/shell.c:151:6:finsh_set_prompt_mode	16	static
../rt-thread/components/finsh/shell.c:157:5:finsh_getchar	8	static
../rt-thread/components/finsh/shell.c:202:17:finsh_rx_ind	16	static
../rt-thread/components/finsh/shell.c:219:6:finsh_set_device	24	static
../rt-thread/components/finsh/shell.c:260:13:finsh_get_device	8	static
../rt-thread/components/finsh/shell.c:276:6:finsh_set_echo	16	static
../rt-thread/components/finsh/shell.c:289:13:finsh_get_echo	8	static
../rt-thread/components/finsh/shell.c:388:13:shell_auto_complete	16	static
../rt-thread/components/finsh/shell.c:401:18:shell_handle_history	16	static
../rt-thread/components/finsh/shell.c:418:13:shell_push_history	24	static
../rt-thread/components/finsh/shell.c:501:6:finsh_thread_entry_sethook	16	static
../rt-thread/components/finsh/shell.c:507:13:finsh_thread_entry	40	static
../rt-thread/components/finsh/shell.c:908:13:finsh_system_function_init	16	static
../rt-thread/components/finsh/shell.c:950:5:finsh_system_init	24	static
