libraries\HAL_Drivers\drivers\drv_usart.c:360:12:stm32_getc	8	static
libraries\HAL_Drivers\drivers\drv_usart.c:340:12:stm32_putc	16	static
libraries\HAL_Drivers\drivers\drv_usart.c:382:19:stm32_dma_transmit	24	static
libraries\HAL_Drivers\drivers\drv_usart.c:237:17:stm32_control	16	static,ignoring_inline_asm
libraries\HAL_Drivers\drivers\drv_usart.c:101:13:stm32_uart_get_mask	0	static
libraries\HAL_Drivers\drivers\drv_usart.c:148:17:stm32_configure	16	static
libraries\HAL_Drivers\drivers\drv_usart.c:546:6:USART1_IRQHandler	8	static
libraries\HAL_Drivers\drivers\drv_usart.c:1263:5:rt_hw_usart_init	24	static
