../rt-thread/src/kservice.c:65:14:rt_hw_us_delay	16	static
../rt-thread/src/kservice.c:72:14:rt_hw_cpu_reset	8	static
../rt-thread/src/kservice.c:79:14:rt_hw_cpu_shutdown	8	static
../rt-thread/src/kservice.c:117:18:rt_hw_backtrace_frame_get	16	static
../rt-thread/src/kservice.c:133:18:rt_hw_backtrace_frame_unwind	16	static
../rt-thread/src/kservice.c:142:21:rt_hw_cpu_arch	4	static
../rt-thread/src/kservice.c:150:6:rt_show_version	16	static
../rt-thread/src/kservice.c:173:13:rt_console_get_device	4	static
../rt-thread/src/kservice.c:188:13:rt_console_set_device	24	static
../rt-thread/src/kservice.c:211:14:rt_hw_console_output	16	static
../rt-thread/src/kservice.c:312:13:_kputs	24	static
../rt-thread/src/kservice.c:342:6:rt_kputs	16	static
../rt-thread/src/kservice.c:359:13:rt_kprintf	16	static
../rt-thread/src/kservice.c:394:18:rt_backtrace	24	static
../rt-thread/src/kservice.c:416:18:rt_backtrace_frame	24	static
../rt-thread/src/kservice.c:442:18:rt_backtrace_formatted_print	24	static
../rt-thread/src/kservice.c:470:18:rt_backtrace_to_buffer	40	static
../rt-thread/src/kservice.c:519:10:rt_backtrace_thread	32	static
../rt-thread/src/kservice.c:588:13:cmd_backtrace	32	static
../rt-thread/src/kservice.c:649:6:rt_malloc_sethook	16	static
../rt-thread/src/kservice.c:660:6:rt_realloc_set_entry_hook	16	static
../rt-thread/src/kservice.c:671:6:rt_realloc_set_exit_hook	16	static
../rt-thread/src/kservice.c:682:6:rt_free_sethook	16	static
../rt-thread/src/kservice.c:697:16:_heap_lock_init	8	static
../rt-thread/src/kservice.c:706:21:_heap_lock	8	static
../rt-thread/src/kservice.c:721:16:_heap_unlock	16	static
../rt-thread/src/kservice.c:747:16:_smem_info	24	static
../rt-thread/src/kservice.c:821:6:rt_system_heap_init_generic	24	static
../rt-thread/src/kservice.c:842:14:rt_system_heap_init	16	static
../rt-thread/src/kservice.c:854:15:rt_malloc	24	static
../rt-thread/src/kservice.c:880:15:rt_realloc	24	static
../rt-thread/src/kservice.c:912:15:rt_calloc	24	static
../rt-thread/src/kservice.c:933:14:rt_free	24	static
../rt-thread/src/kservice.c:959:14:rt_memory_info	32	static
../rt-thread/src/kservice.c:1012:15:rt_malloc_align	32	static
../rt-thread/src/kservice.c:1058:14:rt_free_align	24	static
../rt-thread/src/kservice.c:1167:6:rt_assert_set_hook	16	static
../rt-thread/src/kservice.c:1181:6:rt_assert_handler	32	static
