E:/rt-thread/bsp/stm32/stm32n657x0-st-nucleo/dist/project/rt-thread/include/rtservice.h:50:16:rt_list_init	16	static
E:/rt-thread/bsp/stm32/stm32n657x0-st-nucleo/dist/project/rt-thread/include/rtservice.h:89:16:rt_list_remove	16	static
../rt-thread/src/thread.c:59:6:rt_thread_suspend_sethook	16	static
../rt-thread/src/thread.c:71:6:rt_thread_resume_sethook	16	static
../rt-thread/src/thread.c:80:13:_thread_detach_from_mutex	40	static
../rt-thread/src/thread.c:117:13:_thread_exit	16	static
../rt-thread/src/thread.c:146:13:_thread_timeout	24	static
../rt-thread/src/thread.c:176:17:_thread_init	32	static
../rt-thread/src/thread.c:339:10:rt_thread_init	40	static
../rt-thread/src/thread.c:376:13:rt_thread_self	8	static
../rt-thread/src/thread.c:406:10:rt_thread_startup	16	static
../rt-thread/src/thread.c:437:10:rt_thread_close	24	static
../rt-thread/src/thread.c:485:10:rt_thread_detach	16	static
../rt-thread/src/thread.c:496:17:_thread_detach	24	static
../rt-thread/src/thread.c:550:13:rt_thread_create	48	static
../rt-thread/src/thread.c:600:10:rt_thread_delete	16	static
../rt-thread/src/thread.c:620:10:rt_thread_yield	16	static
../rt-thread/src/thread.c:642:17:_thread_sleep	32	static
../rt-thread/src/thread.c:705:10:rt_thread_delay	16	static
../rt-thread/src/thread.c:721:10:rt_thread_delay_until	32	static
../rt-thread/src/thread.c:784:10:rt_thread_mdelay	24	static
../rt-thread/src/thread.c:817:10:rt_thread_control	48	static
../rt-thread/src/thread.c:888:13:_thread_set_suspend_state	24	static
../rt-thread/src/thread.c:937:10:rt_thread_suspend_to_list	32	static
../rt-thread/src/thread.c:1036:10:rt_thread_suspend_with_flag	16	static
../rt-thread/src/thread.c:1074:10:rt_thread_suspend	16	static
../rt-thread/src/thread.c:1089:10:rt_thread_resume	24	static
../rt-thread/src/thread.c:1186:13:rt_thread_find	16	static
../rt-thread/src/thread.c:1205:10:rt_thread_get_name	24	static
