E:/rt-thread/bsp/stm32/stm32n657x0-st-nucleo/dist/project/rt-thread/include/rtservice.h:50:16:rt_list_init	16	static
E:/rt-thread/bsp/stm32/stm32n657x0-st-nucleo/dist/project/rt-thread/include/rtservice.h:61:16:rt_list_insert_after	16	static
E:/rt-thread/bsp/stm32/stm32n657x0-st-nucleo/dist/project/rt-thread/include/rtservice.h:89:16:rt_list_remove	16	static
E:/rt-thread/bsp/stm32/stm32n657x0-st-nucleo/dist/project/rt-thread/include/rtservice.h:101:15:rt_list_isempty	16	static
../rt-thread/src/timer.c:77:6:rt_timer_enter_sethook	16	static
../rt-thread/src/timer.c:88:6:rt_timer_exit_sethook	16	static
../rt-thread/src/timer.c:96:31:_timerlock_idx	16	static
../rt-thread/src/timer.c:131:13:_timer_init	32	static
../rt-thread/src/timer.c:172:17:_timer_list_next_timeout	24	static
../rt-thread/src/timer.c:191:16:_timer_remove	24	static
../rt-thread/src/timer.c:267:6:rt_timer_init	32	static
../rt-thread/src/timer.c:293:10:rt_timer_detach	24	static
../rt-thread/src/timer.c:345:12:rt_timer_create	40	static
../rt-thread/src/timer.c:377:10:rt_timer_delete	24	static
../rt-thread/src/timer.c:409:17:_timer_start	40	static
../rt-thread/src/timer.c:488:13:_timer_check	40	static
../rt-thread/src/timer.c:562:10:rt_timer_start	48	static
../rt-thread/src/timer.c:626:10:rt_timer_stop	24	static
../rt-thread/src/timer.c:665:10:rt_timer_control	32	static
../rt-thread/src/timer.c:748:6:rt_timer_check	8	static
../rt-thread/src/timer.c:780:11:rt_timer_next_timeout_tick	24	static
../rt-thread/src/timer.c:823:6:rt_system_timer_init	16	static
../rt-thread/src/timer.c:842:6:rt_system_timer_thread_init	4	static
