<html>
<body>
<pre>
<h1>µVision Build Log</h1>
<h2>Tool Versions:</h2>
IDE-Version: ¦ÌVision V5.43.1.0
Copyright (C) 2025 ARM Ltd and ARM Germany GmbH. All rights reserved.
License Information: Z Z, Z, LIC=X96CK-ZSF1N-NN6AF-6LCXE-3HTE5-QD8TH
 
Tool Versions:
Toolchain:       MDK-ARM Plus  Version: 5.43.0.0
Toolchain Path:  D:\Users\RTT\AppData\Local\Keil_v5\ARM\ARMCLANG\Bin
C Compiler:      ArmClang.exe V6.24
Assembler:       Armasm.exe V6.24
Linker/Locator:  ArmLink.exe V6.24
Library Manager: ArmAr.exe V6.24
Hex Converter:   FromElf.exe V6.24
CPU DLL:         
Dialog DLL:      
Target DLL:      STLink\ST-LINKIII-KEIL_SWO.dll V3.3.1.0
Dialog DLL:      TCM.DLL V1.56.6.0
 
<h2>Project:</h2>
E:\rt-thread\bsp\stm32\stm32n657x0-st-nucleo\dist\project\project.uvprojx
Project File Date:  11/21/2025

<h2>Output:</h2>
*** Using Compiler 'V6.24', folder: 'D:\Users\RTT\AppData\Local\Keil_v5\ARM\ARMCLANG\Bin'
Rebuild target 'Template_FSBL'
Note: source file 'board\CubeMX_Config\FSBL\Core\Src\main.c' - object file renamed from 'Template_FSBL\Src_main.o' to 'Template_FSBL\src_main.o'.
Note: source file 'rt-thread\components\libc\compilers\armlibc\syscalls.c' - object file renamed from 'Template_FSBL\armlibc_syscalls.o' to 'Template_FSBL\armlibc_syscalls.o'.
compiling main.c...
compiling device.c...
compiling div0.c...
compiling completion_comm.c...
compiling cpuport.c...
compiling completion_up.c...
compiling atomic_arm.c...
compiling showmem.c...
compiling condvar.c...
compiling cpu_cache.c...
compiling dataqueue.c...
assembling context_gcc.S...
compiling pipe.c...
compiling ringblk_buf.c...
compiling ringbuffer.c...
compiling waitqueue.c...
compiling board.c...
compiling workqueue.c...
compiling shell.c...
compiling cmd.c...
compiling msh.c...
compiling msh_parse.c...
compiling drv_common.c...
compiling Src_main.c...
compiling stm32n6xx_it.c...
compiling syscalls.c...
compiling sysmem.c...
compiling stm32n6xx_hal_msp.c...
compiling system_stm32n6xx_fsbl.c...
compiling startup_stm32n657xx_fsbl.c...
compiling stm32n6xx_hal_icache.c...
compiling stm32n6xx_hal_pwr_ex.c...
compiling stm32n6xx_hal_pwr.c...
compiling stm32n6xx_hal_cortex.c...
compiling stm32n6xx_hal_usart.c...
compiling stm32n6xx_hal.c...
compiling stm32n6xx_hal_dma_ex.c...
compiling stm32n6xx_hal_usart_ex.c...
compiling stm32n6xx_hal_rcc_ex.c...
compiling stm32n6xx_hal_gpio.c...
compiling stm32n6xx_hal_rcc.c...
compiling stm32n6xx_hal_uart_ex.c...
compiling clock.c...
compiling stm32n6xx_nucleo.c...
compiling components.c...
compiling stm32n6xx_hal_exti.c...
compiling stm32n6xx_hal_dma.c...
compiling cpu_up.c...
compiling stm32n6xx_hal_uart.c...
compiling defunct.c...
compiling idle.c...
compiling ipc.c...
compiling irq.c...
compiling kservice.c...
compiling mem.c...
compiling mempool.c...
compiling scheduler_comm.c...
compiling object.c...
compiling scheduler_up.c...
compiling timer.c...
compiling syscall_mem.c...
compiling thread.c...
compiling armlibc_syscalls.c...
compiling cctype.c...
compiling cstdlib.c...
rt-thread/components/libc/compilers/common/cstring.c(196): warning: nonnull parameter 'saveptr' will evaluate to 'true' on first encounter [-Wpointer-bool-conversion]
  196 |     else if (saveptr && *saveptr)
      |              ^~~~~~~ ~~
D:\Users\RTT\AppData\Local\Keil_v5\ARM\ARMCLANG\bin\..\include\string.h(283): note: declared 'nonnull' here
  283 | extern _ARMABI char *strtok_r(char * /*s1*/, const char * /*s2*/, char ** /*ptr*/) __attribute__((__nonnull__(2,3)));
      |                                                                                                   ^
rt-thread/components/libc/compilers/common/cstring.c(219): warning: nonnull parameter 'saveptr' will evaluate to 'true' on first encounter [-Wpointer-bool-conversion]
  219 |     if (saveptr)
      |     ~~  ^~~~~~~
D:\Users\RTT\AppData\Local\Keil_v5\ARM\ARMCLANG\bin\..\include\string.h(283): note: declared 'nonnull' here
  283 | extern _ARMABI char *strtok_r(char * /*s1*/, const char * /*s2*/, char ** /*ptr*/) __attribute__((__nonnull__(2,3)));
      |                                                                                                   ^
2 warnings generated.
compiling cstring.c...
rt-thread/components/libc/compilers/common/ctime.c(249): warning: comparison of nonnull parameter 't' equal to a null pointer is 'false' on first encounter [-Wtautological-pointer-compare]
  249 |     if(t == RT_NULL || buf == RT_NULL)
      |        ^    ~~~~~~~
D:\Users\RTT\AppData\Local\Keil_v5\ARM\ARMCLANG\bin\..\include\time.h(171): note: declared 'nonnull' here
  171 |                                char * __restrict /*buf*/) __attribute__((__nonnull__(1,2)));
      |                                                                          ^
rt-thread/components/libc/compilers/common/ctime.c(249): warning: comparison of nonnull parameter 'buf' equal to a null pointer is 'false' on first encounter [-Wtautological-pointer-compare]
  249 |     if(t == RT_NULL || buf == RT_NULL)
      |                        ^~~    ~~~~~~~
D:\Users\RTT\AppData\Local\Keil_v5\ARM\ARMCLANG\bin\..\include\time.h(171): note: declared 'nonnull' here
  171 |                                char * __restrict /*buf*/) __attribute__((__nonnull__(1,2)));
      |                                                                          ^
2 warnings generated.
compiling ctime.c...
compiling cunistd.c...
rt-thread/components/libc/compilers/common/cwchar.c(117): warning: result of comparison of constant 196607 with expression of type 'wchar_t' (aka 'unsigned short') is always true [-Wtautological-constant-out-of-range-compare]
  117 |          (ucs >= 0x20000 && ucs <= 0x2ffff)
      |                             ~~~ ^  ~~~~~~~
rt-thread/components/libc/compilers/common/cwchar.c(117): warning: result of comparison of constant 131072 with expression of type 'wchar_t' (aka 'unsigned short') is always false [-Wtautological-constant-out-of-range-compare]
  117 |          (ucs >= 0x20000 && ucs <= 0x2ffff)
      |           ~~~ ^  ~~~~~~~
2 warnings generated.
compiling cwchar.c...
compiling kerrno.c...
compiling kstdio.c...
compiling rt_vsnprintf_tiny.c...
compiling kstring.c...
compiling rt_vsscanf.c...
linking...
Program Size: Code=67552 RO-data=11216 RW-data=560 ZI-data=4180  
FromELF: creating hex file...
After Build - User command #1: fromelf Template_FSBL\Template_FSBL.axf --bincombined --output=Template_FSBL\Template_FSBL.bin
"Template_FSBL\Template_FSBL.axf" - 0 Error(s), 6 Warning(s).

<h2>Software Packages used:</h2>

Package Vendor: ARM
                http://www.keil.com/pack/ARM.CMSIS.5.9.0.pack
                ARM::CMSIS@5.9.0
                CMSIS (Common Microcontroller Software Interface Standard)
   * Component: CORE Version: 5.6.0

Package Vendor: Keil
                https://www.keil.com/pack/Keil.STM32N6xx_DFP.1.0.0.pack
                Keil::STM32N6xx_DFP@1.0.0
                STMicroelectronics STM32N6 Series Device Support

<h2>Collection of Component include folders:</h2>
  ./RTE/_Template_FSBL
  D:/Users/RTT/AppData/Local/Arm/Packs/Arm/CMSIS/5.9.0/CMSIS/Core/Include

<h2>Collection of Component Files used:</h2>

   * Component: ARM::CMSIS:CORE@5.6.0
      Source file:   CMSIS/Core/Template/ARMv8-M/tz_context.c
      Source file:   CMSIS/Core/Template/ARMv8-M/main_s.c
      Include file:  CMSIS/Core/Include/tz_context.h
Build Time Elapsed:  00:00:09
</pre>
</body>
</html>
