<!doctype html public "-//w3c//dtd html 4.0 transitional//en">
<html><head>
<title>Static Call Graph - [Template_FSBL\Template_FSBL.axf]</title></head>
<body><HR>
<H1>Static Call Graph for image Template_FSBL\Template_FSBL.axf</H1><HR>
<BR><P>#&#060CALLGRAPH&#062# ARM Linker, 6240002: Last Updated: Fri Nov 21 11:20:13 2025
<BR><P>
<H3>Maximum Stack Usage =        740 bytes + Unknown(Functions without stacksize, Cycles, Untraceable Function Pointers)</H3><H3>
Call chain for Maximum Stack Depth:</H3>
__rt_entry_main &rArr; main &rArr; rtthread_startup &rArr; rt_application_init &rArr; rt_thread_create &rArr; rt_object_allocate &rArr; rt_malloc &rArr; _heap_lock &rArr; rt_mutex_take &rArr; _rt_mutex_take &rArr; rt_thread_suspend_to_list &rArr; rt_sched_thread_timer_stop &rArr; rt_timer_stop &rArr; rt_spin_unlock_irqrestore &rArr; rt_exit_critical_safe &rArr; rt_exit_critical &rArr; rt_schedule &rArr; rt_scheduler_stack_check &rArr; rt_kprintf &rArr; rt_vsnprintf &rArr; print_number &rArr; divide
<P>
<H3>
Functions with no stack information
</H3><UL>
 <LI><a href="#[2ac]">rt_hw_interrupt_disable</a>
 <LI><a href="#[2ad]">rt_hw_interrupt_enable</a>
 <LI><a href="#[2cb]">rt_hw_context_switch</a>
 <LI><a href="#[2cc]">rt_hw_context_switch_interrupt</a>
 <LI><a href="#[9]">PendSV_Handler</a>
 <LI><a href="#[2d5]">rt_hw_context_switch_to</a>
 <LI><a href="#[314]">rt_hw_interrupt_thread_switch</a>
 <LI><a href="#[2]">HardFault_Handler</a>
 <LI><a href="#[dd]">SECURE_SystemCoreClockUpdate</a>
</UL>
</UL>
<P>
<H3>
Mutually Recursive functions
</H3> <LI><a href="#[213]">rt_assert_handler</a>&nbsp;&nbsp;&nbsp;&rArr;&nbsp;&nbsp;&nbsp;<a href="#[206]">rt_kprintf</a><BR>
 <LI><a href="#[29e]">rt_backtrace_frame</a>&nbsp;&nbsp;&nbsp;&rArr;&nbsp;&nbsp;&nbsp;<a href="#[206]">rt_kprintf</a><BR>
 <LI><a href="#[29d]">rt_hw_backtrace_frame_unwind</a>&nbsp;&nbsp;&nbsp;&rArr;&nbsp;&nbsp;&nbsp;<a href="#[206]">rt_kprintf</a><BR>
</UL>
<P>
<H3>
Function Pointers
</H3><UL>
 <LI><a href="#[34]">ADC1_2_IRQHandler</a> from startup_stm32n657xx_fsbl.o(.text.Default_Handler) referenced from startup_stm32n657xx_fsbl.o(RESET)
 <LI><a href="#[90]">ADF1_FLT0_IRQHandler</a> from startup_stm32n657xx_fsbl.o(.text.Default_Handler) referenced from startup_stm32n657xx_fsbl.o(RESET)
 <LI><a href="#[11]">BKP_ECC_IRQHandler</a> from startup_stm32n657xx_fsbl.o(.text.Default_Handler) referenced from startup_stm32n657xx_fsbl.o(RESET)
 <LI><a href="#[cd]">BUTTON_USER_EXTI_Callback</a> from stm32n6xx_nucleo.o(.text.BUTTON_USER_EXTI_Callback) referenced from stm32n6xx_nucleo.o(.rodata..L__const.BSP_PB_Init.ButtonCallback)
 <LI><a href="#[4]">BusFault_Handler</a> from startup_stm32n657xx_fsbl.o(.text.Default_Handler) referenced from startup_stm32n657xx_fsbl.o(RESET)
 <LI><a href="#[3c]">CACHEAXI_IRQHandler</a> from startup_stm32n657xx_fsbl.o(.text.Default_Handler) referenced from startup_stm32n657xx_fsbl.o(RESET)
 <LI><a href="#[f]">CACHE_ECC_IRQHandler</a> from startup_stm32n657xx_fsbl.o(.text.Default_Handler) referenced from startup_stm32n657xx_fsbl.o(RESET)
 <LI><a href="#[2c]">CRYP_IRQHandler</a> from startup_stm32n657xx_fsbl.o(.text.Default_Handler) referenced from startup_stm32n657xx_fsbl.o(RESET)
 <LI><a href="#[35]">CSI_IRQHandler</a> from startup_stm32n657xx_fsbl.o(.text.Default_Handler) referenced from startup_stm32n657xx_fsbl.o(RESET)
 <LI><a href="#[c1]">CTI_INT0_IRQHandler</a> from startup_stm32n657xx_fsbl.o(.text.Default_Handler) referenced from startup_stm32n657xx_fsbl.o(RESET)
 <LI><a href="#[c2]">CTI_INT1_IRQHandler</a> from startup_stm32n657xx_fsbl.o(.text.Default_Handler) referenced from startup_stm32n657xx_fsbl.o(RESET)
 <LI><a href="#[36]">DCMIPP_IRQHandler</a> from startup_stm32n657xx_fsbl.o(.text.Default_Handler) referenced from startup_stm32n657xx_fsbl.o(RESET)
 <LI><a href="#[bf]">DCMI_PSSI_IRQHandler</a> from startup_stm32n657xx_fsbl.o(.text.Default_Handler) referenced from startup_stm32n657xx_fsbl.o(RESET)
 <LI><a href="#[3f]">DMA2D_IRQHandler</a> from startup_stm32n657xx_fsbl.o(.text.Default_Handler) referenced from startup_stm32n657xx_fsbl.o(RESET)
 <LI><a href="#[c]">DTS_IRQHandler</a> from startup_stm32n657xx_fsbl.o(.text.Default_Handler) referenced from startup_stm32n657xx_fsbl.o(RESET)
 <LI><a href="#[8]">DebugMon_Handler</a> from startup_stm32n657xx_fsbl.o(.text.Default_Handler) referenced from startup_stm32n657xx_fsbl.o(RESET)
 <LI><a href="#[b6]">ETH1_IRQHandler</a> from startup_stm32n657xx_fsbl.o(.text.Default_Handler) referenced from startup_stm32n657xx_fsbl.o(RESET)
 <LI><a href="#[1b]">EXTI0_IRQHandler</a> from startup_stm32n657xx_fsbl.o(.text.Default_Handler) referenced from startup_stm32n657xx_fsbl.o(RESET)
 <LI><a href="#[25]">EXTI10_IRQHandler</a> from startup_stm32n657xx_fsbl.o(.text.Default_Handler) referenced from startup_stm32n657xx_fsbl.o(RESET)
 <LI><a href="#[26]">EXTI11_IRQHandler</a> from startup_stm32n657xx_fsbl.o(.text.Default_Handler) referenced from startup_stm32n657xx_fsbl.o(RESET)
 <LI><a href="#[27]">EXTI12_IRQHandler</a> from startup_stm32n657xx_fsbl.o(.text.Default_Handler) referenced from startup_stm32n657xx_fsbl.o(RESET)
 <LI><a href="#[28]">EXTI13_IRQHandler</a> from startup_stm32n657xx_fsbl.o(.text.Default_Handler) referenced from startup_stm32n657xx_fsbl.o(RESET)
 <LI><a href="#[29]">EXTI14_IRQHandler</a> from startup_stm32n657xx_fsbl.o(.text.Default_Handler) referenced from startup_stm32n657xx_fsbl.o(RESET)
 <LI><a href="#[2a]">EXTI15_IRQHandler</a> from startup_stm32n657xx_fsbl.o(.text.Default_Handler) referenced from startup_stm32n657xx_fsbl.o(RESET)
 <LI><a href="#[1c]">EXTI1_IRQHandler</a> from startup_stm32n657xx_fsbl.o(.text.Default_Handler) referenced from startup_stm32n657xx_fsbl.o(RESET)
 <LI><a href="#[1d]">EXTI2_IRQHandler</a> from startup_stm32n657xx_fsbl.o(.text.Default_Handler) referenced from startup_stm32n657xx_fsbl.o(RESET)
 <LI><a href="#[1e]">EXTI3_IRQHandler</a> from startup_stm32n657xx_fsbl.o(.text.Default_Handler) referenced from startup_stm32n657xx_fsbl.o(RESET)
 <LI><a href="#[1f]">EXTI4_IRQHandler</a> from startup_stm32n657xx_fsbl.o(.text.Default_Handler) referenced from startup_stm32n657xx_fsbl.o(RESET)
 <LI><a href="#[20]">EXTI5_IRQHandler</a> from startup_stm32n657xx_fsbl.o(.text.Default_Handler) referenced from startup_stm32n657xx_fsbl.o(RESET)
 <LI><a href="#[21]">EXTI6_IRQHandler</a> from startup_stm32n657xx_fsbl.o(.text.Default_Handler) referenced from startup_stm32n657xx_fsbl.o(RESET)
 <LI><a href="#[22]">EXTI7_IRQHandler</a> from startup_stm32n657xx_fsbl.o(.text.Default_Handler) referenced from startup_stm32n657xx_fsbl.o(RESET)
 <LI><a href="#[23]">EXTI8_IRQHandler</a> from startup_stm32n657xx_fsbl.o(.text.Default_Handler) referenced from startup_stm32n657xx_fsbl.o(RESET)
 <LI><a href="#[24]">EXTI9_IRQHandler</a> from startup_stm32n657xx_fsbl.o(.text.Default_Handler) referenced from startup_stm32n657xx_fsbl.o(RESET)
 <LI><a href="#[b7]">FDCAN1_IT0_IRQHandler</a> from startup_stm32n657xx_fsbl.o(.text.Default_Handler) referenced from startup_stm32n657xx_fsbl.o(RESET)
 <LI><a href="#[b8]">FDCAN1_IT1_IRQHandler</a> from startup_stm32n657xx_fsbl.o(.text.Default_Handler) referenced from startup_stm32n657xx_fsbl.o(RESET)
 <LI><a href="#[b9]">FDCAN2_IT0_IRQHandler</a> from startup_stm32n657xx_fsbl.o(.text.Default_Handler) referenced from startup_stm32n657xx_fsbl.o(RESET)
 <LI><a href="#[ba]">FDCAN2_IT1_IRQHandler</a> from startup_stm32n657xx_fsbl.o(.text.Default_Handler) referenced from startup_stm32n657xx_fsbl.o(RESET)
 <LI><a href="#[bb]">FDCAN3_IT0_IRQHandler</a> from startup_stm32n657xx_fsbl.o(.text.Default_Handler) referenced from startup_stm32n657xx_fsbl.o(RESET)
 <LI><a href="#[bc]">FDCAN3_IT1_IRQHandler</a> from startup_stm32n657xx_fsbl.o(.text.Default_Handler) referenced from startup_stm32n657xx_fsbl.o(RESET)
 <LI><a href="#[bd]">FDCAN_CU_IRQHandler</a> from startup_stm32n657xx_fsbl.o(.text.Default_Handler) referenced from startup_stm32n657xx_fsbl.o(RESET)
 <LI><a href="#[b0]">FMC_IRQHandler</a> from startup_stm32n657xx_fsbl.o(.text.Default_Handler) referenced from startup_stm32n657xx_fsbl.o(RESET)
 <LI><a href="#[12]">FPU_IRQHandler</a> from startup_stm32n657xx_fsbl.o(.text.Default_Handler) referenced from startup_stm32n657xx_fsbl.o(RESET)
 <LI><a href="#[42]">GFXMMU_IRQHandler</a> from startup_stm32n657xx_fsbl.o(.text.Default_Handler) referenced from startup_stm32n657xx_fsbl.o(RESET)
 <LI><a href="#[43]">GFXTIM_IRQHandler</a> from startup_stm32n657xx_fsbl.o(.text.Default_Handler) referenced from startup_stm32n657xx_fsbl.o(RESET)
 <LI><a href="#[57]">GPDMA1_Channel0_IRQHandler</a> from startup_stm32n657xx_fsbl.o(.text.Default_Handler) referenced from startup_stm32n657xx_fsbl.o(RESET)
 <LI><a href="#[61]">GPDMA1_Channel10_IRQHandler</a> from startup_stm32n657xx_fsbl.o(.text.Default_Handler) referenced from startup_stm32n657xx_fsbl.o(RESET)
 <LI><a href="#[62]">GPDMA1_Channel11_IRQHandler</a> from startup_stm32n657xx_fsbl.o(.text.Default_Handler) referenced from startup_stm32n657xx_fsbl.o(RESET)
 <LI><a href="#[63]">GPDMA1_Channel12_IRQHandler</a> from startup_stm32n657xx_fsbl.o(.text.Default_Handler) referenced from startup_stm32n657xx_fsbl.o(RESET)
 <LI><a href="#[64]">GPDMA1_Channel13_IRQHandler</a> from startup_stm32n657xx_fsbl.o(.text.Default_Handler) referenced from startup_stm32n657xx_fsbl.o(RESET)
 <LI><a href="#[65]">GPDMA1_Channel14_IRQHandler</a> from startup_stm32n657xx_fsbl.o(.text.Default_Handler) referenced from startup_stm32n657xx_fsbl.o(RESET)
 <LI><a href="#[66]">GPDMA1_Channel15_IRQHandler</a> from startup_stm32n657xx_fsbl.o(.text.Default_Handler) referenced from startup_stm32n657xx_fsbl.o(RESET)
 <LI><a href="#[58]">GPDMA1_Channel1_IRQHandler</a> from startup_stm32n657xx_fsbl.o(.text.Default_Handler) referenced from startup_stm32n657xx_fsbl.o(RESET)
 <LI><a href="#[59]">GPDMA1_Channel2_IRQHandler</a> from startup_stm32n657xx_fsbl.o(.text.Default_Handler) referenced from startup_stm32n657xx_fsbl.o(RESET)
 <LI><a href="#[5a]">GPDMA1_Channel3_IRQHandler</a> from startup_stm32n657xx_fsbl.o(.text.Default_Handler) referenced from startup_stm32n657xx_fsbl.o(RESET)
 <LI><a href="#[5b]">GPDMA1_Channel4_IRQHandler</a> from startup_stm32n657xx_fsbl.o(.text.Default_Handler) referenced from startup_stm32n657xx_fsbl.o(RESET)
 <LI><a href="#[5c]">GPDMA1_Channel5_IRQHandler</a> from startup_stm32n657xx_fsbl.o(.text.Default_Handler) referenced from startup_stm32n657xx_fsbl.o(RESET)
 <LI><a href="#[5d]">GPDMA1_Channel6_IRQHandler</a> from startup_stm32n657xx_fsbl.o(.text.Default_Handler) referenced from startup_stm32n657xx_fsbl.o(RESET)
 <LI><a href="#[5e]">GPDMA1_Channel7_IRQHandler</a> from startup_stm32n657xx_fsbl.o(.text.Default_Handler) referenced from startup_stm32n657xx_fsbl.o(RESET)
 <LI><a href="#[5f]">GPDMA1_Channel8_IRQHandler</a> from startup_stm32n657xx_fsbl.o(.text.Default_Handler) referenced from startup_stm32n657xx_fsbl.o(RESET)
 <LI><a href="#[60]">GPDMA1_Channel9_IRQHandler</a> from startup_stm32n657xx_fsbl.o(.text.Default_Handler) referenced from startup_stm32n657xx_fsbl.o(RESET)
 <LI><a href="#[45]">GPU2D_ER_IRQHandler</a> from startup_stm32n657xx_fsbl.o(.text.Default_Handler) referenced from startup_stm32n657xx_fsbl.o(RESET)
 <LI><a href="#[44]">GPU2D_IRQHandler</a> from startup_stm32n657xx_fsbl.o(.text.Default_Handler) referenced from startup_stm32n657xx_fsbl.o(RESET)
 <LI><a href="#[2e]">HASH_IRQHandler</a> from startup_stm32n657xx_fsbl.o(.text.Default_Handler) referenced from startup_stm32n657xx_fsbl.o(RESET)
 <LI><a href="#[47]">HPDMA1_Channel0_IRQHandler</a> from startup_stm32n657xx_fsbl.o(.text.Default_Handler) referenced from startup_stm32n657xx_fsbl.o(RESET)
 <LI><a href="#[51]">HPDMA1_Channel10_IRQHandler</a> from startup_stm32n657xx_fsbl.o(.text.Default_Handler) referenced from startup_stm32n657xx_fsbl.o(RESET)
 <LI><a href="#[52]">HPDMA1_Channel11_IRQHandler</a> from startup_stm32n657xx_fsbl.o(.text.Default_Handler) referenced from startup_stm32n657xx_fsbl.o(RESET)
 <LI><a href="#[53]">HPDMA1_Channel12_IRQHandler</a> from startup_stm32n657xx_fsbl.o(.text.Default_Handler) referenced from startup_stm32n657xx_fsbl.o(RESET)
 <LI><a href="#[54]">HPDMA1_Channel13_IRQHandler</a> from startup_stm32n657xx_fsbl.o(.text.Default_Handler) referenced from startup_stm32n657xx_fsbl.o(RESET)
 <LI><a href="#[55]">HPDMA1_Channel14_IRQHandler</a> from startup_stm32n657xx_fsbl.o(.text.Default_Handler) referenced from startup_stm32n657xx_fsbl.o(RESET)
 <LI><a href="#[56]">HPDMA1_Channel15_IRQHandler</a> from startup_stm32n657xx_fsbl.o(.text.Default_Handler) referenced from startup_stm32n657xx_fsbl.o(RESET)
 <LI><a href="#[48]">HPDMA1_Channel1_IRQHandler</a> from startup_stm32n657xx_fsbl.o(.text.Default_Handler) referenced from startup_stm32n657xx_fsbl.o(RESET)
 <LI><a href="#[49]">HPDMA1_Channel2_IRQHandler</a> from startup_stm32n657xx_fsbl.o(.text.Default_Handler) referenced from startup_stm32n657xx_fsbl.o(RESET)
 <LI><a href="#[4a]">HPDMA1_Channel3_IRQHandler</a> from startup_stm32n657xx_fsbl.o(.text.Default_Handler) referenced from startup_stm32n657xx_fsbl.o(RESET)
 <LI><a href="#[4b]">HPDMA1_Channel4_IRQHandler</a> from startup_stm32n657xx_fsbl.o(.text.Default_Handler) referenced from startup_stm32n657xx_fsbl.o(RESET)
 <LI><a href="#[4c]">HPDMA1_Channel5_IRQHandler</a> from startup_stm32n657xx_fsbl.o(.text.Default_Handler) referenced from startup_stm32n657xx_fsbl.o(RESET)
 <LI><a href="#[4d]">HPDMA1_Channel6_IRQHandler</a> from startup_stm32n657xx_fsbl.o(.text.Default_Handler) referenced from startup_stm32n657xx_fsbl.o(RESET)
 <LI><a href="#[4e]">HPDMA1_Channel7_IRQHandler</a> from startup_stm32n657xx_fsbl.o(.text.Default_Handler) referenced from startup_stm32n657xx_fsbl.o(RESET)
 <LI><a href="#[4f]">HPDMA1_Channel8_IRQHandler</a> from startup_stm32n657xx_fsbl.o(.text.Default_Handler) referenced from startup_stm32n657xx_fsbl.o(RESET)
 <LI><a href="#[50]">HPDMA1_Channel9_IRQHandler</a> from startup_stm32n657xx_fsbl.o(.text.Default_Handler) referenced from startup_stm32n657xx_fsbl.o(RESET)
 <LI><a href="#[2]">HardFault_Handler</a> from context_gcc.o(.text) referenced from startup_stm32n657xx_fsbl.o(RESET)
 <LI><a href="#[68]">I2C1_ER_IRQHandler</a> from startup_stm32n657xx_fsbl.o(.text.Default_Handler) referenced from startup_stm32n657xx_fsbl.o(RESET)
 <LI><a href="#[67]">I2C1_EV_IRQHandler</a> from startup_stm32n657xx_fsbl.o(.text.Default_Handler) referenced from startup_stm32n657xx_fsbl.o(RESET)
 <LI><a href="#[6a]">I2C2_ER_IRQHandler</a> from startup_stm32n657xx_fsbl.o(.text.Default_Handler) referenced from startup_stm32n657xx_fsbl.o(RESET)
 <LI><a href="#[69]">I2C2_EV_IRQHandler</a> from startup_stm32n657xx_fsbl.o(.text.Default_Handler) referenced from startup_stm32n657xx_fsbl.o(RESET)
 <LI><a href="#[6c]">I2C3_ER_IRQHandler</a> from startup_stm32n657xx_fsbl.o(.text.Default_Handler) referenced from startup_stm32n657xx_fsbl.o(RESET)
 <LI><a href="#[6b]">I2C3_EV_IRQHandler</a> from startup_stm32n657xx_fsbl.o(.text.Default_Handler) referenced from startup_stm32n657xx_fsbl.o(RESET)
 <LI><a href="#[6e]">I2C4_ER_IRQHandler</a> from startup_stm32n657xx_fsbl.o(.text.Default_Handler) referenced from startup_stm32n657xx_fsbl.o(RESET)
 <LI><a href="#[6d]">I2C4_EV_IRQHandler</a> from startup_stm32n657xx_fsbl.o(.text.Default_Handler) referenced from startup_stm32n657xx_fsbl.o(RESET)
 <LI><a href="#[70]">I3C1_ER_IRQHandler</a> from startup_stm32n657xx_fsbl.o(.text.Default_Handler) referenced from startup_stm32n657xx_fsbl.o(RESET)
 <LI><a href="#[6f]">I3C1_EV_IRQHandler</a> from startup_stm32n657xx_fsbl.o(.text.Default_Handler) referenced from startup_stm32n657xx_fsbl.o(RESET)
 <LI><a href="#[72]">I3C2_ER_IRQHandler</a> from startup_stm32n657xx_fsbl.o(.text.Default_Handler) referenced from startup_stm32n657xx_fsbl.o(RESET)
 <LI><a href="#[71]">I3C2_EV_IRQHandler</a> from startup_stm32n657xx_fsbl.o(.text.Default_Handler) referenced from startup_stm32n657xx_fsbl.o(RESET)
 <LI><a href="#[16]">IAC_IRQHandler</a> from startup_stm32n657xx_fsbl.o(.text.Default_Handler) referenced from startup_stm32n657xx_fsbl.o(RESET)
 <LI><a href="#[46]">ICACHE_IRQHandler</a> from startup_stm32n657xx_fsbl.o(.text.Default_Handler) referenced from startup_stm32n657xx_fsbl.o(RESET)
 <LI><a href="#[19]">IWDG_IRQHandler</a> from startup_stm32n657xx_fsbl.o(.text.Default_Handler) referenced from startup_stm32n657xx_fsbl.o(RESET)
 <LI><a href="#[40]">JPEG_IRQHandler</a> from startup_stm32n657xx_fsbl.o(.text.Default_Handler) referenced from startup_stm32n657xx_fsbl.o(RESET)
 <LI><a href="#[e]">LOCKUP_IRQHandler</a> from startup_stm32n657xx_fsbl.o(.text.Default_Handler) referenced from startup_stm32n657xx_fsbl.o(RESET)
 <LI><a href="#[8b]">LPTIM1_IRQHandler</a> from startup_stm32n657xx_fsbl.o(.text.Default_Handler) referenced from startup_stm32n657xx_fsbl.o(RESET)
 <LI><a href="#[8c]">LPTIM2_IRQHandler</a> from startup_stm32n657xx_fsbl.o(.text.Default_Handler) referenced from startup_stm32n657xx_fsbl.o(RESET)
 <LI><a href="#[8d]">LPTIM3_IRQHandler</a> from startup_stm32n657xx_fsbl.o(.text.Default_Handler) referenced from startup_stm32n657xx_fsbl.o(RESET)
 <LI><a href="#[8e]">LPTIM4_IRQHandler</a> from startup_stm32n657xx_fsbl.o(.text.Default_Handler) referenced from startup_stm32n657xx_fsbl.o(RESET)
 <LI><a href="#[8f]">LPTIM5_IRQHandler</a> from startup_stm32n657xx_fsbl.o(.text.Default_Handler) referenced from startup_stm32n657xx_fsbl.o(RESET)
 <LI><a href="#[ac]">LPUART1_IRQHandler</a> from startup_stm32n657xx_fsbl.o(.text.Default_Handler) referenced from startup_stm32n657xx_fsbl.o(RESET)
 <LI><a href="#[3e]">LTDC_LO_ERR_IRQHandler</a> from startup_stm32n657xx_fsbl.o(.text.Default_Handler) referenced from startup_stm32n657xx_fsbl.o(RESET)
 <LI><a href="#[3d]">LTDC_LO_IRQHandler</a> from startup_stm32n657xx_fsbl.o(.text.Default_Handler) referenced from startup_stm32n657xx_fsbl.o(RESET)
 <LI><a href="#[c4]">LTDC_UP_ERR_IRQHandler</a> from startup_stm32n657xx_fsbl.o(.text.Default_Handler) referenced from startup_stm32n657xx_fsbl.o(RESET)
 <LI><a href="#[c3]">LTDC_UP_IRQHandler</a> from startup_stm32n657xx_fsbl.o(.text.Default_Handler) referenced from startup_stm32n657xx_fsbl.o(RESET)
 <LI><a href="#[30]">MCE1_IRQHandler</a> from startup_stm32n657xx_fsbl.o(.text.Default_Handler) referenced from startup_stm32n657xx_fsbl.o(RESET)
 <LI><a href="#[31]">MCE2_IRQHandler</a> from startup_stm32n657xx_fsbl.o(.text.Default_Handler) referenced from startup_stm32n657xx_fsbl.o(RESET)
 <LI><a href="#[32]">MCE3_IRQHandler</a> from startup_stm32n657xx_fsbl.o(.text.Default_Handler) referenced from startup_stm32n657xx_fsbl.o(RESET)
 <LI><a href="#[33]">MCE4_IRQHandler</a> from startup_stm32n657xx_fsbl.o(.text.Default_Handler) referenced from startup_stm32n657xx_fsbl.o(RESET)
 <LI><a href="#[91]">MDF1_FLT0_IRQHandler</a> from startup_stm32n657xx_fsbl.o(.text.Default_Handler) referenced from startup_stm32n657xx_fsbl.o(RESET)
 <LI><a href="#[92]">MDF1_FLT1_IRQHandler</a> from startup_stm32n657xx_fsbl.o(.text.Default_Handler) referenced from startup_stm32n657xx_fsbl.o(RESET)
 <LI><a href="#[93]">MDF1_FLT2_IRQHandler</a> from startup_stm32n657xx_fsbl.o(.text.Default_Handler) referenced from startup_stm32n657xx_fsbl.o(RESET)
 <LI><a href="#[94]">MDF1_FLT3_IRQHandler</a> from startup_stm32n657xx_fsbl.o(.text.Default_Handler) referenced from startup_stm32n657xx_fsbl.o(RESET)
 <LI><a href="#[95]">MDF1_FLT4_IRQHandler</a> from startup_stm32n657xx_fsbl.o(.text.Default_Handler) referenced from startup_stm32n657xx_fsbl.o(RESET)
 <LI><a href="#[96]">MDF1_FLT5_IRQHandler</a> from startup_stm32n657xx_fsbl.o(.text.Default_Handler) referenced from startup_stm32n657xx_fsbl.o(RESET)
 <LI><a href="#[be]">MDIOS_IRQHandler</a> from startup_stm32n657xx_fsbl.o(.text.Default_Handler) referenced from startup_stm32n657xx_fsbl.o(RESET)
 <LI><a href="#[3]">MemManage_Handler</a> from startup_stm32n657xx_fsbl.o(.text.Default_Handler) referenced from startup_stm32n657xx_fsbl.o(RESET)
 <LI><a href="#[1]">NMI_Handler</a> from startup_stm32n657xx_fsbl.o(.text.Default_Handler) referenced from startup_stm32n657xx_fsbl.o(RESET)
 <LI><a href="#[38]">NPU0_IRQHandler</a> from startup_stm32n657xx_fsbl.o(.text.Default_Handler) referenced from startup_stm32n657xx_fsbl.o(RESET)
 <LI><a href="#[39]">NPU1_IRQHandler</a> from startup_stm32n657xx_fsbl.o(.text.Default_Handler) referenced from startup_stm32n657xx_fsbl.o(RESET)
 <LI><a href="#[3a]">NPU2_IRQHandler</a> from startup_stm32n657xx_fsbl.o(.text.Default_Handler) referenced from startup_stm32n657xx_fsbl.o(RESET)
 <LI><a href="#[3b]">NPU3_IRQHandler</a> from startup_stm32n657xx_fsbl.o(.text.Default_Handler) referenced from startup_stm32n657xx_fsbl.o(RESET)
 <LI><a href="#[37]">PAHB_ERR_IRQHandler</a> from startup_stm32n657xx_fsbl.o(.text.Default_Handler) referenced from startup_stm32n657xx_fsbl.o(RESET)
 <LI><a href="#[2d]">PKA_IRQHandler</a> from startup_stm32n657xx_fsbl.o(.text.Default_Handler) referenced from startup_stm32n657xx_fsbl.o(RESET)
 <LI><a href="#[b]">PVD_PVM_IRQHandler</a> from startup_stm32n657xx_fsbl.o(.text.Default_Handler) referenced from startup_stm32n657xx_fsbl.o(RESET)
 <LI><a href="#[9]">PendSV_Handler</a> from context_gcc.o(.text) referenced from startup_stm32n657xx_fsbl.o(RESET)
 <LI><a href="#[d]">RCC_IRQHandler</a> from startup_stm32n657xx_fsbl.o(.text.Default_Handler) referenced from startup_stm32n657xx_fsbl.o(RESET)
 <LI><a href="#[17]">RCC_S_IRQHandler</a> from startup_stm32n657xx_fsbl.o(.text.Default_Handler) referenced from startup_stm32n657xx_fsbl.o(RESET)
 <LI><a href="#[15]">RIFSC_TAMPER_IRQHandler</a> from startup_stm32n657xx_fsbl.o(.text.Default_Handler) referenced from startup_stm32n657xx_fsbl.o(RESET)
 <LI><a href="#[2f]">RNG_IRQHandler</a> from startup_stm32n657xx_fsbl.o(.text.Default_Handler) referenced from startup_stm32n657xx_fsbl.o(RESET)
 <LI><a href="#[18]">RTC_IRQHandler</a> from startup_stm32n657xx_fsbl.o(.text.Default_Handler) referenced from startup_stm32n657xx_fsbl.o(RESET)
 <LI><a href="#[13]">RTC_S_IRQHandler</a> from startup_stm32n657xx_fsbl.o(.text.Default_Handler) referenced from startup_stm32n657xx_fsbl.o(RESET)
 <LI><a href="#[0]">Reset_Handler</a> from startup_stm32n657xx_fsbl.o(.text.Reset_Handler) referenced from startup_stm32n657xx_fsbl.o(RESET)
 <LI><a href="#[2b]">SAES_IRQHandler</a> from startup_stm32n657xx_fsbl.o(.text.Default_Handler) referenced from startup_stm32n657xx_fsbl.o(RESET)
 <LI><a href="#[97]">SAI1_A_IRQHandler</a> from startup_stm32n657xx_fsbl.o(.text.Default_Handler) referenced from startup_stm32n657xx_fsbl.o(RESET)
 <LI><a href="#[98]">SAI1_B_IRQHandler</a> from startup_stm32n657xx_fsbl.o(.text.Default_Handler) referenced from startup_stm32n657xx_fsbl.o(RESET)
 <LI><a href="#[99]">SAI2_A_IRQHandler</a> from startup_stm32n657xx_fsbl.o(.text.Default_Handler) referenced from startup_stm32n657xx_fsbl.o(RESET)
 <LI><a href="#[9a]">SAI2_B_IRQHandler</a> from startup_stm32n657xx_fsbl.o(.text.Default_Handler) referenced from startup_stm32n657xx_fsbl.o(RESET)
 <LI><a href="#[b1]">SDMMC1_IRQHandler</a> from startup_stm32n657xx_fsbl.o(.text.Default_Handler) referenced from startup_stm32n657xx_fsbl.o(RESET)
 <LI><a href="#[b2]">SDMMC2_IRQHandler</a> from startup_stm32n657xx_fsbl.o(.text.Default_Handler) referenced from startup_stm32n657xx_fsbl.o(RESET)
 <LI><a href="#[9b]">SPDIFRX1_IRQHandler</a> from startup_stm32n657xx_fsbl.o(.text.Default_Handler) referenced from startup_stm32n657xx_fsbl.o(RESET)
 <LI><a href="#[9c]">SPI1_IRQHandler</a> from startup_stm32n657xx_fsbl.o(.text.Default_Handler) referenced from startup_stm32n657xx_fsbl.o(RESET)
 <LI><a href="#[9d]">SPI2_IRQHandler</a> from startup_stm32n657xx_fsbl.o(.text.Default_Handler) referenced from startup_stm32n657xx_fsbl.o(RESET)
 <LI><a href="#[9e]">SPI3_IRQHandler</a> from startup_stm32n657xx_fsbl.o(.text.Default_Handler) referenced from startup_stm32n657xx_fsbl.o(RESET)
 <LI><a href="#[9f]">SPI4_IRQHandler</a> from startup_stm32n657xx_fsbl.o(.text.Default_Handler) referenced from startup_stm32n657xx_fsbl.o(RESET)
 <LI><a href="#[a0]">SPI5_IRQHandler</a> from startup_stm32n657xx_fsbl.o(.text.Default_Handler) referenced from startup_stm32n657xx_fsbl.o(RESET)
 <LI><a href="#[a1]">SPI6_IRQHandler</a> from startup_stm32n657xx_fsbl.o(.text.Default_Handler) referenced from startup_stm32n657xx_fsbl.o(RESET)
 <LI><a href="#[7]">SVC_Handler</a> from startup_stm32n657xx_fsbl.o(.text.Default_Handler) referenced from startup_stm32n657xx_fsbl.o(RESET)
 <LI><a href="#[6]">SecureFault_Handler</a> from startup_stm32n657xx_fsbl.o(.text.Default_Handler) referenced from startup_stm32n657xx_fsbl.o(RESET)
 <LI><a href="#[a]">SysTick_Handler</a> from drv_common.o(.text.SysTick_Handler) referenced from startup_stm32n657xx_fsbl.o(RESET)
 <LI><a href="#[14]">TAMP_IRQHandler</a> from startup_stm32n657xx_fsbl.o(.text.Default_Handler) referenced from startup_stm32n657xx_fsbl.o(RESET)
 <LI><a href="#[10]">TCM_ECC_IRQHandler</a> from startup_stm32n657xx_fsbl.o(.text.Default_Handler) referenced from startup_stm32n657xx_fsbl.o(RESET)
 <LI><a href="#[82]">TIM10_IRQHandler</a> from startup_stm32n657xx_fsbl.o(.text.Default_Handler) referenced from startup_stm32n657xx_fsbl.o(RESET)
 <LI><a href="#[83]">TIM11_IRQHandler</a> from startup_stm32n657xx_fsbl.o(.text.Default_Handler) referenced from startup_stm32n657xx_fsbl.o(RESET)
 <LI><a href="#[84]">TIM12_IRQHandler</a> from startup_stm32n657xx_fsbl.o(.text.Default_Handler) referenced from startup_stm32n657xx_fsbl.o(RESET)
 <LI><a href="#[85]">TIM13_IRQHandler</a> from startup_stm32n657xx_fsbl.o(.text.Default_Handler) referenced from startup_stm32n657xx_fsbl.o(RESET)
 <LI><a href="#[86]">TIM14_IRQHandler</a> from startup_stm32n657xx_fsbl.o(.text.Default_Handler) referenced from startup_stm32n657xx_fsbl.o(RESET)
 <LI><a href="#[87]">TIM15_IRQHandler</a> from startup_stm32n657xx_fsbl.o(.text.Default_Handler) referenced from startup_stm32n657xx_fsbl.o(RESET)
 <LI><a href="#[88]">TIM16_IRQHandler</a> from startup_stm32n657xx_fsbl.o(.text.Default_Handler) referenced from startup_stm32n657xx_fsbl.o(RESET)
 <LI><a href="#[89]">TIM17_IRQHandler</a> from startup_stm32n657xx_fsbl.o(.text.Default_Handler) referenced from startup_stm32n657xx_fsbl.o(RESET)
 <LI><a href="#[8a]">TIM18_IRQHandler</a> from startup_stm32n657xx_fsbl.o(.text.Default_Handler) referenced from startup_stm32n657xx_fsbl.o(RESET)
 <LI><a href="#[73]">TIM1_BRK_IRQHandler</a> from startup_stm32n657xx_fsbl.o(.text.Default_Handler) referenced from startup_stm32n657xx_fsbl.o(RESET)
 <LI><a href="#[76]">TIM1_CC_IRQHandler</a> from startup_stm32n657xx_fsbl.o(.text.Default_Handler) referenced from startup_stm32n657xx_fsbl.o(RESET)
 <LI><a href="#[75]">TIM1_TRG_COM_IRQHandler</a> from startup_stm32n657xx_fsbl.o(.text.Default_Handler) referenced from startup_stm32n657xx_fsbl.o(RESET)
 <LI><a href="#[74]">TIM1_UP_IRQHandler</a> from startup_stm32n657xx_fsbl.o(.text.Default_Handler) referenced from startup_stm32n657xx_fsbl.o(RESET)
 <LI><a href="#[77]">TIM2_IRQHandler</a> from startup_stm32n657xx_fsbl.o(.text.Default_Handler) referenced from startup_stm32n657xx_fsbl.o(RESET)
 <LI><a href="#[78]">TIM3_IRQHandler</a> from startup_stm32n657xx_fsbl.o(.text.Default_Handler) referenced from startup_stm32n657xx_fsbl.o(RESET)
 <LI><a href="#[79]">TIM4_IRQHandler</a> from startup_stm32n657xx_fsbl.o(.text.Default_Handler) referenced from startup_stm32n657xx_fsbl.o(RESET)
 <LI><a href="#[7a]">TIM5_IRQHandler</a> from startup_stm32n657xx_fsbl.o(.text.Default_Handler) referenced from startup_stm32n657xx_fsbl.o(RESET)
 <LI><a href="#[7b]">TIM6_IRQHandler</a> from startup_stm32n657xx_fsbl.o(.text.Default_Handler) referenced from startup_stm32n657xx_fsbl.o(RESET)
 <LI><a href="#[7c]">TIM7_IRQHandler</a> from startup_stm32n657xx_fsbl.o(.text.Default_Handler) referenced from startup_stm32n657xx_fsbl.o(RESET)
 <LI><a href="#[7d]">TIM8_BRK_IRQHandler</a> from startup_stm32n657xx_fsbl.o(.text.Default_Handler) referenced from startup_stm32n657xx_fsbl.o(RESET)
 <LI><a href="#[80]">TIM8_CC_IRQHandler</a> from startup_stm32n657xx_fsbl.o(.text.Default_Handler) referenced from startup_stm32n657xx_fsbl.o(RESET)
 <LI><a href="#[7f]">TIM8_TRG_COM_IRQHandler</a> from startup_stm32n657xx_fsbl.o(.text.Default_Handler) referenced from startup_stm32n657xx_fsbl.o(RESET)
 <LI><a href="#[7e]">TIM8_UP_IRQHandler</a> from startup_stm32n657xx_fsbl.o(.text.Default_Handler) referenced from startup_stm32n657xx_fsbl.o(RESET)
 <LI><a href="#[81]">TIM9_IRQHandler</a> from startup_stm32n657xx_fsbl.o(.text.Default_Handler) referenced from startup_stm32n657xx_fsbl.o(RESET)
 <LI><a href="#[a5]">UART4_IRQHandler</a> from startup_stm32n657xx_fsbl.o(.text.Default_Handler) referenced from startup_stm32n657xx_fsbl.o(RESET)
 <LI><a href="#[a6]">UART5_IRQHandler</a> from startup_stm32n657xx_fsbl.o(.text.Default_Handler) referenced from startup_stm32n657xx_fsbl.o(RESET)
 <LI><a href="#[a8]">UART7_IRQHandler</a> from startup_stm32n657xx_fsbl.o(.text.Default_Handler) referenced from startup_stm32n657xx_fsbl.o(RESET)
 <LI><a href="#[a9]">UART8_IRQHandler</a> from startup_stm32n657xx_fsbl.o(.text.Default_Handler) referenced from startup_stm32n657xx_fsbl.o(RESET)
 <LI><a href="#[aa]">UART9_IRQHandler</a> from startup_stm32n657xx_fsbl.o(.text.Default_Handler) referenced from startup_stm32n657xx_fsbl.o(RESET)
 <LI><a href="#[b3]">UCPD1_IRQHandler</a> from startup_stm32n657xx_fsbl.o(.text.Default_Handler) referenced from startup_stm32n657xx_fsbl.o(RESET)
 <LI><a href="#[ab]">USART10_IRQHandler</a> from startup_stm32n657xx_fsbl.o(.text.Default_Handler) referenced from startup_stm32n657xx_fsbl.o(RESET)
 <LI><a href="#[a2]">USART1_IRQHandler</a> from startup_stm32n657xx_fsbl.o(.text.Default_Handler) referenced from startup_stm32n657xx_fsbl.o(RESET)
 <LI><a href="#[a3]">USART2_IRQHandler</a> from startup_stm32n657xx_fsbl.o(.text.Default_Handler) referenced from startup_stm32n657xx_fsbl.o(RESET)
 <LI><a href="#[a4]">USART3_IRQHandler</a> from startup_stm32n657xx_fsbl.o(.text.Default_Handler) referenced from startup_stm32n657xx_fsbl.o(RESET)
 <LI><a href="#[a7]">USART6_IRQHandler</a> from startup_stm32n657xx_fsbl.o(.text.Default_Handler) referenced from startup_stm32n657xx_fsbl.o(RESET)
 <LI><a href="#[b4]">USB1_OTG_HS_IRQHandler</a> from startup_stm32n657xx_fsbl.o(.text.Default_Handler) referenced from startup_stm32n657xx_fsbl.o(RESET)
 <LI><a href="#[b5]">USB2_OTG_HS_IRQHandler</a> from startup_stm32n657xx_fsbl.o(.text.Default_Handler) referenced from startup_stm32n657xx_fsbl.o(RESET)
 <LI><a href="#[5]">UsageFault_Handler</a> from startup_stm32n657xx_fsbl.o(.text.Default_Handler) referenced from startup_stm32n657xx_fsbl.o(RESET)
 <LI><a href="#[41]">VENC_IRQHandler</a> from startup_stm32n657xx_fsbl.o(.text.Default_Handler) referenced from startup_stm32n657xx_fsbl.o(RESET)
 <LI><a href="#[c0]">WAKEUP_PIN_IRQHandler</a> from startup_stm32n657xx_fsbl.o(.text.Default_Handler) referenced from startup_stm32n657xx_fsbl.o(RESET)
 <LI><a href="#[1a]">WWDG_IRQHandler</a> from startup_stm32n657xx_fsbl.o(.text.Default_Handler) referenced from startup_stm32n657xx_fsbl.o(RESET)
 <LI><a href="#[ad]">XSPI1_IRQHandler</a> from startup_stm32n657xx_fsbl.o(.text.Default_Handler) referenced from startup_stm32n657xx_fsbl.o(RESET)
 <LI><a href="#[ae]">XSPI2_IRQHandler</a> from startup_stm32n657xx_fsbl.o(.text.Default_Handler) referenced from startup_stm32n657xx_fsbl.o(RESET)
 <LI><a href="#[af]">XSPI3_IRQHandler</a> from startup_stm32n657xx_fsbl.o(.text.Default_Handler) referenced from startup_stm32n657xx_fsbl.o(RESET)
 <LI><a href="#[c5]">_get_lc_ctype</a> from lc_ctype_c.o(locale$$code) referenced from rt_ctype_table.o(.text)
 <LI><a href="#[cb]">_match_name</a> from object.o(.text._match_name) referenced 2 times from object.o(.text.rt_object_find)
 <LI><a href="#[c6]">_thread_exit</a> from thread.o(.text._thread_exit) referenced 2 times from thread.o(.text._thread_init)
 <LI><a href="#[c7]">_thread_timeout</a> from thread.o(.text._thread_timeout) referenced 2 times from thread.o(.text._thread_init)
 <LI><a href="#[d4]">clear</a> from cmd.o(.text.clear) referenced from cmd.o(FSymTab)
 <LI><a href="#[da]">cmd_backtrace</a> from kservice.o(.text.cmd_backtrace) referenced from kservice.o(FSymTab)
 <LI><a href="#[d9]">cmd_free</a> from msh.o(.text.cmd_free) referenced from msh.o(FSymTab)
 <LI><a href="#[d6]">cmd_list</a> from cmd.o(.text.cmd_list) referenced from cmd.o(FSymTab)
 <LI><a href="#[d8]">cmd_ps</a> from msh.o(.text.cmd_ps) referenced from msh.o(FSymTab)
 <LI><a href="#[c8]">finsh_rx_ind</a> from shell.o(.text.finsh_rx_ind) referenced 2 times from shell.o(.text.finsh_set_device)
 <LI><a href="#[d1]">finsh_system_init</a> from shell.o(.text.finsh_system_init) referenced from shell.o(.rti_fn.6)
 <LI><a href="#[c9]">finsh_thread_entry</a> from shell.o(.text.finsh_thread_entry) referenced 2 times from shell.o(.text.finsh_system_init)
 <LI><a href="#[cc]">idle_thread_entry</a> from idle.o(.text.idle_thread_entry) referenced 2 times from idle.o(.text.rt_thread_idle_init)
 <LI><a href="#[ca]">main_thread_entry</a> from components.o(.text.main_thread_entry) referenced 2 times from components.o(.text.rt_application_init)
 <LI><a href="#[d7]">msh_help</a> from msh.o(.text.msh_help) referenced from msh.o(FSymTab)
 <LI><a href="#[d3]">reboot</a> from drv_common.o(.text.reboot) referenced from drv_common.o(FSymTab)
 <LI><a href="#[d0]">rti_board_end</a> from components.o(.text.rti_board_end) referenced from components.o(.rti_fn.1.end)
 <LI><a href="#[cf]">rti_board_start</a> from components.o(.text.rti_board_start) referenced from components.o(.rti_fn.0.end)
 <LI><a href="#[d2]">rti_end</a> from components.o(.text.rti_end) referenced from components.o(.rti_fn.6.end)
 <LI><a href="#[ce]">rti_start</a> from components.o(.text.rti_start) referenced from components.o(.rti_fn.0)
 <LI><a href="#[d5]">version</a> from cmd.o(.text.version) referenced from cmd.o(FSymTab)
</UL>
<P>
<H3>
Global Symbols
</H3>
<P><STRONG><a name="[dc]"></a>__main</STRONG> (Thumb, 8 bytes, Stack size 0 bytes, __main.o(!!!main))
<BR><BR>[Calls]<UL><LI><a href="#[df]">&gt;&gt;</a>&nbsp;&nbsp;&nbsp;__rt_entry
<LI><a href="#[de]">&gt;&gt;</a>&nbsp;&nbsp;&nbsp;__scatterload
</UL>
<BR>[Called By]<UL><LI><a href="#[0]">&gt;&gt;</a>&nbsp;&nbsp;&nbsp;Reset_Handler
</UL>

<P><STRONG><a name="[de]"></a>__scatterload</STRONG> (Thumb, 0 bytes, Stack size unknown bytes, __scatter.o(!!!scatter))
<BR><BR>[Called By]<UL><LI><a href="#[dc]">&gt;&gt;</a>&nbsp;&nbsp;&nbsp;__main
</UL>

<P><STRONG><a name="[e0]"></a>__scatterload_rt2</STRONG> (Thumb, 84 bytes, Stack size unknown bytes, __scatter.o(!!!scatter), UNUSED)
<BR><BR>[Calls]<UL><LI><a href="#[df]">&gt;&gt;</a>&nbsp;&nbsp;&nbsp;__rt_entry
</UL>

<P><STRONG><a name="[2ed]"></a>__scatterload_rt2_thumb_only</STRONG> (Thumb, 0 bytes, Stack size unknown bytes, __scatter.o(!!!scatter), UNUSED)

<P><STRONG><a name="[2ee]"></a>__scatterload_loop</STRONG> (Thumb, 0 bytes, Stack size unknown bytes, __scatter.o(!!!scatter), UNUSED)

<P><STRONG><a name="[2ef]"></a>__decompress</STRONG> (Thumb, 90 bytes, Stack size unknown bytes, __dczerorl2.o(!!dczerorl2), UNUSED)

<P><STRONG><a name="[2f0]"></a>__decompress1</STRONG> (Thumb, 0 bytes, Stack size unknown bytes, __dczerorl2.o(!!dczerorl2), UNUSED)

<P><STRONG><a name="[2f1]"></a>__scatterload_null</STRONG> (Thumb, 2 bytes, Stack size unknown bytes, __scatter.o(!!handler_null), UNUSED)

<P><STRONG><a name="[2f2]"></a>__scatterload_zeroinit</STRONG> (Thumb, 28 bytes, Stack size unknown bytes, __scatter_zi.o(!!handler_zi), UNUSED)

<P><STRONG><a name="[e7]"></a>__rt_lib_init</STRONG> (Thumb, 0 bytes, Stack size unknown bytes, libinit.o(.ARM.Collect$$libinit$$00000000))
<BR><BR>[Called By]<UL><LI><a href="#[e6]">&gt;&gt;</a>&nbsp;&nbsp;&nbsp;__rt_entry_li
</UL>

<P><STRONG><a name="[e1]"></a>__rt_lib_init_fp_1</STRONG> (Thumb, 0 bytes, Stack size unknown bytes, libinit2.o(.ARM.Collect$$libinit$$00000001))
<BR><BR>[Calls]<UL><LI><a href="#[e2]">&gt;&gt;</a>&nbsp;&nbsp;&nbsp;_fp_init
</UL>

<P><STRONG><a name="[2f3]"></a>__rt_lib_init_heap_1</STRONG> (Thumb, 0 bytes, Stack size unknown bytes, libinit2.o(.ARM.Collect$$libinit$$0000000C))

<P><STRONG><a name="[e3]"></a>__rt_lib_init_lc_common</STRONG> (Thumb, 0 bytes, Stack size unknown bytes, libinit2.o(.ARM.Collect$$libinit$$00000011))
<BR><BR>[Calls]<UL><LI><a href="#[e4]">&gt;&gt;</a>&nbsp;&nbsp;&nbsp;__rt_locale
</UL>

<P><STRONG><a name="[2f4]"></a>__rt_lib_init_preinit_1</STRONG> (Thumb, 0 bytes, Stack size unknown bytes, libinit2.o(.ARM.Collect$$libinit$$00000006))

<P><STRONG><a name="[2f5]"></a>__rt_lib_init_rand_1</STRONG> (Thumb, 0 bytes, Stack size unknown bytes, libinit2.o(.ARM.Collect$$libinit$$00000010))

<P><STRONG><a name="[2f6]"></a>__rt_lib_init_relocate_pie_1</STRONG> (Thumb, 0 bytes, Stack size unknown bytes, libinit2.o(.ARM.Collect$$libinit$$00000004))

<P><STRONG><a name="[2f7]"></a>__rt_lib_init_user_alloc_1</STRONG> (Thumb, 0 bytes, Stack size unknown bytes, libinit2.o(.ARM.Collect$$libinit$$0000000E))

<P><STRONG><a name="[2f8]"></a>__rt_lib_init_lc_collate_1</STRONG> (Thumb, 0 bytes, Stack size unknown bytes, libinit2.o(.ARM.Collect$$libinit$$00000013))

<P><STRONG><a name="[e5]"></a>__rt_lib_init_lc_ctype_2</STRONG> (Thumb, 0 bytes, Stack size unknown bytes, libinit2.o(.ARM.Collect$$libinit$$00000014))
<BR><BR>[Stack]<UL><LI>Max Depth = 16 + Unknown Stack Size
<LI>Call Chain = __rt_lib_init_lc_ctype_2 &rArr; _get_lc_ctype &rArr; strcmp
</UL>
<BR>[Calls]<UL><LI><a href="#[c5]">&gt;&gt;</a>&nbsp;&nbsp;&nbsp;_get_lc_ctype
</UL>

<P><STRONG><a name="[2f9]"></a>__rt_lib_init_alloca_1</STRONG> (Thumb, 0 bytes, Stack size unknown bytes, libinit2.o(.ARM.Collect$$libinit$$00000030))

<P><STRONG><a name="[2fa]"></a>__rt_lib_init_argv_1</STRONG> (Thumb, 0 bytes, Stack size unknown bytes, libinit2.o(.ARM.Collect$$libinit$$0000002E))

<P><STRONG><a name="[2fb]"></a>__rt_lib_init_atexit_1</STRONG> (Thumb, 0 bytes, Stack size unknown bytes, libinit2.o(.ARM.Collect$$libinit$$0000001D))

<P><STRONG><a name="[2fc]"></a>__rt_lib_init_clock_1</STRONG> (Thumb, 0 bytes, Stack size unknown bytes, libinit2.o(.ARM.Collect$$libinit$$00000023))

<P><STRONG><a name="[2fd]"></a>__rt_lib_init_cpp_1</STRONG> (Thumb, 0 bytes, Stack size unknown bytes, libinit2.o(.ARM.Collect$$libinit$$00000034))

<P><STRONG><a name="[2fe]"></a>__rt_lib_init_exceptions_1</STRONG> (Thumb, 0 bytes, Stack size unknown bytes, libinit2.o(.ARM.Collect$$libinit$$00000032))

<P><STRONG><a name="[2ff]"></a>__rt_lib_init_fp_trap_1</STRONG> (Thumb, 0 bytes, Stack size unknown bytes, libinit2.o(.ARM.Collect$$libinit$$00000021))

<P><STRONG><a name="[300]"></a>__rt_lib_init_getenv_1</STRONG> (Thumb, 0 bytes, Stack size unknown bytes, libinit2.o(.ARM.Collect$$libinit$$00000025))

<P><STRONG><a name="[301]"></a>__rt_lib_init_lc_ctype_1</STRONG> (Thumb, 0 bytes, Stack size unknown bytes, libinit2.o(.ARM.Collect$$libinit$$00000015))

<P><STRONG><a name="[302]"></a>__rt_lib_init_lc_monetary_1</STRONG> (Thumb, 0 bytes, Stack size unknown bytes, libinit2.o(.ARM.Collect$$libinit$$00000017))

<P><STRONG><a name="[303]"></a>__rt_lib_init_lc_numeric_1</STRONG> (Thumb, 0 bytes, Stack size unknown bytes, libinit2.o(.ARM.Collect$$libinit$$00000019))

<P><STRONG><a name="[304]"></a>__rt_lib_init_lc_time_1</STRONG> (Thumb, 0 bytes, Stack size unknown bytes, libinit2.o(.ARM.Collect$$libinit$$0000001B))

<P><STRONG><a name="[305]"></a>__rt_lib_init_return</STRONG> (Thumb, 0 bytes, Stack size unknown bytes, libinit2.o(.ARM.Collect$$libinit$$00000035))

<P><STRONG><a name="[306]"></a>__rt_lib_init_signal_1</STRONG> (Thumb, 0 bytes, Stack size unknown bytes, libinit2.o(.ARM.Collect$$libinit$$0000001F))

<P><STRONG><a name="[307]"></a>__rt_lib_init_stdio_1</STRONG> (Thumb, 0 bytes, Stack size unknown bytes, libinit2.o(.ARM.Collect$$libinit$$00000027))

<P><STRONG><a name="[ec]"></a>__rt_lib_shutdown</STRONG> (Thumb, 0 bytes, Stack size unknown bytes, libshutdown.o(.ARM.Collect$$libshutdown$$00000000))
<BR><BR>[Called By]<UL><LI><a href="#[eb]">&gt;&gt;</a>&nbsp;&nbsp;&nbsp;__rt_exit_ls
</UL>

<P><STRONG><a name="[308]"></a>__rt_lib_shutdown_cpp_1</STRONG> (Thumb, 0 bytes, Stack size unknown bytes, libshutdown2.o(.ARM.Collect$$libshutdown$$00000002))

<P><STRONG><a name="[309]"></a>__rt_lib_shutdown_fp_trap_1</STRONG> (Thumb, 0 bytes, Stack size unknown bytes, libshutdown2.o(.ARM.Collect$$libshutdown$$00000007))

<P><STRONG><a name="[30a]"></a>__rt_lib_shutdown_heap_1</STRONG> (Thumb, 0 bytes, Stack size unknown bytes, libshutdown2.o(.ARM.Collect$$libshutdown$$0000000F))

<P><STRONG><a name="[30b]"></a>__rt_lib_shutdown_return</STRONG> (Thumb, 0 bytes, Stack size unknown bytes, libshutdown2.o(.ARM.Collect$$libshutdown$$00000010))

<P><STRONG><a name="[30c]"></a>__rt_lib_shutdown_signal_1</STRONG> (Thumb, 0 bytes, Stack size unknown bytes, libshutdown2.o(.ARM.Collect$$libshutdown$$0000000A))

<P><STRONG><a name="[30d]"></a>__rt_lib_shutdown_stdio_1</STRONG> (Thumb, 0 bytes, Stack size unknown bytes, libshutdown2.o(.ARM.Collect$$libshutdown$$00000004))

<P><STRONG><a name="[30e]"></a>__rt_lib_shutdown_user_alloc_1</STRONG> (Thumb, 0 bytes, Stack size unknown bytes, libshutdown2.o(.ARM.Collect$$libshutdown$$0000000C))

<P><STRONG><a name="[df]"></a>__rt_entry</STRONG> (Thumb, 0 bytes, Stack size unknown bytes, __rtentry.o(.ARM.Collect$$rtentry$$00000000))
<BR><BR>[Called By]<UL><LI><a href="#[dc]">&gt;&gt;</a>&nbsp;&nbsp;&nbsp;__main
<LI><a href="#[e0]">&gt;&gt;</a>&nbsp;&nbsp;&nbsp;__scatterload_rt2
</UL>

<P><STRONG><a name="[30f]"></a>__rt_entry_presh_1</STRONG> (Thumb, 0 bytes, Stack size unknown bytes, __rtentry2.o(.ARM.Collect$$rtentry$$00000002))

<P><STRONG><a name="[310]"></a>__rt_entry_sh</STRONG> (Thumb, 0 bytes, Stack size unknown bytes, __rtentry7.o(.ARM.Collect$$rtentry$$00000007))

<P><STRONG><a name="[e6]"></a>__rt_entry_li</STRONG> (Thumb, 0 bytes, Stack size unknown bytes, __rtentry2.o(.ARM.Collect$$rtentry$$0000000A))
<BR><BR>[Calls]<UL><LI><a href="#[e7]">&gt;&gt;</a>&nbsp;&nbsp;&nbsp;__rt_lib_init
</UL>

<P><STRONG><a name="[311]"></a>__rt_entry_postsh_1</STRONG> (Thumb, 0 bytes, Stack size unknown bytes, __rtentry2.o(.ARM.Collect$$rtentry$$00000009))

<P><STRONG><a name="[e8]"></a>__rt_entry_main</STRONG> (Thumb, 0 bytes, Stack size unknown bytes, __rtentry2.o(.ARM.Collect$$rtentry$$0000000D))
<BR><BR>[Stack]<UL><LI>Max Depth = 740 + Unknown Stack Size
<LI>Call Chain = __rt_entry_main &rArr; main &rArr; rtthread_startup &rArr; rt_application_init &rArr; rt_thread_create &rArr; rt_object_allocate &rArr; rt_malloc &rArr; _heap_lock &rArr; rt_mutex_take &rArr; _rt_mutex_take &rArr; rt_thread_suspend_to_list &rArr; rt_sched_thread_timer_stop &rArr; rt_timer_stop &rArr; rt_spin_unlock_irqrestore &rArr; rt_exit_critical_safe &rArr; rt_exit_critical &rArr; rt_schedule &rArr; rt_scheduler_stack_check &rArr; rt_kprintf &rArr; rt_vsnprintf &rArr; print_number &rArr; divide
</UL>
<BR>[Calls]<UL><LI><a href="#[e9]">&gt;&gt;</a>&nbsp;&nbsp;&nbsp;main
<LI><a href="#[ea]">&gt;&gt;</a>&nbsp;&nbsp;&nbsp;exit
</UL>

<P><STRONG><a name="[312]"></a>__rt_entry_postli_1</STRONG> (Thumb, 0 bytes, Stack size unknown bytes, __rtentry2.o(.ARM.Collect$$rtentry$$0000000C))

<P><STRONG><a name="[f9]"></a>__rt_exit</STRONG> (Thumb, 0 bytes, Stack size unknown bytes, rtexit.o(.ARM.Collect$$rtexit$$00000000))
<BR><BR>[Called By]<UL><LI><a href="#[ea]">&gt;&gt;</a>&nbsp;&nbsp;&nbsp;exit
</UL>

<P><STRONG><a name="[eb]"></a>__rt_exit_ls</STRONG> (Thumb, 0 bytes, Stack size unknown bytes, rtexit2.o(.ARM.Collect$$rtexit$$00000003))
<BR><BR>[Calls]<UL><LI><a href="#[ec]">&gt;&gt;</a>&nbsp;&nbsp;&nbsp;__rt_lib_shutdown
</UL>

<P><STRONG><a name="[313]"></a>__rt_exit_prels_1</STRONG> (Thumb, 0 bytes, Stack size unknown bytes, rtexit2.o(.ARM.Collect$$rtexit$$00000002))

<P><STRONG><a name="[ed]"></a>__rt_exit_exit</STRONG> (Thumb, 0 bytes, Stack size unknown bytes, rtexit2.o(.ARM.Collect$$rtexit$$00000004))
<BR><BR>[Stack]<UL><LI>Max Depth = 636 + Unknown Stack Size
<LI>Call Chain = __rt_exit_exit &rArr; _sys_exit &rArr; __rt_libc_exit &rArr; rt_thread_control &rArr; rt_thread_delete &rArr; _thread_detach &rArr; _thread_detach_from_mutex &rArr; rt_mutex_release &rArr; rt_sched_thread_ready &rArr; rt_sched_thread_timer_stop &rArr; rt_timer_stop &rArr; rt_spin_unlock_irqrestore &rArr; rt_exit_critical_safe &rArr; rt_exit_critical &rArr; rt_schedule &rArr; rt_scheduler_stack_check &rArr; rt_kprintf &rArr; rt_vsnprintf &rArr; print_number &rArr; divide
</UL>
<BR>[Calls]<UL><LI><a href="#[ee]">&gt;&gt;</a>&nbsp;&nbsp;&nbsp;_sys_exit
</UL>

<P><STRONG><a name="[2ac]"></a>rt_hw_interrupt_disable</STRONG> (Thumb, 0 bytes, Stack size unknown bytes, context_gcc.o(.text))
<BR><BR>[Called By]<UL><LI><a href="#[2ab]">&gt;&gt;</a>&nbsp;&nbsp;&nbsp;rt_exit_critical
<LI><a href="#[230]">&gt;&gt;</a>&nbsp;&nbsp;&nbsp;rt_schedule
<LI><a href="#[23e]">&gt;&gt;</a>&nbsp;&nbsp;&nbsp;rt_spin_lock_irqsave
<LI><a href="#[225]">&gt;&gt;</a>&nbsp;&nbsp;&nbsp;rt_interrupt_get_nest
<LI><a href="#[232]">&gt;&gt;</a>&nbsp;&nbsp;&nbsp;rt_sched_remove_thread
<LI><a href="#[233]">&gt;&gt;</a>&nbsp;&nbsp;&nbsp;rt_sched_insert_thread
<LI><a href="#[22c]">&gt;&gt;</a>&nbsp;&nbsp;&nbsp;rt_sched_lock
<LI><a href="#[fa]">&gt;&gt;</a>&nbsp;&nbsp;&nbsp;rtthread_startup
</UL>

<P><STRONG><a name="[2ad]"></a>rt_hw_interrupt_enable</STRONG> (Thumb, 0 bytes, Stack size unknown bytes, context_gcc.o(.text))
<BR><BR>[Called By]<UL><LI><a href="#[2ab]">&gt;&gt;</a>&nbsp;&nbsp;&nbsp;rt_exit_critical
<LI><a href="#[230]">&gt;&gt;</a>&nbsp;&nbsp;&nbsp;rt_schedule
<LI><a href="#[240]">&gt;&gt;</a>&nbsp;&nbsp;&nbsp;rt_spin_unlock_irqrestore
<LI><a href="#[225]">&gt;&gt;</a>&nbsp;&nbsp;&nbsp;rt_interrupt_get_nest
<LI><a href="#[232]">&gt;&gt;</a>&nbsp;&nbsp;&nbsp;rt_sched_remove_thread
<LI><a href="#[233]">&gt;&gt;</a>&nbsp;&nbsp;&nbsp;rt_sched_insert_thread
<LI><a href="#[24c]">&gt;&gt;</a>&nbsp;&nbsp;&nbsp;rt_sched_unlock_n_resched
<LI><a href="#[22d]">&gt;&gt;</a>&nbsp;&nbsp;&nbsp;rt_sched_unlock
</UL>

<P><STRONG><a name="[2cb]"></a>rt_hw_context_switch</STRONG> (Thumb, 0 bytes, Stack size unknown bytes, context_gcc.o(.text))
<BR><BR>[Called By]<UL><LI><a href="#[230]">&gt;&gt;</a>&nbsp;&nbsp;&nbsp;rt_schedule
</UL>

<P><STRONG><a name="[2cc]"></a>rt_hw_context_switch_interrupt</STRONG> (Thumb, 0 bytes, Stack size unknown bytes, context_gcc.o(.text))
<BR><BR>[Called By]<UL><LI><a href="#[230]">&gt;&gt;</a>&nbsp;&nbsp;&nbsp;rt_schedule
</UL>

<P><STRONG><a name="[9]"></a>PendSV_Handler</STRONG> (Thumb, 0 bytes, Stack size unknown bytes, context_gcc.o(.text))
<BR>[Address Reference Count : 1]<UL><LI> startup_stm32n657xx_fsbl.o(RESET)
</UL>
<P><STRONG><a name="[2d5]"></a>rt_hw_context_switch_to</STRONG> (Thumb, 0 bytes, Stack size unknown bytes, context_gcc.o(.text))
<BR><BR>[Called By]<UL><LI><a href="#[2d4]">&gt;&gt;</a>&nbsp;&nbsp;&nbsp;rt_system_scheduler_start
</UL>

<P><STRONG><a name="[314]"></a>rt_hw_interrupt_thread_switch</STRONG> (Thumb, 0 bytes, Stack size unknown bytes, context_gcc.o(.text), UNUSED)

<P><STRONG><a name="[2]"></a>HardFault_Handler</STRONG> (Thumb, 0 bytes, Stack size unknown bytes, context_gcc.o(.text))
<BR><BR>[Stack]<UL><LI>Max Depth = 596 + Unknown Stack Size
<LI>Call Chain = HardFault_Handler &rArr; rt_hw_hard_fault_exception &rArr; list_thread &rArr; list_get_next &rArr; rt_spin_unlock_irqrestore &rArr; rt_exit_critical_safe &rArr; rt_exit_critical &rArr; rt_schedule &rArr; rt_scheduler_stack_check &rArr; rt_kprintf &rArr; rt_vsnprintf &rArr; print_number &rArr; divide
</UL>
<BR>[Calls]<UL><LI><a href="#[ef]">&gt;&gt;</a>&nbsp;&nbsp;&nbsp;rt_hw_hard_fault_exception
</UL>
<BR>[Address Reference Count : 1]<UL><LI> startup_stm32n657xx_fsbl.o(RESET)
</UL>
<P><STRONG><a name="[315]"></a>__use_no_semihosting</STRONG> (Thumb, 2 bytes, Stack size 0 bytes, use_no_semi_2.o(.text), UNUSED)

<P><STRONG><a name="[f0]"></a>__rt_ctype_table</STRONG> (Thumb, 16 bytes, Stack size 8 bytes, rt_ctype_table.o(.text))
<BR><BR>[Stack]<UL><LI>Max Depth = 8<LI>Call Chain = __rt_ctype_table
</UL>
<BR>[Calls]<UL><LI><a href="#[e4]">&gt;&gt;</a>&nbsp;&nbsp;&nbsp;__rt_locale
</UL>
<BR>[Called By]<UL><LI><a href="#[f1]">&gt;&gt;</a>&nbsp;&nbsp;&nbsp;strtoul
</UL>

<P><STRONG><a name="[204]"></a>__aeabi_uldivmod</STRONG> (Thumb, 0 bytes, Stack size 48 bytes, lludivv7m.o(.text))
<BR><BR>[Stack]<UL><LI>Max Depth = 48<LI>Call Chain = __aeabi_uldivmod
</UL>
<BR>[Called By]<UL><LI><a href="#[18f]">&gt;&gt;</a>&nbsp;&nbsp;&nbsp;UART_SetConfig
</UL>

<P><STRONG><a name="[316]"></a>_ll_udiv</STRONG> (Thumb, 240 bytes, Stack size 48 bytes, lludivv7m.o(.text), UNUSED)

<P><STRONG><a name="[f1]"></a>strtoul</STRONG> (Thumb, 114 bytes, Stack size 40 bytes, strtoul.o(.text))
<BR><BR>[Stack]<UL><LI>Max Depth = 80<LI>Call Chain = strtoul &rArr; _strtoul
</UL>
<BR>[Calls]<UL><LI><a href="#[f3]">&gt;&gt;</a>&nbsp;&nbsp;&nbsp;_strtoul
<LI><a href="#[f2]">&gt;&gt;</a>&nbsp;&nbsp;&nbsp;__aeabi_errno_addr
<LI><a href="#[f0]">&gt;&gt;</a>&nbsp;&nbsp;&nbsp;__rt_ctype_table
</UL>
<BR>[Called By]<UL><LI><a href="#[da]">&gt;&gt;</a>&nbsp;&nbsp;&nbsp;cmd_backtrace
</UL>

<P><STRONG><a name="[293]"></a>strchr</STRONG> (Thumb, 20 bytes, Stack size 0 bytes, strchr.o(.text))
<BR><BR>[Called By]<UL><LI><a href="#[292]">&gt;&gt;</a>&nbsp;&nbsp;&nbsp;msh_get_cmd_opt
</UL>

<P><STRONG><a name="[2ec]"></a>memcmp</STRONG> (Thumb, 88 bytes, Stack size 8 bytes, memcmp.o(.text))
<BR><BR>[Stack]<UL><LI>Max Depth = 8<LI>Call Chain = memcmp
</UL>
<BR>[Called By]<UL><LI><a href="#[27d]">&gt;&gt;</a>&nbsp;&nbsp;&nbsp;shell_push_history
</UL>

<P><STRONG><a name="[268]"></a>strcpy</STRONG> (Thumb, 72 bytes, Stack size 12 bytes, strcpy.o(.text))
<BR><BR>[Stack]<UL><LI>Max Depth = 12<LI>Call Chain = strcpy
</UL>
<BR>[Called By]<UL><LI><a href="#[267]">&gt;&gt;</a>&nbsp;&nbsp;&nbsp;finsh_get_prompt
</UL>

<P><STRONG><a name="[279]"></a>strlen</STRONG> (Thumb, 62 bytes, Stack size 8 bytes, strlen.o(.text))
<BR><BR>[Stack]<UL><LI>Max Depth = 8<LI>Call Chain = strlen
</UL>
<BR>[Called By]<UL><LI><a href="#[297]">&gt;&gt;</a>&nbsp;&nbsp;&nbsp;msh_opt_complete
<LI><a href="#[292]">&gt;&gt;</a>&nbsp;&nbsp;&nbsp;msh_get_cmd_opt
<LI><a href="#[294]">&gt;&gt;</a>&nbsp;&nbsp;&nbsp;msh_opt_auto_complete
<LI><a href="#[28e]">&gt;&gt;</a>&nbsp;&nbsp;&nbsp;msh_auto_complete
<LI><a href="#[c9]">&gt;&gt;</a>&nbsp;&nbsp;&nbsp;finsh_thread_entry
</UL>

<P><STRONG><a name="[28f]"></a>strncmp</STRONG> (Thumb, 150 bytes, Stack size 16 bytes, strncmp.o(.text))
<BR><BR>[Stack]<UL><LI>Max Depth = 16<LI>Call Chain = strncmp
</UL>
<BR>[Called By]<UL><LI><a href="#[297]">&gt;&gt;</a>&nbsp;&nbsp;&nbsp;msh_opt_complete
<LI><a href="#[292]">&gt;&gt;</a>&nbsp;&nbsp;&nbsp;msh_get_cmd_opt
<LI><a href="#[21e]">&gt;&gt;</a>&nbsp;&nbsp;&nbsp;msh_get_cmd
<LI><a href="#[28e]">&gt;&gt;</a>&nbsp;&nbsp;&nbsp;msh_auto_complete
</UL>

<P><STRONG><a name="[200]"></a>__aeabi_memclr4</STRONG> (Thumb, 0 bytes, Stack size unknown bytes, rt_memclr_w.o(.text))
<BR><BR>[Called By]<UL><LI><a href="#[1ff]">&gt;&gt;</a>&nbsp;&nbsp;&nbsp;SystemClock_Config
</UL>

<P><STRONG><a name="[317]"></a>__aeabi_memclr8</STRONG> (Thumb, 0 bytes, Stack size unknown bytes, rt_memclr_w.o(.text), UNUSED)

<P><STRONG><a name="[318]"></a>__rt_memclr_w</STRONG> (Thumb, 0 bytes, Stack size unknown bytes, rt_memclr_w.o(.text), UNUSED)

<P><STRONG><a name="[f8]"></a>_memset_w</STRONG> (Thumb, 74 bytes, Stack size 4 bytes, rt_memclr_w.o(.text), UNUSED)
<BR><BR>[Called By]<UL><LI><a href="#[f7]">&gt;&gt;</a>&nbsp;&nbsp;&nbsp;_memset
</UL>

<P><STRONG><a name="[f4]"></a>strncpy</STRONG> (Thumb, 86 bytes, Stack size 8 bytes, strncpy.o(.text))
<BR><BR>[Stack]<UL><LI>Max Depth = 8 + Unknown Stack Size
<LI>Call Chain = strncpy
</UL>
<BR>[Calls]<UL><LI><a href="#[f5]">&gt;&gt;</a>&nbsp;&nbsp;&nbsp;__aeabi_memclr
</UL>
<BR>[Called By]<UL><LI><a href="#[297]">&gt;&gt;</a>&nbsp;&nbsp;&nbsp;msh_opt_complete
<LI><a href="#[267]">&gt;&gt;</a>&nbsp;&nbsp;&nbsp;finsh_get_prompt
</UL>

<P><STRONG><a name="[291]"></a>strcmp</STRONG> (Thumb, 124 bytes, Stack size 8 bytes, strcmpv8m_maindsp.o(.text))
<BR><BR>[Stack]<UL><LI>Max Depth = 8<LI>Call Chain = strcmp
</UL>
<BR>[Called By]<UL><LI><a href="#[25c]">&gt;&gt;</a>&nbsp;&nbsp;&nbsp;msh_cmd_opt_id_get
<LI><a href="#[c5]">&gt;&gt;</a>&nbsp;&nbsp;&nbsp;_get_lc_ctype
</UL>

<P><STRONG><a name="[319]"></a>__I$use$semihosting</STRONG> (Thumb, 0 bytes, Stack size 0 bytes, use_no_semi.o(.text), UNUSED)

<P><STRONG><a name="[31a]"></a>__use_no_semihosting_swi</STRONG> (Thumb, 2 bytes, Stack size 0 bytes, use_no_semi.o(.text), UNUSED)

<P><STRONG><a name="[e4]"></a>__rt_locale</STRONG> (Thumb, 8 bytes, Stack size 0 bytes, rt_locale_intlibspace.o(.text))
<BR><BR>[Called By]<UL><LI><a href="#[e3]">&gt;&gt;</a>&nbsp;&nbsp;&nbsp;__rt_lib_init_lc_common
<LI><a href="#[f0]">&gt;&gt;</a>&nbsp;&nbsp;&nbsp;__rt_ctype_table
</UL>

<P><STRONG><a name="[f2]"></a>__aeabi_errno_addr</STRONG> (Thumb, 8 bytes, Stack size 0 bytes, rt_errno_addr_intlibspace.o(.text))
<BR><BR>[Called By]<UL><LI><a href="#[f3]">&gt;&gt;</a>&nbsp;&nbsp;&nbsp;_strtoul
<LI><a href="#[f1]">&gt;&gt;</a>&nbsp;&nbsp;&nbsp;strtoul
</UL>

<P><STRONG><a name="[31b]"></a>__errno$intlibspace</STRONG> (Thumb, 0 bytes, Stack size 0 bytes, rt_errno_addr_intlibspace.o(.text), UNUSED)

<P><STRONG><a name="[31c]"></a>__rt_errno_addr$intlibspace</STRONG> (Thumb, 0 bytes, Stack size 0 bytes, rt_errno_addr_intlibspace.o(.text), UNUSED)

<P><STRONG><a name="[f3]"></a>_strtoul</STRONG> (Thumb, 158 bytes, Stack size 40 bytes, _strtoul.o(.text))
<BR><BR>[Stack]<UL><LI>Max Depth = 40<LI>Call Chain = _strtoul
</UL>
<BR>[Calls]<UL><LI><a href="#[f6]">&gt;&gt;</a>&nbsp;&nbsp;&nbsp;_chval
<LI><a href="#[f2]">&gt;&gt;</a>&nbsp;&nbsp;&nbsp;__aeabi_errno_addr
</UL>
<BR>[Called By]<UL><LI><a href="#[f1]">&gt;&gt;</a>&nbsp;&nbsp;&nbsp;strtoul
</UL>

<P><STRONG><a name="[f5]"></a>__aeabi_memclr</STRONG> (Thumb, 0 bytes, Stack size unknown bytes, rt_memclr.o(.text))
<BR><BR>[Called By]<UL><LI><a href="#[f4]">&gt;&gt;</a>&nbsp;&nbsp;&nbsp;strncpy
</UL>

<P><STRONG><a name="[31d]"></a>__rt_memclr</STRONG> (Thumb, 0 bytes, Stack size unknown bytes, rt_memclr.o(.text), UNUSED)

<P><STRONG><a name="[f7]"></a>_memset</STRONG> (Thumb, 64 bytes, Stack size 0 bytes, rt_memclr.o(.text), UNUSED)
<BR><BR>[Calls]<UL><LI><a href="#[f8]">&gt;&gt;</a>&nbsp;&nbsp;&nbsp;_memset_w
</UL>

<P><STRONG><a name="[f6]"></a>_chval</STRONG> (Thumb, 28 bytes, Stack size 0 bytes, _chval.o(.text))
<BR><BR>[Called By]<UL><LI><a href="#[f3]">&gt;&gt;</a>&nbsp;&nbsp;&nbsp;_strtoul
</UL>

<P><STRONG><a name="[ea]"></a>exit</STRONG> (Thumb, 18 bytes, Stack size 8 bytes, exit.o(.text))
<BR><BR>[Stack]<UL><LI>Max Depth = 8 + Unknown Stack Size
<LI>Call Chain = exit
</UL>
<BR>[Calls]<UL><LI><a href="#[f9]">&gt;&gt;</a>&nbsp;&nbsp;&nbsp;__rt_exit
</UL>
<BR>[Called By]<UL><LI><a href="#[e8]">&gt;&gt;</a>&nbsp;&nbsp;&nbsp;__rt_entry_main
</UL>

<P><STRONG><a name="[e9]"></a>main</STRONG> (Thumb, 10 bytes, Stack size 8 bytes, components.o(.text.$Sub$$main))
<BR><BR>[Stack]<UL><LI>Max Depth = 740 + Unknown Stack Size
<LI>Call Chain = main &rArr; rtthread_startup &rArr; rt_application_init &rArr; rt_thread_create &rArr; rt_object_allocate &rArr; rt_malloc &rArr; _heap_lock &rArr; rt_mutex_take &rArr; _rt_mutex_take &rArr; rt_thread_suspend_to_list &rArr; rt_sched_thread_timer_stop &rArr; rt_timer_stop &rArr; rt_spin_unlock_irqrestore &rArr; rt_exit_critical_safe &rArr; rt_exit_critical &rArr; rt_schedule &rArr; rt_scheduler_stack_check &rArr; rt_kprintf &rArr; rt_vsnprintf &rArr; print_number &rArr; divide
</UL>
<BR>[Calls]<UL><LI><a href="#[fa]">&gt;&gt;</a>&nbsp;&nbsp;&nbsp;rtthread_startup
</UL>
<BR>[Called By]<UL><LI><a href="#[e8]">&gt;&gt;</a>&nbsp;&nbsp;&nbsp;__rt_entry_main
</UL>

<P><STRONG><a name="[fb]"></a>BSP_COM_Init</STRONG> (Thumb, 136 bytes, Stack size 24 bytes, stm32n6xx_nucleo.o(.text.BSP_COM_Init))
<BR><BR>[Stack]<UL><LI>Max Depth = 328<LI>Call Chain = BSP_COM_Init &rArr; MX_USART1_Init &rArr; HAL_UART_Init &rArr; UART_SetConfig &rArr; HAL_RCCEx_GetPeriphCLKFreq &rArr; RCCEx_GetSAICLKFreq &rArr; RCCEx_GetSPDIFRXCLKFreq &rArr; RCCEx_GetCLKPCLKFreq &rArr; HAL_RCCEx_GetPLL4CLKFreq &rArr; RCCEx_GetPLLSourceFreq
</UL>
<BR>[Calls]<UL><LI><a href="#[fd]">&gt;&gt;</a>&nbsp;&nbsp;&nbsp;MX_USART1_Init
<LI><a href="#[fc]">&gt;&gt;</a>&nbsp;&nbsp;&nbsp;UART_MspInit
</UL>
<BR>[Called By]<UL><LI><a href="#[28b]">&gt;&gt;</a>&nbsp;&nbsp;&nbsp;$Super$$main
</UL>

<P><STRONG><a name="[fe]"></a>BSP_LED_Init</STRONG> (Thumb, 122 bytes, Stack size 40 bytes, stm32n6xx_nucleo.o(.text.BSP_LED_Init))
<BR><BR>[Stack]<UL><LI>Max Depth = 104<LI>Call Chain = BSP_LED_Init &rArr; HAL_GPIO_Init
</UL>
<BR>[Calls]<UL><LI><a href="#[100]">&gt;&gt;</a>&nbsp;&nbsp;&nbsp;HAL_GPIO_Init
<LI><a href="#[101]">&gt;&gt;</a>&nbsp;&nbsp;&nbsp;BSP_LED_Off
<LI><a href="#[ff]">&gt;&gt;</a>&nbsp;&nbsp;&nbsp;LL_AHB4_GRP1_EnableClock
</UL>
<BR>[Called By]<UL><LI><a href="#[28b]">&gt;&gt;</a>&nbsp;&nbsp;&nbsp;$Super$$main
</UL>

<P><STRONG><a name="[101]"></a>BSP_LED_Off</STRONG> (Thumb, 48 bytes, Stack size 16 bytes, stm32n6xx_nucleo.o(.text.BSP_LED_Off))
<BR><BR>[Stack]<UL><LI>Max Depth = 24<LI>Call Chain = BSP_LED_Off &rArr; HAL_GPIO_WritePin
</UL>
<BR>[Calls]<UL><LI><a href="#[102]">&gt;&gt;</a>&nbsp;&nbsp;&nbsp;HAL_GPIO_WritePin
</UL>
<BR>[Called By]<UL><LI><a href="#[fe]">&gt;&gt;</a>&nbsp;&nbsp;&nbsp;BSP_LED_Init
</UL>

<P><STRONG><a name="[103]"></a>BSP_LED_Toggle</STRONG> (Thumb, 46 bytes, Stack size 16 bytes, stm32n6xx_nucleo.o(.text.BSP_LED_Toggle))
<BR><BR>[Stack]<UL><LI>Max Depth = 28<LI>Call Chain = BSP_LED_Toggle &rArr; HAL_GPIO_TogglePin
</UL>
<BR>[Calls]<UL><LI><a href="#[104]">&gt;&gt;</a>&nbsp;&nbsp;&nbsp;HAL_GPIO_TogglePin
</UL>
<BR>[Called By]<UL><LI><a href="#[28b]">&gt;&gt;</a>&nbsp;&nbsp;&nbsp;$Super$$main
</UL>

<P><STRONG><a name="[10a]"></a>BSP_PB_Callback</STRONG> (Thumb, 10 bytes, Stack size 4 bytes, stm32n6xx_nucleo.o(.text.BSP_PB_Callback))
<BR><BR>[Stack]<UL><LI>Max Depth = 4<LI>Call Chain = BSP_PB_Callback
</UL>
<BR>[Called By]<UL><LI><a href="#[cd]">&gt;&gt;</a>&nbsp;&nbsp;&nbsp;BUTTON_USER_EXTI_Callback
</UL>

<P><STRONG><a name="[105]"></a>BSP_PB_Init</STRONG> (Thumb, 290 bytes, Stack size 56 bytes, stm32n6xx_nucleo.o(.text.BSP_PB_Init))
<BR><BR>[Stack]<UL><LI>Max Depth = 120<LI>Call Chain = BSP_PB_Init &rArr; HAL_NVIC_SetPriority &rArr; NVIC_EncodePriority
</UL>
<BR>[Calls]<UL><LI><a href="#[109]">&gt;&gt;</a>&nbsp;&nbsp;&nbsp;HAL_NVIC_EnableIRQ
<LI><a href="#[108]">&gt;&gt;</a>&nbsp;&nbsp;&nbsp;HAL_NVIC_SetPriority
<LI><a href="#[100]">&gt;&gt;</a>&nbsp;&nbsp;&nbsp;HAL_GPIO_Init
<LI><a href="#[107]">&gt;&gt;</a>&nbsp;&nbsp;&nbsp;HAL_EXTI_RegisterCallback
<LI><a href="#[106]">&gt;&gt;</a>&nbsp;&nbsp;&nbsp;HAL_EXTI_GetHandle
<LI><a href="#[ff]">&gt;&gt;</a>&nbsp;&nbsp;&nbsp;LL_AHB4_GRP1_EnableClock
</UL>
<BR>[Called By]<UL><LI><a href="#[28b]">&gt;&gt;</a>&nbsp;&nbsp;&nbsp;$Super$$main
</UL>

<P><STRONG><a name="[34]"></a>ADC1_2_IRQHandler</STRONG> (Thumb, 4 bytes, Stack size 0 bytes, startup_stm32n657xx_fsbl.o(.text.Default_Handler))
<BR>[Address Reference Count : 1]<UL><LI> startup_stm32n657xx_fsbl.o(RESET)
</UL>
<P><STRONG><a name="[90]"></a>ADF1_FLT0_IRQHandler</STRONG> (Thumb, 4 bytes, Stack size 0 bytes, startup_stm32n657xx_fsbl.o(.text.Default_Handler))
<BR>[Address Reference Count : 1]<UL><LI> startup_stm32n657xx_fsbl.o(RESET)
</UL>
<P><STRONG><a name="[11]"></a>BKP_ECC_IRQHandler</STRONG> (Thumb, 4 bytes, Stack size 0 bytes, startup_stm32n657xx_fsbl.o(.text.Default_Handler))
<BR>[Address Reference Count : 1]<UL><LI> startup_stm32n657xx_fsbl.o(RESET)
</UL>
<P><STRONG><a name="[4]"></a>BusFault_Handler</STRONG> (Thumb, 4 bytes, Stack size 0 bytes, startup_stm32n657xx_fsbl.o(.text.Default_Handler))
<BR>[Address Reference Count : 1]<UL><LI> startup_stm32n657xx_fsbl.o(RESET)
</UL>
<P><STRONG><a name="[3c]"></a>CACHEAXI_IRQHandler</STRONG> (Thumb, 4 bytes, Stack size 0 bytes, startup_stm32n657xx_fsbl.o(.text.Default_Handler))
<BR>[Address Reference Count : 1]<UL><LI> startup_stm32n657xx_fsbl.o(RESET)
</UL>
<P><STRONG><a name="[f]"></a>CACHE_ECC_IRQHandler</STRONG> (Thumb, 4 bytes, Stack size 0 bytes, startup_stm32n657xx_fsbl.o(.text.Default_Handler))
<BR>[Address Reference Count : 1]<UL><LI> startup_stm32n657xx_fsbl.o(RESET)
</UL>
<P><STRONG><a name="[2c]"></a>CRYP_IRQHandler</STRONG> (Thumb, 4 bytes, Stack size 0 bytes, startup_stm32n657xx_fsbl.o(.text.Default_Handler))
<BR>[Address Reference Count : 1]<UL><LI> startup_stm32n657xx_fsbl.o(RESET)
</UL>
<P><STRONG><a name="[35]"></a>CSI_IRQHandler</STRONG> (Thumb, 4 bytes, Stack size 0 bytes, startup_stm32n657xx_fsbl.o(.text.Default_Handler))
<BR>[Address Reference Count : 1]<UL><LI> startup_stm32n657xx_fsbl.o(RESET)
</UL>
<P><STRONG><a name="[c1]"></a>CTI_INT0_IRQHandler</STRONG> (Thumb, 4 bytes, Stack size 0 bytes, startup_stm32n657xx_fsbl.o(.text.Default_Handler))
<BR>[Address Reference Count : 1]<UL><LI> startup_stm32n657xx_fsbl.o(RESET)
</UL>
<P><STRONG><a name="[c2]"></a>CTI_INT1_IRQHandler</STRONG> (Thumb, 4 bytes, Stack size 0 bytes, startup_stm32n657xx_fsbl.o(.text.Default_Handler))
<BR>[Address Reference Count : 1]<UL><LI> startup_stm32n657xx_fsbl.o(RESET)
</UL>
<P><STRONG><a name="[36]"></a>DCMIPP_IRQHandler</STRONG> (Thumb, 4 bytes, Stack size 0 bytes, startup_stm32n657xx_fsbl.o(.text.Default_Handler))
<BR>[Address Reference Count : 1]<UL><LI> startup_stm32n657xx_fsbl.o(RESET)
</UL>
<P><STRONG><a name="[bf]"></a>DCMI_PSSI_IRQHandler</STRONG> (Thumb, 4 bytes, Stack size 0 bytes, startup_stm32n657xx_fsbl.o(.text.Default_Handler))
<BR>[Address Reference Count : 1]<UL><LI> startup_stm32n657xx_fsbl.o(RESET)
</UL>
<P><STRONG><a name="[3f]"></a>DMA2D_IRQHandler</STRONG> (Thumb, 4 bytes, Stack size 0 bytes, startup_stm32n657xx_fsbl.o(.text.Default_Handler))
<BR>[Address Reference Count : 1]<UL><LI> startup_stm32n657xx_fsbl.o(RESET)
</UL>
<P><STRONG><a name="[c]"></a>DTS_IRQHandler</STRONG> (Thumb, 4 bytes, Stack size 0 bytes, startup_stm32n657xx_fsbl.o(.text.Default_Handler))
<BR>[Address Reference Count : 1]<UL><LI> startup_stm32n657xx_fsbl.o(RESET)
</UL>
<P><STRONG><a name="[8]"></a>DebugMon_Handler</STRONG> (Thumb, 4 bytes, Stack size 0 bytes, startup_stm32n657xx_fsbl.o(.text.Default_Handler))
<BR>[Address Reference Count : 1]<UL><LI> startup_stm32n657xx_fsbl.o(RESET)
</UL>
<P><STRONG><a name="[31e]"></a>Default_Handler</STRONG> (Thumb, 4 bytes, Stack size 0 bytes, startup_stm32n657xx_fsbl.o(.text.Default_Handler), UNUSED)

<P><STRONG><a name="[b6]"></a>ETH1_IRQHandler</STRONG> (Thumb, 4 bytes, Stack size 0 bytes, startup_stm32n657xx_fsbl.o(.text.Default_Handler))
<BR>[Address Reference Count : 1]<UL><LI> startup_stm32n657xx_fsbl.o(RESET)
</UL>
<P><STRONG><a name="[1b]"></a>EXTI0_IRQHandler</STRONG> (Thumb, 4 bytes, Stack size 0 bytes, startup_stm32n657xx_fsbl.o(.text.Default_Handler))
<BR>[Address Reference Count : 1]<UL><LI> startup_stm32n657xx_fsbl.o(RESET)
</UL>
<P><STRONG><a name="[25]"></a>EXTI10_IRQHandler</STRONG> (Thumb, 4 bytes, Stack size 0 bytes, startup_stm32n657xx_fsbl.o(.text.Default_Handler))
<BR>[Address Reference Count : 1]<UL><LI> startup_stm32n657xx_fsbl.o(RESET)
</UL>
<P><STRONG><a name="[26]"></a>EXTI11_IRQHandler</STRONG> (Thumb, 4 bytes, Stack size 0 bytes, startup_stm32n657xx_fsbl.o(.text.Default_Handler))
<BR>[Address Reference Count : 1]<UL><LI> startup_stm32n657xx_fsbl.o(RESET)
</UL>
<P><STRONG><a name="[27]"></a>EXTI12_IRQHandler</STRONG> (Thumb, 4 bytes, Stack size 0 bytes, startup_stm32n657xx_fsbl.o(.text.Default_Handler))
<BR>[Address Reference Count : 1]<UL><LI> startup_stm32n657xx_fsbl.o(RESET)
</UL>
<P><STRONG><a name="[28]"></a>EXTI13_IRQHandler</STRONG> (Thumb, 4 bytes, Stack size 0 bytes, startup_stm32n657xx_fsbl.o(.text.Default_Handler))
<BR>[Address Reference Count : 1]<UL><LI> startup_stm32n657xx_fsbl.o(RESET)
</UL>
<P><STRONG><a name="[29]"></a>EXTI14_IRQHandler</STRONG> (Thumb, 4 bytes, Stack size 0 bytes, startup_stm32n657xx_fsbl.o(.text.Default_Handler))
<BR>[Address Reference Count : 1]<UL><LI> startup_stm32n657xx_fsbl.o(RESET)
</UL>
<P><STRONG><a name="[2a]"></a>EXTI15_IRQHandler</STRONG> (Thumb, 4 bytes, Stack size 0 bytes, startup_stm32n657xx_fsbl.o(.text.Default_Handler))
<BR>[Address Reference Count : 1]<UL><LI> startup_stm32n657xx_fsbl.o(RESET)
</UL>
<P><STRONG><a name="[1c]"></a>EXTI1_IRQHandler</STRONG> (Thumb, 4 bytes, Stack size 0 bytes, startup_stm32n657xx_fsbl.o(.text.Default_Handler))
<BR>[Address Reference Count : 1]<UL><LI> startup_stm32n657xx_fsbl.o(RESET)
</UL>
<P><STRONG><a name="[1d]"></a>EXTI2_IRQHandler</STRONG> (Thumb, 4 bytes, Stack size 0 bytes, startup_stm32n657xx_fsbl.o(.text.Default_Handler))
<BR>[Address Reference Count : 1]<UL><LI> startup_stm32n657xx_fsbl.o(RESET)
</UL>
<P><STRONG><a name="[1e]"></a>EXTI3_IRQHandler</STRONG> (Thumb, 4 bytes, Stack size 0 bytes, startup_stm32n657xx_fsbl.o(.text.Default_Handler))
<BR>[Address Reference Count : 1]<UL><LI> startup_stm32n657xx_fsbl.o(RESET)
</UL>
<P><STRONG><a name="[1f]"></a>EXTI4_IRQHandler</STRONG> (Thumb, 4 bytes, Stack size 0 bytes, startup_stm32n657xx_fsbl.o(.text.Default_Handler))
<BR>[Address Reference Count : 1]<UL><LI> startup_stm32n657xx_fsbl.o(RESET)
</UL>
<P><STRONG><a name="[20]"></a>EXTI5_IRQHandler</STRONG> (Thumb, 4 bytes, Stack size 0 bytes, startup_stm32n657xx_fsbl.o(.text.Default_Handler))
<BR>[Address Reference Count : 1]<UL><LI> startup_stm32n657xx_fsbl.o(RESET)
</UL>
<P><STRONG><a name="[21]"></a>EXTI6_IRQHandler</STRONG> (Thumb, 4 bytes, Stack size 0 bytes, startup_stm32n657xx_fsbl.o(.text.Default_Handler))
<BR>[Address Reference Count : 1]<UL><LI> startup_stm32n657xx_fsbl.o(RESET)
</UL>
<P><STRONG><a name="[22]"></a>EXTI7_IRQHandler</STRONG> (Thumb, 4 bytes, Stack size 0 bytes, startup_stm32n657xx_fsbl.o(.text.Default_Handler))
<BR>[Address Reference Count : 1]<UL><LI> startup_stm32n657xx_fsbl.o(RESET)
</UL>
<P><STRONG><a name="[23]"></a>EXTI8_IRQHandler</STRONG> (Thumb, 4 bytes, Stack size 0 bytes, startup_stm32n657xx_fsbl.o(.text.Default_Handler))
<BR>[Address Reference Count : 1]<UL><LI> startup_stm32n657xx_fsbl.o(RESET)
</UL>
<P><STRONG><a name="[24]"></a>EXTI9_IRQHandler</STRONG> (Thumb, 4 bytes, Stack size 0 bytes, startup_stm32n657xx_fsbl.o(.text.Default_Handler))
<BR>[Address Reference Count : 1]<UL><LI> startup_stm32n657xx_fsbl.o(RESET)
</UL>
<P><STRONG><a name="[b7]"></a>FDCAN1_IT0_IRQHandler</STRONG> (Thumb, 4 bytes, Stack size 0 bytes, startup_stm32n657xx_fsbl.o(.text.Default_Handler))
<BR>[Address Reference Count : 1]<UL><LI> startup_stm32n657xx_fsbl.o(RESET)
</UL>
<P><STRONG><a name="[b8]"></a>FDCAN1_IT1_IRQHandler</STRONG> (Thumb, 4 bytes, Stack size 0 bytes, startup_stm32n657xx_fsbl.o(.text.Default_Handler))
<BR>[Address Reference Count : 1]<UL><LI> startup_stm32n657xx_fsbl.o(RESET)
</UL>
<P><STRONG><a name="[b9]"></a>FDCAN2_IT0_IRQHandler</STRONG> (Thumb, 4 bytes, Stack size 0 bytes, startup_stm32n657xx_fsbl.o(.text.Default_Handler))
<BR>[Address Reference Count : 1]<UL><LI> startup_stm32n657xx_fsbl.o(RESET)
</UL>
<P><STRONG><a name="[ba]"></a>FDCAN2_IT1_IRQHandler</STRONG> (Thumb, 4 bytes, Stack size 0 bytes, startup_stm32n657xx_fsbl.o(.text.Default_Handler))
<BR>[Address Reference Count : 1]<UL><LI> startup_stm32n657xx_fsbl.o(RESET)
</UL>
<P><STRONG><a name="[bb]"></a>FDCAN3_IT0_IRQHandler</STRONG> (Thumb, 4 bytes, Stack size 0 bytes, startup_stm32n657xx_fsbl.o(.text.Default_Handler))
<BR>[Address Reference Count : 1]<UL><LI> startup_stm32n657xx_fsbl.o(RESET)
</UL>
<P><STRONG><a name="[bc]"></a>FDCAN3_IT1_IRQHandler</STRONG> (Thumb, 4 bytes, Stack size 0 bytes, startup_stm32n657xx_fsbl.o(.text.Default_Handler))
<BR>[Address Reference Count : 1]<UL><LI> startup_stm32n657xx_fsbl.o(RESET)
</UL>
<P><STRONG><a name="[bd]"></a>FDCAN_CU_IRQHandler</STRONG> (Thumb, 4 bytes, Stack size 0 bytes, startup_stm32n657xx_fsbl.o(.text.Default_Handler))
<BR>[Address Reference Count : 1]<UL><LI> startup_stm32n657xx_fsbl.o(RESET)
</UL>
<P><STRONG><a name="[b0]"></a>FMC_IRQHandler</STRONG> (Thumb, 4 bytes, Stack size 0 bytes, startup_stm32n657xx_fsbl.o(.text.Default_Handler))
<BR>[Address Reference Count : 1]<UL><LI> startup_stm32n657xx_fsbl.o(RESET)
</UL>
<P><STRONG><a name="[12]"></a>FPU_IRQHandler</STRONG> (Thumb, 4 bytes, Stack size 0 bytes, startup_stm32n657xx_fsbl.o(.text.Default_Handler))
<BR>[Address Reference Count : 1]<UL><LI> startup_stm32n657xx_fsbl.o(RESET)
</UL>
<P><STRONG><a name="[42]"></a>GFXMMU_IRQHandler</STRONG> (Thumb, 4 bytes, Stack size 0 bytes, startup_stm32n657xx_fsbl.o(.text.Default_Handler))
<BR>[Address Reference Count : 1]<UL><LI> startup_stm32n657xx_fsbl.o(RESET)
</UL>
<P><STRONG><a name="[43]"></a>GFXTIM_IRQHandler</STRONG> (Thumb, 4 bytes, Stack size 0 bytes, startup_stm32n657xx_fsbl.o(.text.Default_Handler))
<BR>[Address Reference Count : 1]<UL><LI> startup_stm32n657xx_fsbl.o(RESET)
</UL>
<P><STRONG><a name="[57]"></a>GPDMA1_Channel0_IRQHandler</STRONG> (Thumb, 4 bytes, Stack size 0 bytes, startup_stm32n657xx_fsbl.o(.text.Default_Handler))
<BR>[Address Reference Count : 1]<UL><LI> startup_stm32n657xx_fsbl.o(RESET)
</UL>
<P><STRONG><a name="[61]"></a>GPDMA1_Channel10_IRQHandler</STRONG> (Thumb, 4 bytes, Stack size 0 bytes, startup_stm32n657xx_fsbl.o(.text.Default_Handler))
<BR>[Address Reference Count : 1]<UL><LI> startup_stm32n657xx_fsbl.o(RESET)
</UL>
<P><STRONG><a name="[62]"></a>GPDMA1_Channel11_IRQHandler</STRONG> (Thumb, 4 bytes, Stack size 0 bytes, startup_stm32n657xx_fsbl.o(.text.Default_Handler))
<BR>[Address Reference Count : 1]<UL><LI> startup_stm32n657xx_fsbl.o(RESET)
</UL>
<P><STRONG><a name="[63]"></a>GPDMA1_Channel12_IRQHandler</STRONG> (Thumb, 4 bytes, Stack size 0 bytes, startup_stm32n657xx_fsbl.o(.text.Default_Handler))
<BR>[Address Reference Count : 1]<UL><LI> startup_stm32n657xx_fsbl.o(RESET)
</UL>
<P><STRONG><a name="[64]"></a>GPDMA1_Channel13_IRQHandler</STRONG> (Thumb, 4 bytes, Stack size 0 bytes, startup_stm32n657xx_fsbl.o(.text.Default_Handler))
<BR>[Address Reference Count : 1]<UL><LI> startup_stm32n657xx_fsbl.o(RESET)
</UL>
<P><STRONG><a name="[65]"></a>GPDMA1_Channel14_IRQHandler</STRONG> (Thumb, 4 bytes, Stack size 0 bytes, startup_stm32n657xx_fsbl.o(.text.Default_Handler))
<BR>[Address Reference Count : 1]<UL><LI> startup_stm32n657xx_fsbl.o(RESET)
</UL>
<P><STRONG><a name="[66]"></a>GPDMA1_Channel15_IRQHandler</STRONG> (Thumb, 4 bytes, Stack size 0 bytes, startup_stm32n657xx_fsbl.o(.text.Default_Handler))
<BR>[Address Reference Count : 1]<UL><LI> startup_stm32n657xx_fsbl.o(RESET)
</UL>
<P><STRONG><a name="[58]"></a>GPDMA1_Channel1_IRQHandler</STRONG> (Thumb, 4 bytes, Stack size 0 bytes, startup_stm32n657xx_fsbl.o(.text.Default_Handler))
<BR>[Address Reference Count : 1]<UL><LI> startup_stm32n657xx_fsbl.o(RESET)
</UL>
<P><STRONG><a name="[59]"></a>GPDMA1_Channel2_IRQHandler</STRONG> (Thumb, 4 bytes, Stack size 0 bytes, startup_stm32n657xx_fsbl.o(.text.Default_Handler))
<BR>[Address Reference Count : 1]<UL><LI> startup_stm32n657xx_fsbl.o(RESET)
</UL>
<P><STRONG><a name="[5a]"></a>GPDMA1_Channel3_IRQHandler</STRONG> (Thumb, 4 bytes, Stack size 0 bytes, startup_stm32n657xx_fsbl.o(.text.Default_Handler))
<BR>[Address Reference Count : 1]<UL><LI> startup_stm32n657xx_fsbl.o(RESET)
</UL>
<P><STRONG><a name="[5b]"></a>GPDMA1_Channel4_IRQHandler</STRONG> (Thumb, 4 bytes, Stack size 0 bytes, startup_stm32n657xx_fsbl.o(.text.Default_Handler))
<BR>[Address Reference Count : 1]<UL><LI> startup_stm32n657xx_fsbl.o(RESET)
</UL>
<P><STRONG><a name="[5c]"></a>GPDMA1_Channel5_IRQHandler</STRONG> (Thumb, 4 bytes, Stack size 0 bytes, startup_stm32n657xx_fsbl.o(.text.Default_Handler))
<BR>[Address Reference Count : 1]<UL><LI> startup_stm32n657xx_fsbl.o(RESET)
</UL>
<P><STRONG><a name="[5d]"></a>GPDMA1_Channel6_IRQHandler</STRONG> (Thumb, 4 bytes, Stack size 0 bytes, startup_stm32n657xx_fsbl.o(.text.Default_Handler))
<BR>[Address Reference Count : 1]<UL><LI> startup_stm32n657xx_fsbl.o(RESET)
</UL>
<P><STRONG><a name="[5e]"></a>GPDMA1_Channel7_IRQHandler</STRONG> (Thumb, 4 bytes, Stack size 0 bytes, startup_stm32n657xx_fsbl.o(.text.Default_Handler))
<BR>[Address Reference Count : 1]<UL><LI> startup_stm32n657xx_fsbl.o(RESET)
</UL>
<P><STRONG><a name="[5f]"></a>GPDMA1_Channel8_IRQHandler</STRONG> (Thumb, 4 bytes, Stack size 0 bytes, startup_stm32n657xx_fsbl.o(.text.Default_Handler))
<BR>[Address Reference Count : 1]<UL><LI> startup_stm32n657xx_fsbl.o(RESET)
</UL>
<P><STRONG><a name="[60]"></a>GPDMA1_Channel9_IRQHandler</STRONG> (Thumb, 4 bytes, Stack size 0 bytes, startup_stm32n657xx_fsbl.o(.text.Default_Handler))
<BR>[Address Reference Count : 1]<UL><LI> startup_stm32n657xx_fsbl.o(RESET)
</UL>
<P><STRONG><a name="[45]"></a>GPU2D_ER_IRQHandler</STRONG> (Thumb, 4 bytes, Stack size 0 bytes, startup_stm32n657xx_fsbl.o(.text.Default_Handler))
<BR>[Address Reference Count : 1]<UL><LI> startup_stm32n657xx_fsbl.o(RESET)
</UL>
<P><STRONG><a name="[44]"></a>GPU2D_IRQHandler</STRONG> (Thumb, 4 bytes, Stack size 0 bytes, startup_stm32n657xx_fsbl.o(.text.Default_Handler))
<BR>[Address Reference Count : 1]<UL><LI> startup_stm32n657xx_fsbl.o(RESET)
</UL>
<P><STRONG><a name="[2e]"></a>HASH_IRQHandler</STRONG> (Thumb, 4 bytes, Stack size 0 bytes, startup_stm32n657xx_fsbl.o(.text.Default_Handler))
<BR>[Address Reference Count : 1]<UL><LI> startup_stm32n657xx_fsbl.o(RESET)
</UL>
<P><STRONG><a name="[47]"></a>HPDMA1_Channel0_IRQHandler</STRONG> (Thumb, 4 bytes, Stack size 0 bytes, startup_stm32n657xx_fsbl.o(.text.Default_Handler))
<BR>[Address Reference Count : 1]<UL><LI> startup_stm32n657xx_fsbl.o(RESET)
</UL>
<P><STRONG><a name="[51]"></a>HPDMA1_Channel10_IRQHandler</STRONG> (Thumb, 4 bytes, Stack size 0 bytes, startup_stm32n657xx_fsbl.o(.text.Default_Handler))
<BR>[Address Reference Count : 1]<UL><LI> startup_stm32n657xx_fsbl.o(RESET)
</UL>
<P><STRONG><a name="[52]"></a>HPDMA1_Channel11_IRQHandler</STRONG> (Thumb, 4 bytes, Stack size 0 bytes, startup_stm32n657xx_fsbl.o(.text.Default_Handler))
<BR>[Address Reference Count : 1]<UL><LI> startup_stm32n657xx_fsbl.o(RESET)
</UL>
<P><STRONG><a name="[53]"></a>HPDMA1_Channel12_IRQHandler</STRONG> (Thumb, 4 bytes, Stack size 0 bytes, startup_stm32n657xx_fsbl.o(.text.Default_Handler))
<BR>[Address Reference Count : 1]<UL><LI> startup_stm32n657xx_fsbl.o(RESET)
</UL>
<P><STRONG><a name="[54]"></a>HPDMA1_Channel13_IRQHandler</STRONG> (Thumb, 4 bytes, Stack size 0 bytes, startup_stm32n657xx_fsbl.o(.text.Default_Handler))
<BR>[Address Reference Count : 1]<UL><LI> startup_stm32n657xx_fsbl.o(RESET)
</UL>
<P><STRONG><a name="[55]"></a>HPDMA1_Channel14_IRQHandler</STRONG> (Thumb, 4 bytes, Stack size 0 bytes, startup_stm32n657xx_fsbl.o(.text.Default_Handler))
<BR>[Address Reference Count : 1]<UL><LI> startup_stm32n657xx_fsbl.o(RESET)
</UL>
<P><STRONG><a name="[56]"></a>HPDMA1_Channel15_IRQHandler</STRONG> (Thumb, 4 bytes, Stack size 0 bytes, startup_stm32n657xx_fsbl.o(.text.Default_Handler))
<BR>[Address Reference Count : 1]<UL><LI> startup_stm32n657xx_fsbl.o(RESET)
</UL>
<P><STRONG><a name="[48]"></a>HPDMA1_Channel1_IRQHandler</STRONG> (Thumb, 4 bytes, Stack size 0 bytes, startup_stm32n657xx_fsbl.o(.text.Default_Handler))
<BR>[Address Reference Count : 1]<UL><LI> startup_stm32n657xx_fsbl.o(RESET)
</UL>
<P><STRONG><a name="[49]"></a>HPDMA1_Channel2_IRQHandler</STRONG> (Thumb, 4 bytes, Stack size 0 bytes, startup_stm32n657xx_fsbl.o(.text.Default_Handler))
<BR>[Address Reference Count : 1]<UL><LI> startup_stm32n657xx_fsbl.o(RESET)
</UL>
<P><STRONG><a name="[4a]"></a>HPDMA1_Channel3_IRQHandler</STRONG> (Thumb, 4 bytes, Stack size 0 bytes, startup_stm32n657xx_fsbl.o(.text.Default_Handler))
<BR>[Address Reference Count : 1]<UL><LI> startup_stm32n657xx_fsbl.o(RESET)
</UL>
<P><STRONG><a name="[4b]"></a>HPDMA1_Channel4_IRQHandler</STRONG> (Thumb, 4 bytes, Stack size 0 bytes, startup_stm32n657xx_fsbl.o(.text.Default_Handler))
<BR>[Address Reference Count : 1]<UL><LI> startup_stm32n657xx_fsbl.o(RESET)
</UL>
<P><STRONG><a name="[4c]"></a>HPDMA1_Channel5_IRQHandler</STRONG> (Thumb, 4 bytes, Stack size 0 bytes, startup_stm32n657xx_fsbl.o(.text.Default_Handler))
<BR>[Address Reference Count : 1]<UL><LI> startup_stm32n657xx_fsbl.o(RESET)
</UL>
<P><STRONG><a name="[4d]"></a>HPDMA1_Channel6_IRQHandler</STRONG> (Thumb, 4 bytes, Stack size 0 bytes, startup_stm32n657xx_fsbl.o(.text.Default_Handler))
<BR>[Address Reference Count : 1]<UL><LI> startup_stm32n657xx_fsbl.o(RESET)
</UL>
<P><STRONG><a name="[4e]"></a>HPDMA1_Channel7_IRQHandler</STRONG> (Thumb, 4 bytes, Stack size 0 bytes, startup_stm32n657xx_fsbl.o(.text.Default_Handler))
<BR>[Address Reference Count : 1]<UL><LI> startup_stm32n657xx_fsbl.o(RESET)
</UL>
<P><STRONG><a name="[4f]"></a>HPDMA1_Channel8_IRQHandler</STRONG> (Thumb, 4 bytes, Stack size 0 bytes, startup_stm32n657xx_fsbl.o(.text.Default_Handler))
<BR>[Address Reference Count : 1]<UL><LI> startup_stm32n657xx_fsbl.o(RESET)
</UL>
<P><STRONG><a name="[50]"></a>HPDMA1_Channel9_IRQHandler</STRONG> (Thumb, 4 bytes, Stack size 0 bytes, startup_stm32n657xx_fsbl.o(.text.Default_Handler))
<BR>[Address Reference Count : 1]<UL><LI> startup_stm32n657xx_fsbl.o(RESET)
</UL>
<P><STRONG><a name="[68]"></a>I2C1_ER_IRQHandler</STRONG> (Thumb, 4 bytes, Stack size 0 bytes, startup_stm32n657xx_fsbl.o(.text.Default_Handler))
<BR>[Address Reference Count : 1]<UL><LI> startup_stm32n657xx_fsbl.o(RESET)
</UL>
<P><STRONG><a name="[67]"></a>I2C1_EV_IRQHandler</STRONG> (Thumb, 4 bytes, Stack size 0 bytes, startup_stm32n657xx_fsbl.o(.text.Default_Handler))
<BR>[Address Reference Count : 1]<UL><LI> startup_stm32n657xx_fsbl.o(RESET)
</UL>
<P><STRONG><a name="[6a]"></a>I2C2_ER_IRQHandler</STRONG> (Thumb, 4 bytes, Stack size 0 bytes, startup_stm32n657xx_fsbl.o(.text.Default_Handler))
<BR>[Address Reference Count : 1]<UL><LI> startup_stm32n657xx_fsbl.o(RESET)
</UL>
<P><STRONG><a name="[69]"></a>I2C2_EV_IRQHandler</STRONG> (Thumb, 4 bytes, Stack size 0 bytes, startup_stm32n657xx_fsbl.o(.text.Default_Handler))
<BR>[Address Reference Count : 1]<UL><LI> startup_stm32n657xx_fsbl.o(RESET)
</UL>
<P><STRONG><a name="[6c]"></a>I2C3_ER_IRQHandler</STRONG> (Thumb, 4 bytes, Stack size 0 bytes, startup_stm32n657xx_fsbl.o(.text.Default_Handler))
<BR>[Address Reference Count : 1]<UL><LI> startup_stm32n657xx_fsbl.o(RESET)
</UL>
<P><STRONG><a name="[6b]"></a>I2C3_EV_IRQHandler</STRONG> (Thumb, 4 bytes, Stack size 0 bytes, startup_stm32n657xx_fsbl.o(.text.Default_Handler))
<BR>[Address Reference Count : 1]<UL><LI> startup_stm32n657xx_fsbl.o(RESET)
</UL>
<P><STRONG><a name="[6e]"></a>I2C4_ER_IRQHandler</STRONG> (Thumb, 4 bytes, Stack size 0 bytes, startup_stm32n657xx_fsbl.o(.text.Default_Handler))
<BR>[Address Reference Count : 1]<UL><LI> startup_stm32n657xx_fsbl.o(RESET)
</UL>
<P><STRONG><a name="[6d]"></a>I2C4_EV_IRQHandler</STRONG> (Thumb, 4 bytes, Stack size 0 bytes, startup_stm32n657xx_fsbl.o(.text.Default_Handler))
<BR>[Address Reference Count : 1]<UL><LI> startup_stm32n657xx_fsbl.o(RESET)
</UL>
<P><STRONG><a name="[70]"></a>I3C1_ER_IRQHandler</STRONG> (Thumb, 4 bytes, Stack size 0 bytes, startup_stm32n657xx_fsbl.o(.text.Default_Handler))
<BR>[Address Reference Count : 1]<UL><LI> startup_stm32n657xx_fsbl.o(RESET)
</UL>
<P><STRONG><a name="[6f]"></a>I3C1_EV_IRQHandler</STRONG> (Thumb, 4 bytes, Stack size 0 bytes, startup_stm32n657xx_fsbl.o(.text.Default_Handler))
<BR>[Address Reference Count : 1]<UL><LI> startup_stm32n657xx_fsbl.o(RESET)
</UL>
<P><STRONG><a name="[72]"></a>I3C2_ER_IRQHandler</STRONG> (Thumb, 4 bytes, Stack size 0 bytes, startup_stm32n657xx_fsbl.o(.text.Default_Handler))
<BR>[Address Reference Count : 1]<UL><LI> startup_stm32n657xx_fsbl.o(RESET)
</UL>
<P><STRONG><a name="[71]"></a>I3C2_EV_IRQHandler</STRONG> (Thumb, 4 bytes, Stack size 0 bytes, startup_stm32n657xx_fsbl.o(.text.Default_Handler))
<BR>[Address Reference Count : 1]<UL><LI> startup_stm32n657xx_fsbl.o(RESET)
</UL>
[...]
</UL>
<BR>[Called By]<UL><LI><a href="#[25b]">&gt;&gt;</a>&nbsp;&nbsp;&nbsp;rt_memory_info
<LI><a href="#[2a6]">&gt;&gt;</a>&nbsp;&nbsp;&nbsp;rt_free
<LI><a href="#[2a0]">&gt;&gt;</a>&nbsp;&nbsp;&nbsp;rt_malloc
</UL>

<P><STRONG><a name="[212]"></a>_heap_unlock</STRONG> (Thumb, 64 bytes, Stack size 16 bytes, kservice.o(.text._heap_unlock))
<BR><BR>[Stack]<UL><LI>Max Depth = 492 + Unknown Stack Size
<LI>Call Chain = _heap_unlock &rArr; rt_mutex_release &rArr; rt_sched_thread_ready &rArr; rt_sched_thread_timer_stop &rArr; rt_timer_stop &rArr; rt_spin_unlock_irqrestore &rArr; rt_exit_critical_safe &rArr; rt_exit_critical &rArr; rt_schedule &rArr; rt_scheduler_stack_check &rArr; rt_kprintf &rArr; rt_vsnprintf &rArr; print_number &rArr; divide
</UL>
<BR>[Calls]<UL><LI><a href="#[214]">&gt;&gt;</a>&nbsp;&nbsp;&nbsp;rt_mutex_release
<LI><a href="#[208]">&gt;&gt;</a>&nbsp;&nbsp;&nbsp;rt_thread_self
<LI><a href="#[213]">&gt;&gt;</a>&nbsp;&nbsp;&nbsp;rt_assert_handler
</UL>
<BR>[Called By]<UL><LI><a href="#[25b]">&gt;&gt;</a>&nbsp;&nbsp;&nbsp;rt_memory_info
<LI><a href="#[2a6]">&gt;&gt;</a>&nbsp;&nbsp;&nbsp;rt_free
<LI><a href="#[2a0]">&gt;&gt;</a>&nbsp;&nbsp;&nbsp;rt_malloc
</UL>

<P><STRONG><a name="[2b6]"></a>_smem_info</STRONG> (Thumb, 84 bytes, Stack size 12 bytes, kservice.o(.text._smem_info))
<BR><BR>[Stack]<UL><LI>Max Depth = 12<LI>Call Chain = _smem_info
</UL>
<BR>[Called By]<UL><LI><a href="#[25b]">&gt;&gt;</a>&nbsp;&nbsp;&nbsp;rt_memory_info
</UL>

<P><STRONG><a name="[298]"></a>plug_holes</STRONG> (Thumb, 264 bytes, Stack size 24 bytes, mem.o(.text.plug_holes))
<BR><BR>[Stack]<UL><LI>Max Depth = 96<LI>Call Chain = plug_holes &rArr; rt_assert_handler &rArr;  rt_kprintf (Cycle)
</UL>
<BR>[Calls]<UL><LI><a href="#[213]">&gt;&gt;</a>&nbsp;&nbsp;&nbsp;rt_assert_handler
</UL>
<BR>[Called By]<UL><LI><a href="#[2ae]">&gt;&gt;</a>&nbsp;&nbsp;&nbsp;rt_smem_free
</UL>

<P><STRONG><a name="[2ba]"></a>rt_list_insert_after</STRONG> (Thumb, 38 bytes, Stack size 8 bytes, object.o(.text.rt_list_insert_after))
<BR><BR>[Stack]<UL><LI>Max Depth = 8<LI>Call Chain = rt_list_insert_after
</UL>
<BR>[Called By]<UL><LI><a href="#[2b7]">&gt;&gt;</a>&nbsp;&nbsp;&nbsp;rt_object_init
<LI><a href="#[2b9]">&gt;&gt;</a>&nbsp;&nbsp;&nbsp;rt_object_allocate
</UL>

<P><STRONG><a name="[2bb]"></a>rt_list_remove</STRONG> (Thumb, 32 bytes, Stack size 4 bytes, object.o(.text.rt_list_remove))
<BR><BR>[Stack]<UL><LI>Max Depth = 4<LI>Call Chain = rt_list_remove
</UL>
<BR>[Called By]<UL><LI><a href="#[2a5]">&gt;&gt;</a>&nbsp;&nbsp;&nbsp;rt_object_detach
<LI><a href="#[2a7]">&gt;&gt;</a>&nbsp;&nbsp;&nbsp;rt_object_delete
</UL>

<P><STRONG><a name="[cb]"></a>_match_name</STRONG> (Thumb, 72 bytes, Stack size 48 bytes, object.o(.text._match_name))
<BR><BR>[Stack]<UL><LI>Max Depth = 68<LI>Call Chain = _match_name &rArr; rt_strncpy
</UL>
<BR>[Calls]<UL><LI><a href="#[21b]">&gt;&gt;</a>&nbsp;&nbsp;&nbsp;rt_strncpy
<LI><a href="#[21c]">&gt;&gt;</a>&nbsp;&nbsp;&nbsp;rt_strcmp
</UL>
<BR>[Address Reference Count : 1]<UL><LI> object.o(.text.rt_object_find)
</UL>
<P><STRONG><a name="[2c4]"></a>rt_list_remove</STRONG> (Thumb, 32 bytes, Stack size 4 bytes, scheduler_comm.o(.text.rt_list_remove))
<BR><BR>[Stack]<UL><LI>Max Depth = 4<LI>Call Chain = rt_list_remove
</UL>
<BR>[Called By]<UL><LI><a href="#[2b8]">&gt;&gt;</a>&nbsp;&nbsp;&nbsp;rt_sched_thread_ready
</UL>

<P><STRONG><a name="[231]"></a>_rt_sched_update_priority</STRONG> (Thumb, 174 bytes, Stack size 24 bytes, scheduler_comm.o(.text._rt_sched_update_priority))
<BR><BR>[Stack]<UL><LI>Max Depth = 120 + Unknown Stack Size
<LI>Call Chain = _rt_sched_update_priority &rArr; rt_sched_insert_thread &rArr; rt_assert_handler &rArr;  rt_kprintf (Cycle)
</UL>
<BR>[Calls]<UL><LI><a href="#[213]">&gt;&gt;</a>&nbsp;&nbsp;&nbsp;rt_assert_handler
<LI><a href="#[232]">&gt;&gt;</a>&nbsp;&nbsp;&nbsp;rt_sched_remove_thread
<LI><a href="#[233]">&gt;&gt;</a>&nbsp;&nbsp;&nbsp;rt_sched_insert_thread
</UL>
<BR>[Called By]<UL><LI><a href="#[2c5]">&gt;&gt;</a>&nbsp;&nbsp;&nbsp;rt_sched_thread_reset_priority
<LI><a href="#[20d]">&gt;&gt;</a>&nbsp;&nbsp;&nbsp;rt_sched_thread_change_priority
</UL>

<P><STRONG><a name="[234]"></a>_scheduler_get_highest_priority_thread</STRONG> (Thumb, 54 bytes, Stack size 24 bytes, scheduler_up.o(.text._scheduler_get_highest_priority_thread))
<BR><BR>[Stack]<UL><LI>Max Depth = 28<LI>Call Chain = _scheduler_get_highest_priority_thread &rArr; __rt_ffs
</UL>
<BR>[Calls]<UL><LI><a href="#[235]">&gt;&gt;</a>&nbsp;&nbsp;&nbsp;__rt_ffs
</UL>
<BR>[Called By]<UL><LI><a href="#[230]">&gt;&gt;</a>&nbsp;&nbsp;&nbsp;rt_schedule
<LI><a href="#[2d4]">&gt;&gt;</a>&nbsp;&nbsp;&nbsp;rt_system_scheduler_start
</UL>

<P><STRONG><a name="[2c2]"></a>rt_list_init</STRONG> (Thumb, 16 bytes, Stack size 4 bytes, scheduler_up.o(.text.rt_list_init))
<BR><BR>[Stack]<UL><LI>Max Depth = 4<LI>Call Chain = rt_list_init
</UL>
<BR>[Called By]<UL><LI><a href="#[2c1]">&gt;&gt;</a>&nbsp;&nbsp;&nbsp;rt_sched_thread_init_priv
<LI><a href="#[2d3]">&gt;&gt;</a>&nbsp;&nbsp;&nbsp;rt_system_scheduler_init
</UL>

<P><STRONG><a name="[2bf]"></a>rt_list_remove</STRONG> (Thumb, 32 bytes, Stack size 4 bytes, scheduler_up.o(.text.rt_list_remove))
<BR><BR>[Stack]<UL><LI>Max Depth = 4<LI>Call Chain = rt_list_remove
</UL>
<BR>[Called By]<UL><LI><a href="#[232]">&gt;&gt;</a>&nbsp;&nbsp;&nbsp;rt_sched_remove_thread
</UL>

<P><STRONG><a name="[2c0]"></a>rt_list_isempty</STRONG> (Thumb, 18 bytes, Stack size 4 bytes, scheduler_up.o(.text.rt_list_isempty))
<BR><BR>[Stack]<UL><LI>Max Depth = 4<LI>Call Chain = rt_list_isempty
</UL>
<BR>[Called By]<UL><LI><a href="#[232]">&gt;&gt;</a>&nbsp;&nbsp;&nbsp;rt_sched_remove_thread
</UL>

<P><STRONG><a name="[2bd]"></a>rt_list_insert_before</STRONG> (Thumb, 38 bytes, Stack size 8 bytes, scheduler_up.o(.text.rt_list_insert_before))
<BR><BR>[Stack]<UL><LI>Max Depth = 8<LI>Call Chain = rt_list_insert_before
</UL>
<BR>[Called By]<UL><LI><a href="#[233]">&gt;&gt;</a>&nbsp;&nbsp;&nbsp;rt_sched_insert_thread
</UL>

<P><STRONG><a name="[2be]"></a>rt_list_insert_after</STRONG> (Thumb, 38 bytes, Stack size 8 bytes, scheduler_up.o(.text.rt_list_insert_after))
<BR><BR>[Stack]<UL><LI>Max Depth = 8<LI>Call Chain = rt_list_insert_after
</UL>
<BR>[Called By]<UL><LI><a href="#[233]">&gt;&gt;</a>&nbsp;&nbsp;&nbsp;rt_sched_insert_thread
</UL>

<P><STRONG><a name="[242]"></a>_thread_init</STRONG> (Thumb, 200 bytes, Stack size 40 bytes, thread.o(.text._thread_init))
<BR><BR>[Stack]<UL><LI>Max Depth = 476 + Unknown Stack Size
<LI>Call Chain = _thread_init &rArr; rt_timer_init &rArr; rt_object_init &rArr; rt_spin_unlock_irqrestore &rArr; rt_exit_critical_safe &rArr; rt_exit_critical &rArr; rt_schedule &rArr; rt_scheduler_stack_check &rArr; rt_kprintf &rArr; rt_vsnprintf &rArr; print_number &rArr; divide
</UL>
<BR>[Calls]<UL><LI><a href="#[237]">&gt;&gt;</a>&nbsp;&nbsp;&nbsp;rt_spin_lock_init
<LI><a href="#[21f]">&gt;&gt;</a>&nbsp;&nbsp;&nbsp;rt_memset
<LI><a href="#[244]">&gt;&gt;</a>&nbsp;&nbsp;&nbsp;rt_hw_stack_init
<LI><a href="#[246]">&gt;&gt;</a>&nbsp;&nbsp;&nbsp;rt_timer_init
<LI><a href="#[245]">&gt;&gt;</a>&nbsp;&nbsp;&nbsp;rt_list_init
<LI><a href="#[243]">&gt;&gt;</a>&nbsp;&nbsp;&nbsp;rt_sched_thread_init_ctx
</UL>
<BR>[Called By]<UL><LI><a href="#[275]">&gt;&gt;</a>&nbsp;&nbsp;&nbsp;rt_thread_create
<LI><a href="#[2e2]">&gt;&gt;</a>&nbsp;&nbsp;&nbsp;rt_thread_init
</UL>

<P><STRONG><a name="[c6]"></a>_thread_exit</STRONG> (Thumb, 48 bytes, Stack size 16 bytes, thread.o(.text._thread_exit))
<BR><BR>[Stack]<UL><LI>Max Depth = 524 + Unknown Stack Size
<LI>Call Chain = _thread_exit &rArr; _thread_detach_from_mutex &rArr; rt_mutex_release &rArr; rt_sched_thread_ready &rArr; rt_sched_thread_timer_stop &rArr; rt_timer_stop &rArr; rt_spin_unlock_irqrestore &rArr; rt_exit_critical_safe &rArr; rt_exit_critical &rArr; rt_schedule &rArr; rt_scheduler_stack_check &rArr; rt_kprintf &rArr; rt_vsnprintf &rArr; print_number &rArr; divide
</UL>
<BR>[Calls]<UL><LI><a href="#[239]">&gt;&gt;</a>&nbsp;&nbsp;&nbsp;rt_enter_critical
<LI><a href="#[230]">&gt;&gt;</a>&nbsp;&nbsp;&nbsp;rt_schedule
<LI><a href="#[208]">&gt;&gt;</a>&nbsp;&nbsp;&nbsp;rt_thread_self
<LI><a href="#[23a]">&gt;&gt;</a>&nbsp;&nbsp;&nbsp;rt_thread_close
<LI><a href="#[23b]">&gt;&gt;</a>&nbsp;&nbsp;&nbsp;_thread_detach_from_mutex
<LI><a href="#[23c]">&gt;&gt;</a>&nbsp;&nbsp;&nbsp;rt_thread_defunct_enqueue
<LI><a href="#[23d]">&gt;&gt;</a>&nbsp;&nbsp;&nbsp;rt_exit_critical_safe
</UL>
<BR>[Address Reference Count : 1]<UL><LI> thread.o(.text._thread_init)
</UL>
<P><STRONG><a name="[245]"></a>rt_list_init</STRONG> (Thumb, 16 bytes, Stack size 4 bytes, thread.o(.text.rt_list_init))
<BR><BR>[Stack]<UL><LI>Max Depth = 4<LI>Call Chain = rt_list_init
</UL>
<BR>[Called By]<UL><LI><a href="#[242]">&gt;&gt;</a>&nbsp;&nbsp;&nbsp;_thread_init
</UL>

<P><STRONG><a name="[c7]"></a>_thread_timeout</STRONG> (Thumb, 148 bytes, Stack size 24 bytes, thread.o(.text._thread_timeout))
<BR><BR>[Stack]<UL><LI>Max Depth = 348 + Unknown Stack Size
<LI>Call Chain = _thread_timeout &rArr; rt_sched_unlock_n_resched &rArr; rt_schedule &rArr; rt_scheduler_stack_check &rArr; rt_kprintf &rArr; rt_vsnprintf &rArr; print_number &rArr; divide
</UL>
<BR>[Calls]<UL><LI><a href="#[226]">&gt;&gt;</a>&nbsp;&nbsp;&nbsp;rt_object_get_type
<LI><a href="#[213]">&gt;&gt;</a>&nbsp;&nbsp;&nbsp;rt_assert_handler
<LI><a href="#[24b]">&gt;&gt;</a>&nbsp;&nbsp;&nbsp;rt_list_remove
<LI><a href="#[233]">&gt;&gt;</a>&nbsp;&nbsp;&nbsp;rt_sched_insert_thread
<LI><a href="#[24a]">&gt;&gt;</a>&nbsp;&nbsp;&nbsp;rt_sched_thread_is_suspended
<LI><a href="#[24c]">&gt;&gt;</a>&nbsp;&nbsp;&nbsp;rt_sched_unlock_n_resched
<LI><a href="#[22c]">&gt;&gt;</a>&nbsp;&nbsp;&nbsp;rt_sched_lock
</UL>
<BR>[Address Reference Count : 1]<UL><LI> thread.o(.text._thread_init)
</UL>
<P><STRONG><a name="[238]"></a>_thread_detach</STRONG> (Thumb, 44 bytes, Stack size 24 bytes, thread.o(.text._thread_detach))
<BR><BR>[Stack]<UL><LI>Max Depth = 532 + Unknown Stack Size
<LI>Call Chain = _thread_detach &rArr; _thread_detach_from_mutex &rArr; rt_mutex_release &rArr; rt_sched_thread_ready &rArr; rt_sched_thread_timer_stop &rArr; rt_timer_stop &rArr; rt_spin_unlock_irqrestore &rArr; rt_exit_critical_safe &rArr; rt_exit_critical &rArr; rt_schedule &rArr; rt_scheduler_stack_check &rArr; rt_kprintf &rArr; rt_vsnprintf &rArr; print_number &rArr; divide
</UL>
<BR>[Calls]<UL><LI><a href="#[239]">&gt;&gt;</a>&nbsp;&nbsp;&nbsp;rt_enter_critical
<LI><a href="#[23a]">&gt;&gt;</a>&nbsp;&nbsp;&nbsp;rt_thread_close
<LI><a href="#[23b]">&gt;&gt;</a>&nbsp;&nbsp;&nbsp;_thread_detach_from_mutex
<LI><a href="#[23c]">&gt;&gt;</a>&nbsp;&nbsp;&nbsp;rt_thread_defunct_enqueue
<LI><a href="#[23d]">&gt;&gt;</a>&nbsp;&nbsp;&nbsp;rt_exit_critical_safe
</UL>
<BR>[Called By]<UL><LI><a href="#[2db]">&gt;&gt;</a>&nbsp;&nbsp;&nbsp;rt_thread_delete
<LI><a href="#[2da]">&gt;&gt;</a>&nbsp;&nbsp;&nbsp;rt_thread_detach
</UL>

<P><STRONG><a name="[23b]"></a>_thread_detach_from_mutex</STRONG> (Thumb, 144 bytes, Stack size 32 bytes, thread.o(.text._thread_detach_from_mutex))
<BR><BR>[Stack]<UL><LI>Max Depth = 508 + Unknown Stack Size
<LI>Call Chain = _thread_detach_from_mutex &rArr; rt_mutex_release &rArr; rt_sched_thread_ready &rArr; rt_sched_thread_timer_stop &rArr; rt_timer_stop &rArr; rt_spin_unlock_irqrestore &rArr; rt_exit_critical_safe &rArr; rt_exit_critical &rArr; rt_schedule &rArr; rt_scheduler_stack_check &rArr; rt_kprintf &rArr; rt_vsnprintf &rArr; print_number &rArr; divide
</UL>
<BR>[Calls]<UL><LI><a href="#[214]">&gt;&gt;</a>&nbsp;&nbsp;&nbsp;rt_mutex_release
<LI><a href="#[240]">&gt;&gt;</a>&nbsp;&nbsp;&nbsp;rt_spin_unlock_irqrestore
<LI><a href="#[23e]">&gt;&gt;</a>&nbsp;&nbsp;&nbsp;rt_spin_lock_irqsave
<LI><a href="#[226]">&gt;&gt;</a>&nbsp;&nbsp;&nbsp;rt_object_get_type
<LI><a href="#[23f]">&gt;&gt;</a>&nbsp;&nbsp;&nbsp;rt_mutex_drop_thread
</UL>
<BR>[Called By]<UL><LI><a href="#[238]">&gt;&gt;</a>&nbsp;&nbsp;&nbsp;_thread_detach
<LI><a href="#[c6]">&gt;&gt;</a>&nbsp;&nbsp;&nbsp;_thread_exit
</UL>

<P><STRONG><a name="[248]"></a>_thread_sleep</STRONG> (Thumb, 366 bytes, Stack size 48 bytes, thread.o(.text._thread_sleep))
<BR><BR>[Stack]<UL><LI>Max Depth = 508 + Unknown Stack Size
<LI>Call Chain = _thread_sleep &rArr; rt_thread_suspend_with_flag &rArr; rt_thread_suspend_to_list &rArr; rt_sched_thread_timer_stop &rArr; rt_timer_stop &rArr; rt_spin_unlock_irqrestore &rArr; rt_exit_critical_safe &rArr; rt_exit_critical &rArr; rt_schedule &rArr; rt_scheduler_stack_check &rArr; rt_kprintf &rArr; rt_vsnprintf &rArr; print_number &rArr; divide
</UL>
<BR>[Calls]<UL><LI><a href="#[239]">&gt;&gt;</a>&nbsp;&nbsp;&nbsp;rt_enter_critical
<LI><a href="#[230]">&gt;&gt;</a>&nbsp;&nbsp;&nbsp;rt_schedule
<LI><a href="#[22f]">&gt;&gt;</a>&nbsp;&nbsp;&nbsp;rt_timer_start
<LI><a href="#[22e]">&gt;&gt;</a>&nbsp;&nbsp;&nbsp;rt_timer_control
<LI><a href="#[249]">&gt;&gt;</a>&nbsp;&nbsp;&nbsp;rt_thread_suspend_with_flag
<LI><a href="#[225]">&gt;&gt;</a>&nbsp;&nbsp;&nbsp;rt_interrupt_get_nest
<LI><a href="#[224]">&gt;&gt;</a>&nbsp;&nbsp;&nbsp;rt_critical_level
<LI><a href="#[226]">&gt;&gt;</a>&nbsp;&nbsp;&nbsp;rt_object_get_type
<LI><a href="#[208]">&gt;&gt;</a>&nbsp;&nbsp;&nbsp;rt_thread_self
<LI><a href="#[206]">&gt;&gt;</a>&nbsp;&nbsp;&nbsp;rt_kprintf
<LI><a href="#[213]">&gt;&gt;</a>&nbsp;&nbsp;&nbsp;rt_assert_handler
<LI><a href="#[23d]">&gt;&gt;</a>&nbsp;&nbsp;&nbsp;rt_exit_critical_safe
</UL>
<BR>[Called By]<UL><LI><a href="#[28c]">&gt;&gt;</a>&nbsp;&nbsp;&nbsp;rt_thread_mdelay
</UL>

<P><STRONG><a name="[247]"></a>_thread_set_suspend_state</STRONG> (Thumb, 144 bytes, Stack size 24 bytes, thread.o(.text._thread_set_suspend_state))
<BR><BR>[Stack]<UL><LI>Max Depth = 96<LI>Call Chain = _thread_set_suspend_state &rArr; rt_assert_handler &rArr;  rt_kprintf (Cycle)
</UL>
<BR>[Calls]<UL><LI><a href="#[213]">&gt;&gt;</a>&nbsp;&nbsp;&nbsp;rt_assert_handler
</UL>
<BR>[Called By]<UL><LI><a href="#[22b]">&gt;&gt;</a>&nbsp;&nbsp;&nbsp;rt_thread_suspend_to_list
</UL>

<P><STRONG><a name="[24b]"></a>rt_list_remove</STRONG> (Thumb, 32 bytes, Stack size 4 bytes, thread.o(.text.rt_list_remove))
<BR><BR>[Stack]<UL><LI>Max Depth = 4<LI>Call Chain = rt_list_remove
</UL>
<BR>[Called By]<UL><LI><a href="#[c7]">&gt;&gt;</a>&nbsp;&nbsp;&nbsp;_thread_timeout
</UL>

<P><STRONG><a name="[257]"></a>_timer_init</STRONG> (Thumb, 104 bytes, Stack size 32 bytes, timer.o(.text._timer_init))
<BR><BR>[Stack]<UL><LI>Max Depth = 36<LI>Call Chain = _timer_init &rArr; rt_list_init
</UL>
<BR>[Calls]<UL><LI><a href="#[251]">&gt;&gt;</a>&nbsp;&nbsp;&nbsp;rt_list_init
</UL>
<BR>[Called By]<UL><LI><a href="#[246]">&gt;&gt;</a>&nbsp;&nbsp;&nbsp;rt_timer_init
</UL>

<P><STRONG><a name="[251]"></a>rt_list_init</STRONG> (Thumb, 16 bytes, Stack size 4 bytes, timer.o(.text.rt_list_init))
<BR><BR>[Stack]<UL><LI>Max Depth = 4<LI>Call Chain = rt_list_init
</UL>
<BR>[Called By]<UL><LI><a href="#[24f]">&gt;&gt;</a>&nbsp;&nbsp;&nbsp;_timer_check
<LI><a href="#[257]">&gt;&gt;</a>&nbsp;&nbsp;&nbsp;_timer_init
<LI><a href="#[2d6]">&gt;&gt;</a>&nbsp;&nbsp;&nbsp;rt_system_timer_init
</UL>

<P><STRONG><a name="[2e8]"></a>_timerlock_idx</STRONG> (Thumb, 16 bytes, Stack size 4 bytes, timer.o(.text._timerlock_idx))
<BR><BR>[Stack]<UL><LI>Max Depth = 4<LI>Call Chain = _timerlock_idx
</UL>
<BR>[Called By]<UL><LI><a href="#[22e]">&gt;&gt;</a>&nbsp;&nbsp;&nbsp;rt_timer_control
<LI><a href="#[2d8]">&gt;&gt;</a>&nbsp;&nbsp;&nbsp;rt_timer_detach
<LI><a href="#[2c6]">&gt;&gt;</a>&nbsp;&nbsp;&nbsp;rt_timer_stop
</UL>

<P><STRONG><a name="[253]"></a>_timer_remove</STRONG> (Thumb, 48 bytes, Stack size 16 bytes, timer.o(.text._timer_remove))
<BR><BR>[Stack]<UL><LI>Max Depth = 20<LI>Call Chain = _timer_remove &rArr; rt_list_remove
</UL>
<BR>[Calls]<UL><LI><a href="#[255]">&gt;&gt;</a>&nbsp;&nbsp;&nbsp;rt_list_remove
</UL>
<BR>[Called By]<UL><LI><a href="#[22e]">&gt;&gt;</a>&nbsp;&nbsp;&nbsp;rt_timer_control
<LI><a href="#[24f]">&gt;&gt;</a>&nbsp;&nbsp;&nbsp;_timer_check
<LI><a href="#[256]">&gt;&gt;</a>&nbsp;&nbsp;&nbsp;_timer_start
<LI><a href="#[2d8]">&gt;&gt;</a>&nbsp;&nbsp;&nbsp;rt_timer_detach
<LI><a href="#[2c6]">&gt;&gt;</a>&nbsp;&nbsp;&nbsp;rt_timer_stop
</UL>

<P><STRONG><a name="[255]"></a>rt_list_remove</STRONG> (Thumb, 32 bytes, Stack size 4 bytes, timer.o(.text.rt_list_remove))
<BR><BR>[Stack]<UL><LI>Max Depth = 4<LI>Call Chain = rt_list_remove
</UL>
<BR>[Called By]<UL><LI><a href="#[24f]">&gt;&gt;</a>&nbsp;&nbsp;&nbsp;_timer_check
<LI><a href="#[253]">&gt;&gt;</a>&nbsp;&nbsp;&nbsp;_timer_remove
</UL>

<P><STRONG><a name="[256]"></a>_timer_start</STRONG> (Thumb, 344 bytes, Stack size 40 bytes, timer.o(.text._timer_start))
<BR><BR>[Stack]<UL><LI>Max Depth = 60<LI>Call Chain = _timer_start &rArr; _timer_remove &rArr; rt_list_remove
</UL>
<BR>[Calls]<UL><LI><a href="#[250]">&gt;&gt;</a>&nbsp;&nbsp;&nbsp;rt_tick_get
<LI><a href="#[254]">&gt;&gt;</a>&nbsp;&nbsp;&nbsp;rt_list_insert_after
<LI><a href="#[253]">&gt;&gt;</a>&nbsp;&nbsp;&nbsp;_timer_remove
</UL>
<BR>[Called By]<UL><LI><a href="#[22f]">&gt;&gt;</a>&nbsp;&nbsp;&nbsp;rt_timer_start
<LI><a href="#[24f]">&gt;&gt;</a>&nbsp;&nbsp;&nbsp;_timer_check
</UL>

<P><STRONG><a name="[254]"></a>rt_list_insert_after</STRONG> (Thumb, 38 bytes, Stack size 8 bytes, timer.o(.text.rt_list_insert_after))
<BR><BR>[Stack]<UL><LI>Max Depth = 8<LI>Call Chain = rt_list_insert_after
</UL>
<BR>[Called By]<UL><LI><a href="#[24f]">&gt;&gt;</a>&nbsp;&nbsp;&nbsp;_timer_check
<LI><a href="#[256]">&gt;&gt;</a>&nbsp;&nbsp;&nbsp;_timer_start
</UL>

<P><STRONG><a name="[24f]"></a>_timer_check</STRONG> (Thumb, 292 bytes, Stack size 40 bytes, timer.o(.text._timer_check))
<BR><BR>[Stack]<UL><LI>Max Depth = 404 + Unknown Stack Size
<LI>Call Chain = _timer_check &rArr; rt_spin_unlock_irqrestore &rArr; rt_exit_critical_safe &rArr; rt_exit_critical &rArr; rt_schedule &rArr; rt_scheduler_stack_check &rArr; rt_kprintf &rArr; rt_vsnprintf &rArr; print_number &rArr; divide
</UL>
<BR>[Calls]<UL><LI><a href="#[250]">&gt;&gt;</a>&nbsp;&nbsp;&nbsp;rt_tick_get
<LI><a href="#[240]">&gt;&gt;</a>&nbsp;&nbsp;&nbsp;rt_spin_unlock_irqrestore
<LI><a href="#[23e]">&gt;&gt;</a>&nbsp;&nbsp;&nbsp;rt_spin_lock_irqsave
<LI><a href="#[252]">&gt;&gt;</a>&nbsp;&nbsp;&nbsp;rt_list_isempty
<LI><a href="#[254]">&gt;&gt;</a>&nbsp;&nbsp;&nbsp;rt_list_insert_after
<LI><a href="#[256]">&gt;&gt;</a>&nbsp;&nbsp;&nbsp;_timer_start
<LI><a href="#[255]">&gt;&gt;</a>&nbsp;&nbsp;&nbsp;rt_list_remove
<LI><a href="#[253]">&gt;&gt;</a>&nbsp;&nbsp;&nbsp;_timer_remove
<LI><a href="#[251]">&gt;&gt;</a>&nbsp;&nbsp;&nbsp;rt_list_init
</UL>
<BR>[Called By]<UL><LI><a href="#[2e7]">&gt;&gt;</a>&nbsp;&nbsp;&nbsp;rt_timer_check
</UL>

<P><STRONG><a name="[252]"></a>rt_list_isempty</STRONG> (Thumb, 18 bytes, Stack size 4 bytes, timer.o(.text.rt_list_isempty))
<BR><BR>[Stack]<UL><LI>Max Depth = 4<LI>Call Chain = rt_list_isempty
</UL>
<BR>[Called By]<UL><LI><a href="#[24f]">&gt;&gt;</a>&nbsp;&nbsp;&nbsp;_timer_check
</UL>

<P><STRONG><a name="[2ea]"></a>skip_atoi</STRONG> (Thumb, 56 bytes, Stack size 8 bytes, rt_vsnprintf_tiny.o(.text.skip_atoi))
<BR><BR>[Stack]<UL><LI>Max Depth = 8<LI>Call Chain = skip_atoi
</UL>
<BR>[Called By]<UL><LI><a href="#[2b4]">&gt;&gt;</a>&nbsp;&nbsp;&nbsp;rt_vsnprintf
</UL>

<P><STRONG><a name="[299]"></a>print_number</STRONG> (Thumb, 980 bytes, Stack size 96 bytes, rt_vsnprintf_tiny.o(.text.print_number))
<BR><BR>[Stack]<UL><LI>Max Depth = 108<LI>Call Chain = print_number &rArr; divide
</UL>
<BR>[Calls]<UL><LI><a href="#[29a]">&gt;&gt;</a>&nbsp;&nbsp;&nbsp;divide
</UL>
<BR>[Called By]<UL><LI><a href="#[2b4]">&gt;&gt;</a>&nbsp;&nbsp;&nbsp;rt_vsnprintf
</UL>

<P><STRONG><a name="[29a]"></a>divide</STRONG> (Thumb, 40 bytes, Stack size 12 bytes, rt_vsnprintf_tiny.o(.text.divide))
<BR><BR>[Stack]<UL><LI>Max Depth = 12<LI>Call Chain = divide
</UL>
<BR>[Called By]<UL><LI><a href="#[299]">&gt;&gt;</a>&nbsp;&nbsp;&nbsp;print_number
</UL>
<P>
<H3>
Undefined Global Symbols
</H3><HR></body></html>
