E:/rt-thread/bsp/stm32/stm32n657x0-st-nucleo/dist/project/board/CubeMX_Config/Drivers/STM32N6xx_HAL_Driver/Inc/stm32n6xx_ll_bus.h:1407:22:LL_AHB4_GRP1_EnableClock	1
../board/CubeMX_Config/FSBL/Core/Src/main.c:69:6:delay_us	2
../board/CubeMX_Config/FSBL/Core/Src/main.c:86:6:delay_ms	2
../board/CubeMX_Config/FSBL/Core/Src/main.c:97:6:rt_hw_console_output	4
../board/CubeMX_Config/FSBL/Core/Src/main.c:123:6:rt_hw_console_getchar	1
../board/CubeMX_Config/FSBL/Core/Src/main.c:135:5:main	2
../board/CubeMX_Config/FSBL/Core/Src/main.c:205:6:SystemClock_Config	8
../board/CubeMX_Config/FSBL/Core/Src/main.c:332:13:MX_GPIO_Init	1
