E:/rt-thread/bsp/stm32/stm32n657x0-st-nucleo/dist/project/board/CubeMX_Config/Drivers/STM32N6xx_HAL_Driver/Inc/stm32n6xx_ll_bus.h:1407:22:LL_AHB4_GRP1_EnableClock	24	static
../board/CubeMX_Config/FSBL/Core/Src/main.c:69:6:delay_us	24	static,ignoring_inline_asm
../board/CubeMX_Config/FSBL/Core/Src/main.c:86:6:delay_ms	24	static
../board/CubeMX_Config/FSBL/Core/Src/main.c:97:6:rt_hw_console_output	24	static
../board/CubeMX_Config/FSBL/Core/Src/main.c:123:6:rt_hw_console_getchar	16	static
../board/CubeMX_Config/FSBL/Core/Src/main.c:135:5:main	8	static
../board/CubeMX_Config/FSBL/Core/Src/main.c:205:6:SystemClock_Config	224	static
../board/CubeMX_Config/FSBL/Core/Src/main.c:332:13:MX_GPIO_Init	32	static
