Component: Arm Compiler for Embedded 6.24 Tool: armlink [5f371500]

==============================================================================

Section Cross References

    startup_stm32n657xx_fsbl.o(.ARM.exidx.text.Default_Handler) refers to startup_stm32n657xx_fsbl.o(.text.Default_Handler) for [Anonymous Symbol]
    startup_stm32n657xx_fsbl.o(.text.Reset_Handler) refers to system_stm32n6xx_fsbl.o(.text.SystemInit) for SystemInit
    startup_stm32n657xx_fsbl.o(.text.Reset_Handler) refers to __main.o(!!!main) for __main
    startup_stm32n657xx_fsbl.o(.ARM.exidx.text.Reset_Handler) refers to startup_stm32n657xx_fsbl.o(.text.Reset_Handler) for [Anonymous Symbol]
    startup_stm32n657xx_fsbl.o(.ARM.exidx.text.HardFault_Handler) refers to startup_stm32n657xx_fsbl.o(.text.HardFault_Handler) for [Anonymous Symbol]
    startup_stm32n657xx_fsbl.o(RESET) refers to startup_stm32n657xx_fsbl.o(.text.Reset_Handler) for Reset_Handler
    startup_stm32n657xx_fsbl.o(RESET) refers to stm32n6xx_it.o(.text.NMI_Handler) for NMI_Handler
    startup_stm32n657xx_fsbl.o(RESET) refers to stm32n6xx_it.o(.text.HardFault_Handler) for HardFault_Handler
    startup_stm32n657xx_fsbl.o(RESET) refers to stm32n6xx_it.o(.text.MemManage_Handler) for MemManage_Handler
    startup_stm32n657xx_fsbl.o(RESET) refers to stm32n6xx_it.o(.text.BusFault_Handler) for BusFault_Handler
    startup_stm32n657xx_fsbl.o(RESET) refers to stm32n6xx_it.o(.text.UsageFault_Handler) for UsageFault_Handler
    startup_stm32n657xx_fsbl.o(RESET) refers to stm32n6xx_it.o(.text.SecureFault_Handler) for SecureFault_Handler
    startup_stm32n657xx_fsbl.o(RESET) refers to stm32n6xx_it.o(.text.SVC_Handler) for SVC_Handler
    startup_stm32n657xx_fsbl.o(RESET) refers to stm32n6xx_it.o(.text.DebugMon_Handler) for DebugMon_Handler
    startup_stm32n657xx_fsbl.o(RESET) refers to stm32n6xx_it.o(.text.PendSV_Handler) for PendSV_Handler
    startup_stm32n657xx_fsbl.o(RESET) refers to stm32n6xx_it.o(.text.SysTick_Handler) for SysTick_Handler
    startup_stm32n657xx_fsbl.o(RESET) refers to startup_stm32n657xx_fsbl.o(.text.Default_Handler) for PVD_PVM_IRQHandler
    main.o(.text.main) refers to stm32n6xx_hal.o(.text.HAL_Init) for HAL_Init
    main.o(.text.main) refers to main.o(.text.SystemClock_Config) for SystemClock_Config
    main.o(.text.main) refers to main.o(.text.MX_GPIO_Init) for MX_GPIO_Init
    main.o(.text.main) refers to main.o(.text.MX_USART1_UART_Init) for MX_USART1_UART_Init
    main.o(.ARM.exidx.text.main) refers to main.o(.text.main) for [Anonymous Symbol]
    main.o(.text.SystemClock_Config) refers to rt_memclr_w.o(.text) for __aeabi_memclr4
    main.o(.text.SystemClock_Config) refers to stm32n6xx_hal_pwr_ex.o(.text.HAL_PWREx_ConfigSupply) for HAL_PWREx_ConfigSupply
    main.o(.text.SystemClock_Config) refers to main.o(.text.Error_Handler) for Error_Handler
    main.o(.text.SystemClock_Config) refers to stm32n6xx_hal_rcc.o(.text.HAL_RCC_OscConfig) for HAL_RCC_OscConfig
    main.o(.text.SystemClock_Config) refers to stm32n6xx_hal_rcc.o(.text.HAL_RCC_GetClockConfig) for HAL_RCC_GetClockConfig
    main.o(.text.SystemClock_Config) refers to stm32n6xx_hal_rcc.o(.text.HAL_RCC_ClockConfig) for HAL_RCC_ClockConfig
    main.o(.ARM.exidx.text.SystemClock_Config) refers to main.o(.text.SystemClock_Config) for [Anonymous Symbol]
    main.o(.text.MX_GPIO_Init) refers to main.o(.text.LL_AHB4_GRP1_EnableClock) for LL_AHB4_GRP1_EnableClock
    main.o(.ARM.exidx.text.MX_GPIO_Init) refers to main.o(.text.MX_GPIO_Init) for [Anonymous Symbol]
    main.o(.text.MX_USART1_UART_Init) refers to main.o(.bss.huart1) for huart1
    main.o(.text.MX_USART1_UART_Init) refers to stm32n6xx_hal_uart.o(.text.HAL_UART_Init) for HAL_UART_Init
    main.o(.text.MX_USART1_UART_Init) refers to main.o(.text.Error_Handler) for Error_Handler
    main.o(.text.MX_USART1_UART_Init) refers to stm32n6xx_hal_uart_ex.o(.text.HAL_UARTEx_SetTxFifoThreshold) for HAL_UARTEx_SetTxFifoThreshold
    main.o(.text.MX_USART1_UART_Init) refers to stm32n6xx_hal_uart_ex.o(.text.HAL_UARTEx_SetRxFifoThreshold) for HAL_UARTEx_SetRxFifoThreshold
    main.o(.text.MX_USART1_UART_Init) refers to stm32n6xx_hal_uart_ex.o(.text.HAL_UARTEx_DisableFifoMode) for HAL_UARTEx_DisableFifoMode
    main.o(.ARM.exidx.text.MX_USART1_UART_Init) refers to main.o(.text.MX_USART1_UART_Init) for [Anonymous Symbol]
    main.o(.ARM.exidx.text.Error_Handler) refers to main.o(.text.Error_Handler) for [Anonymous Symbol]
    main.o(.ARM.exidx.text.LL_AHB4_GRP1_EnableClock) refers to main.o(.text.LL_AHB4_GRP1_EnableClock) for [Anonymous Symbol]
    stm32n6xx_it.o(.ARM.exidx.text.NMI_Handler) refers to stm32n6xx_it.o(.text.NMI_Handler) for [Anonymous Symbol]
    stm32n6xx_it.o(.ARM.exidx.text.HardFault_Handler) refers to stm32n6xx_it.o(.text.HardFault_Handler) for [Anonymous Symbol]
    stm32n6xx_it.o(.ARM.exidx.text.MemManage_Handler) refers to stm32n6xx_it.o(.text.MemManage_Handler) for [Anonymous Symbol]
[...]
    _init_user_alloc                          - Undefined Weak Reference
    _initio                                   - Undefined Weak Reference
    _rand_init                                - Undefined Weak Reference
    _signal_finish                            - Undefined Weak Reference
    _signal_init                              - Undefined Weak Reference
    _terminate_alloc                          - Undefined Weak Reference
    _terminate_user_alloc                     - Undefined Weak Reference
    _terminateio                              - Undefined Weak Reference
    __Vectors                                0x34180400   Data         844  startup_stm32n657xx_fsbl.o(RESET)
    __main                                   0x3418074d   Thumb Code     8  __main.o(!!!main)
    __scatterload                            0x34180755   Thumb Code     0  __scatter.o(!!!scatter)
    __scatterload_rt2                        0x34180755   Thumb Code    84  __scatter.o(!!!scatter)
    __scatterload_rt2_thumb_only             0x34180755   Thumb Code     0  __scatter.o(!!!scatter)
    __scatterload_loop                       0x3418075f   Thumb Code     0  __scatter.o(!!!scatter)
    __scatterload_copy                       0x341807b1   Thumb Code    26  __scatter_copy.o(!!handler_copy)
    __scatterload_null                       0x341807cd   Thumb Code     2  __scatter.o(!!handler_null)
    __scatterload_zeroinit                   0x341807d1   Thumb Code    28  __scatter_zi.o(!!handler_zi)
    __rt_lib_init                            0x341807ed   Thumb Code     0  libinit.o(.ARM.Collect$$libinit$$00000000)
    __rt_lib_init_fp_1                       0x341807ef   Thumb Code     0  libinit2.o(.ARM.Collect$$libinit$$00000001)
    __rt_lib_init_alloca_1                   0x341807f3   Thumb Code     0  libinit2.o(.ARM.Collect$$libinit$$00000030)
    __rt_lib_init_argv_1                     0x341807f3   Thumb Code     0  libinit2.o(.ARM.Collect$$libinit$$0000002E)
    __rt_lib_init_atexit_1                   0x341807f3   Thumb Code     0  libinit2.o(.ARM.Collect$$libinit$$0000001D)
    __rt_lib_init_clock_1                    0x341807f3   Thumb Code     0  libinit2.o(.ARM.Collect$$libinit$$00000023)
    __rt_lib_init_cpp_1                      0x341807f3   Thumb Code     0  libinit2.o(.ARM.Collect$$libinit$$00000034)
    __rt_lib_init_exceptions_1               0x341807f3   Thumb Code     0  libinit2.o(.ARM.Collect$$libinit$$00000032)
    __rt_lib_init_fp_trap_1                  0x341807f3   Thumb Code     0  libinit2.o(.ARM.Collect$$libinit$$00000021)
    __rt_lib_init_getenv_1                   0x341807f3   Thumb Code     0  libinit2.o(.ARM.Collect$$libinit$$00000025)
    __rt_lib_init_heap_1                     0x341807f3   Thumb Code     0  libinit2.o(.ARM.Collect$$libinit$$0000000C)
    __rt_lib_init_lc_collate_1               0x341807f3   Thumb Code     0  libinit2.o(.ARM.Collect$$libinit$$00000013)
    __rt_lib_init_lc_ctype_1                 0x341807f3   Thumb Code     0  libinit2.o(.ARM.Collect$$libinit$$00000015)
    __rt_lib_init_lc_monetary_1              0x341807f3   Thumb Code     0  libinit2.o(.ARM.Collect$$libinit$$00000017)
    __rt_lib_init_lc_numeric_1               0x341807f3   Thumb Code     0  libinit2.o(.ARM.Collect$$libinit$$00000019)
    __rt_lib_init_lc_time_1                  0x341807f3   Thumb Code     0  libinit2.o(.ARM.Collect$$libinit$$0000001B)
    __rt_lib_init_preinit_1                  0x341807f3   Thumb Code     0  libinit2.o(.ARM.Collect$$libinit$$00000006)
    __rt_lib_init_rand_1                     0x341807f3   Thumb Code     0  libinit2.o(.ARM.Collect$$libinit$$00000010)
    __rt_lib_init_relocate_pie_1             0x341807f3   Thumb Code     0  libinit2.o(.ARM.Collect$$libinit$$00000004)
    __rt_lib_init_return                     0x341807f3   Thumb Code     0  libinit2.o(.ARM.Collect$$libinit$$00000035)
    __rt_lib_init_signal_1                   0x341807f3   Thumb Code     0  libinit2.o(.ARM.Collect$$libinit$$0000001F)
    __rt_lib_init_stdio_1                    0x341807f3   Thumb Code     0  libinit2.o(.ARM.Collect$$libinit$$00000027)
    __rt_lib_init_user_alloc_1               0x341807f3   Thumb Code     0  libinit2.o(.ARM.Collect$$libinit$$0000000E)
    __rt_lib_shutdown                        0x341807f5   Thumb Code     0  libshutdown.o(.ARM.Collect$$libshutdown$$00000000)
    __rt_lib_shutdown_cpp_1                  0x341807f7   Thumb Code     0  libshutdown2.o(.ARM.Collect$$libshutdown$$00000002)
    __rt_lib_shutdown_fp_trap_1              0x341807f7   Thumb Code     0  libshutdown2.o(.ARM.Collect$$libshutdown$$00000007)
    __rt_lib_shutdown_heap_1                 0x341807f7   Thumb Code     0  libshutdown2.o(.ARM.Collect$$libshutdown$$0000000F)
    __rt_lib_shutdown_return                 0x341807f7   Thumb Code     0  libshutdown2.o(.ARM.Collect$$libshutdown$$00000010)
    __rt_lib_shutdown_signal_1               0x341807f7   Thumb Code     0  libshutdown2.o(.ARM.Collect$$libshutdown$$0000000A)
    __rt_lib_shutdown_stdio_1                0x341807f7   Thumb Code     0  libshutdown2.o(.ARM.Collect$$libshutdown$$00000004)
    __rt_lib_shutdown_user_alloc_1           0x341807f7   Thumb Code     0  libshutdown2.o(.ARM.Collect$$libshutdown$$0000000C)
    __rt_entry                               0x341807f9   Thumb Code     0  __rtentry.o(.ARM.Collect$$rtentry$$00000000)
    __rt_entry_presh_1                       0x341807f9   Thumb Code     0  __rtentry2.o(.ARM.Collect$$rtentry$$00000002)
    __rt_entry_sh                            0x341807f9   Thumb Code     0  __rtentry7.o(.ARM.Collect$$rtentry$$00000007)
    __rt_entry_li                            0x341807fd   Thumb Code     0  __rtentry2.o(.ARM.Collect$$rtentry$$0000000A)
    __rt_entry_postsh_1                      0x341807fd   Thumb Code     0  __rtentry2.o(.ARM.Collect$$rtentry$$00000009)
    __rt_entry_main                          0x34180801   Thumb Code     0  __rtentry2.o(.ARM.Collect$$rtentry$$0000000D)
    __rt_entry_postli_1                      0x34180801   Thumb Code     0  __rtentry2.o(.ARM.Collect$$rtentry$$0000000C)
    __rt_exit                                0x3418080d   Thumb Code     0  rtexit.o(.ARM.Collect$$rtexit$$00000000)
    __rt_exit_ls                             0x3418080f   Thumb Code     0  rtexit2.o(.ARM.Collect$$rtexit$$00000003)
    __rt_exit_prels_1                        0x3418080f   Thumb Code     0  rtexit2.o(.ARM.Collect$$rtexit$$00000002)
    __rt_exit_exit                           0x34180813   Thumb Code     0  rtexit2.o(.ARM.Collect$$rtexit$$00000004)
    __aeabi_uldivmod                         0x34180819   Thumb Code     0  lludivv7m.o(.text)
    _ll_udiv                                 0x34180819   Thumb Code   240  lludivv7m.o(.text)
    __aeabi_memclr4                          0x34180909   Thumb Code     0  rt_memclr_w.o(.text)
    __aeabi_memclr8                          0x34180909   Thumb Code     0  rt_memclr_w.o(.text)
    __rt_memclr_w                            0x34180909   Thumb Code     0  rt_memclr_w.o(.text)
    _memset_w                                0x3418090d   Thumb Code    74  rt_memclr_w.o(.text)
    exit                                     0x34180957   Thumb Code    18  exit.o(.text)
    _sys_exit                                0x34180969   Thumb Code     8  sys_exit.o(.text)
    __I$use$semihosting                      0x34180975   Thumb Code     0  use_no_semi.o(.text)
    __use_no_semihosting_swi                 0x34180975   Thumb Code     2  use_no_semi.o(.text)
    __semihosting_library_function           0x34180977   Thumb Code     0  indicate_semi.o(.text)
    BusFault_Handler                         0x34180979   Thumb Code     4  stm32n6xx_it.o(.text.BusFault_Handler)
    DebugMon_Handler                         0x3418097d   Thumb Code     2  stm32n6xx_it.o(.text.DebugMon_Handler)
    ADC1_2_IRQHandler                        0x34180981   Thumb Code     4  startup_stm32n657xx_fsbl.o(.text.Default_Handler)
    ADF1_FLT0_IRQHandler                     0x34180981   Thumb Code     4  startup_stm32n657xx_fsbl.o(.text.Default_Handler)
    BKP_ECC_IRQHandler                       0x34180981   Thumb Code     4  startup_stm32n657xx_fsbl.o(.text.Default_Handler)
    CACHEAXI_IRQHandler                      0x34180981   Thumb Code     4  startup_stm32n657xx_fsbl.o(.text.Default_Handler)
    CACHE_ECC_IRQHandler                     0x34180981   Thumb Code     4  startup_stm32n657xx_fsbl.o(.text.Default_Handler)
    CRYP_IRQHandler                          0x34180981   Thumb Code     4  startup_stm32n657xx_fsbl.o(.text.Default_Handler)
    CSI_IRQHandler                           0x34180981   Thumb Code     4  startup_stm32n657xx_fsbl.o(.text.Default_Handler)
    CTI_INT0_IRQHandler                      0x34180981   Thumb Code     4  startup_stm32n657xx_fsbl.o(.text.Default_Handler)
    CTI_INT1_IRQHandler                      0x34180981   Thumb Code     4  startup_stm32n657xx_fsbl.o(.text.Default_Handler)
    DCMIPP_IRQHandler                        0x34180981   Thumb Code     4  startup_stm32n657xx_fsbl.o(.text.Default_Handler)
    DCMI_PSSI_IRQHandler                     0x34180981   Thumb Code     4  startup_stm32n657xx_fsbl.o(.text.Default_Handler)
    DMA2D_IRQHandler                         0x34180981   Thumb Code     4  startup_stm32n657xx_fsbl.o(.text.Default_Handler)
    DTS_IRQHandler                           0x34180981   Thumb Code     4  startup_stm32n657xx_fsbl.o(.text.Default_Handler)
    Default_Handler                          0x34180981   Thumb Code     4  startup_stm32n657xx_fsbl.o(.text.Default_Handler)
    ETH1_IRQHandler                          0x34180981   Thumb Code     4  startup_stm32n657xx_fsbl.o(.text.Default_Handler)
    EXTI0_IRQHandler                         0x34180981   Thumb Code     4  startup_stm32n657xx_fsbl.o(.text.Default_Handler)
    EXTI10_IRQHandler                        0x34180981   Thumb Code     4  startup_stm32n657xx_fsbl.o(.text.Default_Handler)
    EXTI11_IRQHandler                        0x34180981   Thumb Code     4  startup_stm32n657xx_fsbl.o(.text.Default_Handler)
    EXTI12_IRQHandler                        0x34180981   Thumb Code     4  startup_stm32n657xx_fsbl.o(.text.Default_Handler)
    EXTI13_IRQHandler                        0x34180981   Thumb Code     4  startup_stm32n657xx_fsbl.o(.text.Default_Handler)
    EXTI14_IRQHandler                        0x34180981   Thumb Code     4  startup_stm32n657xx_fsbl.o(.text.Default_Handler)
    EXTI15_IRQHandler                        0x34180981   Thumb Code     4  startup_stm32n657xx_fsbl.o(.text.Default_Handler)
    EXTI1_IRQHandler                         0x34180981   Thumb Code     4  startup_stm32n657xx_fsbl.o(.text.Default_Handler)
    EXTI2_IRQHandler                         0x34180981   Thumb Code     4  startup_stm32n657xx_fsbl.o(.text.Default_Handler)
    EXTI3_IRQHandler                         0x34180981   Thumb Code     4  startup_stm32n657xx_fsbl.o(.text.Default_Handler)
    EXTI4_IRQHandler                         0x34180981   Thumb Code     4  startup_stm32n657xx_fsbl.o(.text.Default_Handler)
    EXTI5_IRQHandler                         0x34180981   Thumb Code     4  startup_stm32n657xx_fsbl.o(.text.Default_Handler)
    EXTI6_IRQHandler                         0x34180981   Thumb Code     4  startup_stm32n657xx_fsbl.o(.text.Default_Handler)
    EXTI7_IRQHandler                         0x34180981   Thumb Code     4  startup_stm32n657xx_fsbl.o(.text.Default_Handler)
    EXTI8_IRQHandler                         0x34180981   Thumb Code     4  startup_stm32n657xx_fsbl.o(.text.Default_Handler)
    EXTI9_IRQHandler                         0x34180981   Thumb Code     4  startup_stm32n657xx_fsbl.o(.text.Default_Handler)
    FDCAN1_IT0_IRQHandler                    0x34180981   Thumb Code     4  startup_stm32n657xx_fsbl.o(.text.Default_Handler)
    FDCAN1_IT1_IRQHandler                    0x34180981   Thumb Code     4  startup_stm32n657xx_fsbl.o(.text.Default_Handler)
    FDCAN2_IT0_IRQHandler                    0x34180981   Thumb Code     4  startup_stm32n657xx_fsbl.o(.text.Default_Handler)
    FDCAN2_IT1_IRQHandler                    0x34180981   Thumb Code     4  startup_stm32n657xx_fsbl.o(.text.Default_Handler)
    FDCAN3_IT0_IRQHandler                    0x34180981   Thumb Code     4  startup_stm32n657xx_fsbl.o(.text.Default_Handler)
    FDCAN3_IT1_IRQHandler                    0x34180981   Thumb Code     4  startup_stm32n657xx_fsbl.o(.text.Default_Handler)
    FDCAN_CU_IRQHandler                      0x34180981   Thumb Code     4  startup_stm32n657xx_fsbl.o(.text.Default_Handler)
    FMC_IRQHandler                           0x34180981   Thumb Code     4  startup_stm32n657xx_fsbl.o(.text.Default_Handler)
    FPU_IRQHandler                           0x34180981   Thumb Code     4  startup_stm32n657xx_fsbl.o(.text.Default_Handler)
    GFXMMU_IRQHandler                        0x34180981   Thumb Code     4  startup_stm32n657xx_fsbl.o(.text.Default_Handler)
    GFXTIM_IRQHandler                        0x34180981   Thumb Code     4  startup_stm32n657xx_fsbl.o(.text.Default_Handler)
    GPDMA1_Channel0_IRQHandler               0x34180981   Thumb Code     4  startup_stm32n657xx_fsbl.o(.text.Default_Handler)
    GPDMA1_Channel10_IRQHandler              0x34180981   Thumb Code     4  startup_stm32n657xx_fsbl.o(.text.Default_Handler)
    GPDMA1_Channel11_IRQHandler              0x34180981   Thumb Code     4  startup_stm32n657xx_fsbl.o(.text.Default_Handler)
    GPDMA1_Channel12_IRQHandler              0x34180981   Thumb Code     4  startup_stm32n657xx_fsbl.o(.text.Default_Handler)
    GPDMA1_Channel13_IRQHandler              0x34180981   Thumb Code     4  startup_stm32n657xx_fsbl.o(.text.Default_Handler)
    GPDMA1_Channel14_IRQHandler              0x34180981   Thumb Code     4  startup_stm32n657xx_fsbl.o(.text.Default_Handler)
    GPDMA1_Channel15_IRQHandler              0x34180981   Thumb Code     4  startup_stm32n657xx_fsbl.o(.text.Default_Handler)
    GPDMA1_Channel1_IRQHandler               0x34180981   Thumb Code     4  startup_stm32n657xx_fsbl.o(.text.Default_Handler)
    GPDMA1_Channel2_IRQHandler               0x34180981   Thumb Code     4  startup_stm32n657xx_fsbl.o(.text.Default_Handler)
    GPDMA1_Channel3_IRQHandler               0x34180981   Thumb Code     4  startup_stm32n657xx_fsbl.o(.text.Default_Handler)
    GPDMA1_Channel4_IRQHandler               0x34180981   Thumb Code     4  startup_stm32n657xx_fsbl.o(.text.Default_Handler)
    GPDMA1_Channel5_IRQHandler               0x34180981   Thumb Code     4  startup_stm32n657xx_fsbl.o(.text.Default_Handler)
    GPDMA1_Channel6_IRQHandler               0x34180981   Thumb Code     4  startup_stm32n657xx_fsbl.o(.text.Default_Handler)
    GPDMA1_Channel7_IRQHandler               0x34180981   Thumb Code     4  startup_stm32n657xx_fsbl.o(.text.Default_Handler)
    GPDMA1_Channel8_IRQHandler               0x34180981   Thumb Code     4  startup_stm32n657xx_fsbl.o(.text.Default_Handler)
    GPDMA1_Channel9_IRQHandler               0x34180981   Thumb Code     4  startup_stm32n657xx_fsbl.o(.text.Default_Handler)
    GPU2D_ER_IRQHandler                      0x34180981   Thumb Code     4  startup_stm32n657xx_fsbl.o(.text.Default_Handler)
    GPU2D_IRQHandler                         0x34180981   Thumb Code     4  startup_stm32n657xx_fsbl.o(.text.Default_Handler)
    HASH_IRQHandler                          0x34180981   Thumb Code     4  startup_stm32n657xx_fsbl.o(.text.Default_Handler)
    HPDMA1_Channel0_IRQHandler               0x34180981   Thumb Code     4  startup_stm32n657xx_fsbl.o(.text.Default_Handler)
    HPDMA1_Channel10_IRQHandler              0x34180981   Thumb Code     4  startup_stm32n657xx_fsbl.o(.text.Default_Handler)
    HPDMA1_Channel11_IRQHandler              0x34180981   Thumb Code     4  startup_stm32n657xx_fsbl.o(.text.Default_Handler)
    HPDMA1_Channel12_IRQHandler              0x34180981   Thumb Code     4  startup_stm32n657xx_fsbl.o(.text.Default_Handler)
    HPDMA1_Channel13_IRQHandler              0x34180981   Thumb Code     4  startup_stm32n657xx_fsbl.o(.text.Default_Handler)
    HPDMA1_Channel14_IRQHandler              0x34180981   Thumb Code     4  startup_stm32n657xx_fsbl.o(.text.Default_Handler)
    HPDMA1_Channel15_IRQHandler              0x34180981   Thumb Code     4  startup_stm32n657xx_fsbl.o(.text.Default_Handler)
    HPDMA1_Channel1_IRQHandler               0x34180981   Thumb Code     4  startup_stm32n657xx_fsbl.o(.text.Default_Handler)
    HPDMA1_Channel2_IRQHandler               0x34180981   Thumb Code     4  startup_stm32n657xx_fsbl.o(.text.Default_Handler)
    HPDMA1_Channel3_IRQHandler               0x34180981   Thumb Code     4  startup_stm32n657xx_fsbl.o(.text.Default_Handler)
    HPDMA1_Channel4_IRQHandler               0x34180981   Thumb Code     4  startup_stm32n657xx_fsbl.o(.text.Default_Handler)
    HPDMA1_Channel5_IRQHandler               0x34180981   Thumb Code     4  startup_stm32n657xx_fsbl.o(.text.Default_Handler)
    HPDMA1_Channel6_IRQHandler               0x34180981   Thumb Code     4  startup_stm32n657xx_fsbl.o(.text.Default_Handler)
    HPDMA1_Channel7_IRQHandler               0x34180981   Thumb Code     4  startup_stm32n657xx_fsbl.o(.text.Default_Handler)
    HPDMA1_Channel8_IRQHandler               0x34180981   Thumb Code     4  startup_stm32n657xx_fsbl.o(.text.Default_Handler)
    HPDMA1_Channel9_IRQHandler               0x34180981   Thumb Code     4  startup_stm32n657xx_fsbl.o(.text.Default_Handler)
    I2C1_ER_IRQHandler                       0x34180981   Thumb Code     4  startup_stm32n657xx_fsbl.o(.text.Default_Handler)
    I2C1_EV_IRQHandler                       0x34180981   Thumb Code     4  startup_stm32n657xx_fsbl.o(.text.Default_Handler)
    I2C2_ER_IRQHandler                       0x34180981   Thumb Code     4  startup_stm32n657xx_fsbl.o(.text.Default_Handler)
    I2C2_EV_IRQHandler                       0x34180981   Thumb Code     4  startup_stm32n657xx_fsbl.o(.text.Default_Handler)
    I2C3_ER_IRQHandler                       0x34180981   Thumb Code     4  startup_stm32n657xx_fsbl.o(.text.Default_Handler)
    I2C3_EV_IRQHandler                       0x34180981   Thumb Code     4  startup_stm32n657xx_fsbl.o(.text.Default_Handler)
    I2C4_ER_IRQHandler                       0x34180981   Thumb Code     4  startup_stm32n657xx_fsbl.o(.text.Default_Handler)
    I2C4_EV_IRQHandler                       0x34180981   Thumb Code     4  startup_stm32n657xx_fsbl.o(.text.Default_Handler)
    I3C1_ER_IRQHandler                       0x34180981   Thumb Code     4  startup_stm32n657xx_fsbl.o(.text.Default_Handler)
    I3C1_EV_IRQHandler                       0x34180981   Thumb Code     4  startup_stm32n657xx_fsbl.o(.text.Default_Handler)
    I3C2_ER_IRQHandler                       0x34180981   Thumb Code     4  startup_stm32n657xx_fsbl.o(.text.Default_Handler)
    I3C2_EV_IRQHandler                       0x34180981   Thumb Code     4  startup_stm32n657xx_fsbl.o(.text.Default_Handler)
    IAC_IRQHandler                           0x34180981   Thumb Code     4  startup_stm32n657xx_fsbl.o(.text.Default_Handler)
    ICACHE_IRQHandler                        0x34180981   Thumb Code     4  startup_stm32n657xx_fsbl.o(.text.Default_Handler)
    IWDG_IRQHandler                          0x34180981   Thumb Code     4  startup_stm32n657xx_fsbl.o(.text.Default_Handler)
    JPEG_IRQHandler                          0x34180981   Thumb Code     4  startup_stm32n657xx_fsbl.o(.text.Default_Handler)
    LOCKUP_IRQHandler                        0x34180981   Thumb Code     4  startup_stm32n657xx_fsbl.o(.text.Default_Handler)
    LPTIM1_IRQHandler                        0x34180981   Thumb Code     4  startup_stm32n657xx_fsbl.o(.text.Default_Handler)
    LPTIM2_IRQHandler                        0x34180981   Thumb Code     4  startup_stm32n657xx_fsbl.o(.text.Default_Handler)
    LPTIM3_IRQHandler                        0x34180981   Thumb Code     4  startup_stm32n657xx_fsbl.o(.text.Default_Handler)
    LPTIM4_IRQHandler                        0x34180981   Thumb Code     4  startup_stm32n657xx_fsbl.o(.text.Default_Handler)
    LPTIM5_IRQHandler                        0x34180981   Thumb Code     4  startup_stm32n657xx_fsbl.o(.text.Default_Handler)
    LPUART1_IRQHandler                       0x34180981   Thumb Code     4  startup_stm32n657xx_fsbl.o(.text.Default_Handler)
    LTDC_LO_ERR_IRQHandler                   0x34180981   Thumb Code     4  startup_stm32n657xx_fsbl.o(.text.Default_Handler)
    LTDC_LO_IRQHandler                       0x34180981   Thumb Code     4  startup_stm32n657xx_fsbl.o(.text.Default_Handler)
    LTDC_UP_ERR_IRQHandler                   0x34180981   Thumb Code     4  startup_stm32n657xx_fsbl.o(.text.Default_Handler)
    LTDC_UP_IRQHandler                       0x34180981   Thumb Code     4  startup_stm32n657xx_fsbl.o(.text.Default_Handler)
    MCE1_IRQHandler                          0x34180981   Thumb Code     4  startup_stm32n657xx_fsbl.o(.text.Default_Handler)
    MCE2_IRQHandler                          0x34180981   Thumb Code     4  startup_stm32n657xx_fsbl.o(.text.Default_Handler)
    MCE3_IRQHandler                          0x34180981   Thumb Code     4  startup_stm32n657xx_fsbl.o(.text.Default_Handler)
    MCE4_IRQHandler                          0x34180981   Thumb Code     4  startup_stm32n657xx_fsbl.o(.text.Default_Handler)
    MDF1_FLT0_IRQHandler                     0x34180981   Thumb Code     4  startup_stm32n657xx_fsbl.o(.text.Default_Handler)
    MDF1_FLT1_IRQHandler                     0x34180981   Thumb Code     4  startup_stm32n657xx_fsbl.o(.text.Default_Handler)
    MDF1_FLT2_IRQHandler                     0x34180981   Thumb Code     4  startup_stm32n657xx_fsbl.o(.text.Default_Handler)
    MDF1_FLT3_IRQHandler                     0x34180981   Thumb Code     4  startup_stm32n657xx_fsbl.o(.text.Default_Handler)
    MDF1_FLT4_IRQHandler                     0x34180981   Thumb Code     4  startup_stm32n657xx_fsbl.o(.text.Default_Handler)
    MDF1_FLT5_IRQHandler                     0x34180981   Thumb Code     4  startup_stm32n657xx_fsbl.o(.text.Default_Handler)
    MDIOS_IRQHandler                         0x34180981   Thumb Code     4  startup_stm32n657xx_fsbl.o(.text.Default_Handler)
    NPU0_IRQHandler                          0x34180981   Thumb Code     4  startup_stm32n657xx_fsbl.o(.text.Default_Handler)
    NPU1_IRQHandler                          0x34180981   Thumb Code     4  startup_stm32n657xx_fsbl.o(.text.Default_Handler)
    NPU2_IRQHandler                          0x34180981   Thumb Code     4  startup_stm32n657xx_fsbl.o(.text.Default_Handler)
    NPU3_IRQHandler                          0x34180981   Thumb Code     4  startup_stm32n657xx_fsbl.o(.text.Default_Handler)
    PAHB_ERR_IRQHandler                      0x34180981   Thumb Code     4  startup_stm32n657xx_fsbl.o(.text.Default_Handler)
    PKA_IRQHandler                           0x34180981   Thumb Code     4  startup_stm32n657xx_fsbl.o(.text.Default_Handler)
    PVD_PVM_IRQHandler                       0x34180981   Thumb Code     4  startup_stm32n657xx_fsbl.o(.text.Default_Handler)
    RCC_IRQHandler                           0x34180981   Thumb Code     4  startup_stm32n657xx_fsbl.o(.text.Default_Handler)
    RCC_S_IRQHandler                         0x34180981   Thumb Code     4  startup_stm32n657xx_fsbl.o(.text.Default_Handler)
    RIFSC_TAMPER_IRQHandler                  0x34180981   Thumb Code     4  startup_stm32n657xx_fsbl.o(.text.Default_Handler)
    RNG_IRQHandler                           0x34180981   Thumb Code     4  startup_stm32n657xx_fsbl.o(.text.Default_Handler)
    RTC_IRQHandler                           0x34180981   Thumb Code     4  startup_stm32n657xx_fsbl.o(.text.Default_Handler)
    RTC_S_IRQHandler                         0x34180981   Thumb Code     4  startup_stm32n657xx_fsbl.o(.text.Default_Handler)
    SAES_IRQHandler                          0x34180981   Thumb Code     4  startup_stm32n657xx_fsbl.o(.text.Default_Handler)
    SAI1_A_IRQHandler                        0x34180981   Thumb Code     4  startup_stm32n657xx_fsbl.o(.text.Default_Handler)
    SAI1_B_IRQHandler                        0x34180981   Thumb Code     4  startup_stm32n657xx_fsbl.o(.text.Default_Handler)
    SAI2_A_IRQHandler                        0x34180981   Thumb Code     4  startup_stm32n657xx_fsbl.o(.text.Default_Handler)
    SAI2_B_IRQHandler                        0x34180981   Thumb Code     4  startup_stm32n657xx_fsbl.o(.text.Default_Handler)
    SDMMC1_IRQHandler                        0x34180981   Thumb Code     4  startup_stm32n657xx_fsbl.o(.text.Default_Handler)
    SDMMC2_IRQHandler                        0x34180981   Thumb Code     4  startup_stm32n657xx_fsbl.o(.text.Default_Handler)
    SPDIFRX1_IRQHandler                      0x34180981   Thumb Code     4  startup_stm32n657xx_fsbl.o(.text.Default_Handler)
    SPI1_IRQHandler                          0x34180981   Thumb Code     4  startup_stm32n657xx_fsbl.o(.text.Default_Handler)
    SPI2_IRQHandler                          0x34180981   Thumb Code     4  startup_stm32n657xx_fsbl.o(.text.Default_Handler)
    SPI3_IRQHandler                          0x34180981   Thumb Code     4  startup_stm32n657xx_fsbl.o(.text.Default_Handler)
    SPI4_IRQHandler                          0x34180981   Thumb Code     4  startup_stm32n657xx_fsbl.o(.text.Default_Handler)
    SPI5_IRQHandler                          0x34180981   Thumb Code     4  startup_stm32n657xx_fsbl.o(.text.Default_Handler)
    SPI6_IRQHandler                          0x34180981   Thumb Code     4  startup_stm32n657xx_fsbl.o(.text.Default_Handler)
    TAMP_IRQHandler                          0x34180981   Thumb Code     4  startup_stm32n657xx_fsbl.o(.text.Default_Handler)
    TCM_ECC_IRQHandler                       0x34180981   Thumb Code     4  startup_stm32n657xx_fsbl.o(.text.Default_Handler)
    TIM10_IRQHandler                         0x34180981   Thumb Code     4  startup_stm32n657xx_fsbl.o(.text.Default_Handler)
    TIM11_IRQHandler                         0x34180981   Thumb Code     4  startup_stm32n657xx_fsbl.o(.text.Default_Handler)
    TIM12_IRQHandler                         0x34180981   Thumb Code     4  startup_stm32n657xx_fsbl.o(.text.Default_Handler)
    TIM13_IRQHandler                         0x34180981   Thumb Code     4  startup_stm32n657xx_fsbl.o(.text.Default_Handler)
    TIM14_IRQHandler                         0x34180981   Thumb Code     4  startup_stm32n657xx_fsbl.o(.text.Default_Handler)
    TIM15_IRQHandler                         0x34180981   Thumb Code     4  startup_stm32n657xx_fsbl.o(.text.Default_Handler)
    TIM16_IRQHandler                         0x34180981   Thumb Code     4  startup_stm32n657xx_fsbl.o(.text.Default_Handler)
    TIM17_IRQHandler                         0x34180981   Thumb Code     4  startup_stm32n657xx_fsbl.o(.text.Default_Handler)
    TIM18_IRQHandler                         0x34180981   Thumb Code     4  startup_stm32n657xx_fsbl.o(.text.Default_Handler)
    TIM1_BRK_IRQHandler                      0x34180981   Thumb Code     4  startup_stm32n657xx_fsbl.o(.text.Default_Handler)
    TIM1_CC_IRQHandler                       0x34180981   Thumb Code     4  startup_stm32n657xx_fsbl.o(.text.Default_Handler)
    TIM1_TRG_COM_IRQHandler                  0x34180981   Thumb Code     4  startup_stm32n657xx_fsbl.o(.text.Default_Handler)
    TIM1_UP_IRQHandler                       0x34180981   Thumb Code     4  startup_stm32n657xx_fsbl.o(.text.Default_Handler)
    TIM2_IRQHandler                          0x34180981   Thumb Code     4  startup_stm32n657xx_fsbl.o(.text.Default_Handler)
    TIM3_IRQHandler                          0x34180981   Thumb Code     4  startup_stm32n657xx_fsbl.o(.text.Default_Handler)
    TIM4_IRQHandler                          0x34180981   Thumb Code     4  startup_stm32n657xx_fsbl.o(.text.Default_Handler)
    TIM5_IRQHandler                          0x34180981   Thumb Code     4  startup_stm32n657xx_fsbl.o(.text.Default_Handler)
    TIM6_IRQHandler                          0x34180981   Thumb Code     4  startup_stm32n657xx_fsbl.o(.text.Default_Handler)
    TIM7_IRQHandler                          0x34180981   Thumb Code     4  startup_stm32n657xx_fsbl.o(.text.Default_Handler)
    TIM8_BRK_IRQHandler                      0x34180981   Thumb Code     4  startup_stm32n657xx_fsbl.o(.text.Default_Handler)
    TIM8_CC_IRQHandler                       0x34180981   Thumb Code     4  startup_stm32n657xx_fsbl.o(.text.Default_Handler)
    TIM8_TRG_COM_IRQHandler                  0x34180981   Thumb Code     4  startup_stm32n657xx_fsbl.o(.text.Default_Handler)
    TIM8_UP_IRQHandler                       0x34180981   Thumb Code     4  startup_stm32n657xx_fsbl.o(.text.Default_Handler)
    TIM9_IRQHandler                          0x34180981   Thumb Code     4  startup_stm32n657xx_fsbl.o(.text.Default_Handler)
    UART4_IRQHandler                         0x34180981   Thumb Code     4  startup_stm32n657xx_fsbl.o(.text.Default_Handler)
    UART5_IRQHandler                         0x34180981   Thumb Code     4  startup_stm32n657xx_fsbl.o(.text.Default_Handler)
    UART7_IRQHandler                         0x34180981   Thumb Code     4  startup_stm32n657xx_fsbl.o(.text.Default_Handler)
    UART8_IRQHandler                         0x34180981   Thumb Code     4  startup_stm32n657xx_fsbl.o(.text.Default_Handler)
    UART9_IRQHandler                         0x34180981   Thumb Code     4  startup_stm32n657xx_fsbl.o(.text.Default_Handler)
    UCPD1_IRQHandler                         0x34180981   Thumb Code     4  startup_stm32n657xx_fsbl.o(.text.Default_Handler)
    USART10_IRQHandler                       0x34180981   Thumb Code     4  startup_stm32n657xx_fsbl.o(.text.Default_Handler)
    USART1_IRQHandler                        0x34180981   Thumb Code     4  startup_stm32n657xx_fsbl.o(.text.Default_Handler)
    USART2_IRQHandler                        0x34180981   Thumb Code     4  startup_stm32n657xx_fsbl.o(.text.Default_Handler)
    USART3_IRQHandler                        0x34180981   Thumb Code     4  startup_stm32n657xx_fsbl.o(.text.Default_Handler)
    USART6_IRQHandler                        0x34180981   Thumb Code     4  startup_stm32n657xx_fsbl.o(.text.Default_Handler)
    USB1_OTG_HS_IRQHandler                   0x34180981   Thumb Code     4  startup_stm32n657xx_fsbl.o(.text.Default_Handler)
    USB2_OTG_HS_IRQHandler                   0x34180981   Thumb Code     4  startup_stm32n657xx_fsbl.o(.text.Default_Handler)
    VENC_IRQHandler                          0x34180981   Thumb Code     4  startup_stm32n657xx_fsbl.o(.text.Default_Handler)
    WAKEUP_PIN_IRQHandler                    0x34180981   Thumb Code     4  startup_stm32n657xx_fsbl.o(.text.Default_Handler)
    WWDG_IRQHandler                          0x34180981   Thumb Code     4  startup_stm32n657xx_fsbl.o(.text.Default_Handler)
    XSPI1_IRQHandler                         0x34180981   Thumb Code     4  startup_stm32n657xx_fsbl.o(.text.Default_Handler)
    XSPI2_IRQHandler                         0x34180981   Thumb Code     4  startup_stm32n657xx_fsbl.o(.text.Default_Handler)
    XSPI3_IRQHandler                         0x34180981   Thumb Code     4  startup_stm32n657xx_fsbl.o(.text.Default_Handler)
    Error_Handler                            0x34180985   Thumb Code     6  main.o(.text.Error_Handler)
    HAL_GPIO_Init                            0x3418098d   Thumb Code  1042  stm32n6xx_hal_gpio.o(.text.HAL_GPIO_Init)
    HAL_GetTick                              0x34180da1   Thumb Code    12  stm32n6xx_hal.o(.text.HAL_GetTick)
    HAL_IncTick                              0x34180dad   Thumb Code    26  stm32n6xx_hal.o(.text.HAL_IncTick)
    HAL_Init                                 0x34180dc9   Thumb Code    52  stm32n6xx_hal.o(.text.HAL_Init)
    HAL_InitTick                             0x34180dfd   Thumb Code   134  stm32n6xx_hal.o(.text.HAL_InitTick)
    HAL_MspInit                              0x34180e85   Thumb Code     2  stm32n6xx_hal_msp.o(.text.HAL_MspInit)
    HAL_NVIC_SetPriority                     0x34180e89   Thumb Code    50  stm32n6xx_hal_cortex.o(.text.HAL_NVIC_SetPriority)
    HAL_NVIC_SetPriorityGrouping             0x34180ebd   Thumb Code    16  stm32n6xx_hal_cortex.o(.text.HAL_NVIC_SetPriorityGrouping)
    HAL_PWREx_ConfigSupply                   0x34180ecd   Thumb Code    94  stm32n6xx_hal_pwr_ex.o(.text.HAL_PWREx_ConfigSupply)
    HAL_RCCEx_GetPLL1CLKFreq                 0x34180f2d   Thumb Code   150  stm32n6xx_hal_rcc_ex.o(.text.HAL_RCCEx_GetPLL1CLKFreq)
    HAL_RCCEx_GetPLL2CLKFreq                 0x34180fc5   Thumb Code   150  stm32n6xx_hal_rcc_ex.o(.text.HAL_RCCEx_GetPLL2CLKFreq)
    HAL_RCCEx_GetPLL3CLKFreq                 0x3418105d   Thumb Code   150  stm32n6xx_hal_rcc_ex.o(.text.HAL_RCCEx_GetPLL3CLKFreq)
    HAL_RCCEx_GetPLL4CLKFreq                 0x341810f5   Thumb Code   150  stm32n6xx_hal_rcc_ex.o(.text.HAL_RCCEx_GetPLL4CLKFreq)
    HAL_RCCEx_GetPeriphCLKFreq               0x3418118d   Thumb Code  1732  stm32n6xx_hal_rcc_ex.o(.text.HAL_RCCEx_GetPeriphCLKFreq)
    HAL_RCCEx_PeriphCLKConfig                0x34181851   Thumb Code  9272  stm32n6xx_hal_rcc_ex.o(.text.HAL_RCCEx_PeriphCLKConfig)
    HAL_RCC_ClockConfig                      0x34183c89   Thumb Code  1270  stm32n6xx_hal_rcc.o(.text.HAL_RCC_ClockConfig)
    HAL_RCC_GetClockConfig                   0x34184181   Thumb Code   240  stm32n6xx_hal_rcc.o(.text.HAL_RCC_GetClockConfig)
    HAL_RCC_GetCpuClockFreq                  0x34184271   Thumb Code   254  stm32n6xx_hal_rcc.o(.text.HAL_RCC_GetCpuClockFreq)
    HAL_RCC_GetSysClockFreq                  0x34184371   Thumb Code    26  stm32n6xx_hal_rcc.o(.text.HAL_RCC_GetSysClockFreq)
    HAL_RCC_OscConfig                        0x3418438d   Thumb Code  2344  stm32n6xx_hal_rcc.o(.text.HAL_RCC_OscConfig)
    HAL_SYSTICK_Config                       0x34184cb5   Thumb Code    16  stm32n6xx_hal_cortex.o(.text.HAL_SYSTICK_Config)
    HAL_UARTEx_DisableFifoMode               0x34184cc5   Thumb Code   124  stm32n6xx_hal_uart_ex.o(.text.HAL_UARTEx_DisableFifoMode)
    HAL_UARTEx_SetRxFifoThreshold            0x34184d41   Thumb Code   140  stm32n6xx_hal_uart_ex.o(.text.HAL_UARTEx_SetRxFifoThreshold)
    HAL_UARTEx_SetTxFifoThreshold            0x34184dcd   Thumb Code   140  stm32n6xx_hal_uart_ex.o(.text.HAL_UARTEx_SetTxFifoThreshold)
    HAL_UART_Init                            0x34184e59   Thumb Code   170  stm32n6xx_hal_uart.o(.text.HAL_UART_Init)
    HAL_UART_MspInit                         0x34184f05   Thumb Code   132  stm32n6xx_hal_msp.o(.text.HAL_UART_MspInit)
    HardFault_Handler                        0x34184f89   Thumb Code     4  stm32n6xx_it.o(.text.HardFault_Handler)
    MemManage_Handler                        0x34186001   Thumb Code     4  stm32n6xx_it.o(.text.MemManage_Handler)
    NMI_Handler                              0x34186005   Thumb Code     4  stm32n6xx_it.o(.text.NMI_Handler)
    PendSV_Handler                           0x34186075   Thumb Code     2  stm32n6xx_it.o(.text.PendSV_Handler)
    Reset_Handler                            0x34189b35   Thumb Code    42  startup_stm32n657xx_fsbl.o(.text.Reset_Handler)
    __acle_se_SECURE_SystemCoreClockUpdate   0x34189b61   Thumb Code     0  system_stm32n6xx_fsbl.o(.text.SECURE_SystemCoreClockUpdate)
    SVC_Handler                              0x34189b8d   Thumb Code     2  stm32n6xx_it.o(.text.SVC_Handler)
    SecureFault_Handler                      0x34189b91   Thumb Code     4  stm32n6xx_it.o(.text.SecureFault_Handler)
    SysTick_Handler                          0x34189be9   Thumb Code     8  stm32n6xx_it.o(.text.SysTick_Handler)
    SystemClock_Config                       0x34189bf1   Thumb Code   242  main.o(.text.SystemClock_Config)
    SystemCoreClockUpdate                    0x34189ce5   Thumb Code   876  system_stm32n6xx_fsbl.o(.text.SystemCoreClockUpdate)
    SystemInit                               0x3418a055   Thumb Code   394  system_stm32n6xx_fsbl.o(.text.SystemInit)
    UART_AdvFeatureConfig                    0x3418a269   Thumb Code   328  stm32n6xx_hal_uart.o(.text.UART_AdvFeatureConfig)
    UART_CheckIdleState                      0x3418a3b1   Thumb Code   326  stm32n6xx_hal_uart.o(.text.UART_CheckIdleState)
    UART_SetConfig                           0x3418a599   Thumb Code  1044  stm32n6xx_hal_uart.o(.text.UART_SetConfig)
    UART_WaitOnFlagUntilTimeout              0x3418a9ad   Thumb Code   254  stm32n6xx_hal_uart.o(.text.UART_WaitOnFlagUntilTimeout)
    UsageFault_Handler                       0x3418aaad   Thumb Code     4  stm32n6xx_it.o(.text.UsageFault_Handler)
    main                                     0x3418ab41   Thumb Code    28  main.o(.text.main)
    SECURE_SystemCoreClockUpdate             0x3418ab61   Thumb Code     8  anon$$obj.o(Veneer$$CMSE)
    _fp_init                                 0x3418ab81   Thumb Code    30  fpinit_81m.o(x$fpl$fpinit)
    __fplib_config_fpu_vfp                   0x3418ab9d   Thumb Code     0  fpinit_81m.o(x$fpl$fpinit)
    __fplib_config_pureend_doubles           0x3418ab9d   Thumb Code     0  fpinit_81m.o(x$fpl$fpinit)
    UARTPrescTable                           0x3418abae   Data          24  stm32n6xx_hal_uart.o(.rodata.UARTPrescTable)
    Region$$Table$$Base                      0x3418abc8   Number         0  anon$$obj.o(Region$$Table)
    Region$$Table$$Limit                     0x3418abe8   Number         0  anon$$obj.o(Region$$Table)
    SystemCoreClock                          0x341c0000   Data           4  system_stm32n6xx_fsbl.o(.data.SystemCoreClock)
    uwTickFreq                               0x341c0004   Data           1  stm32n6xx_hal.o(.data.uwTickFreq)
    uwTickPrio                               0x341c0008   Data           4  stm32n6xx_hal.o(.data.uwTickPrio)
    huart1                                   0x341c000c   Data         148  main.o(.bss.huart1)
    uwTick                                   0x341c00a0   Data           4  stm32n6xx_hal.o(.bss.uwTick)
    Image$$ARM_LIB_HEAP$$ZI$$Base            0x341c00a8   Number         0  anon$$obj.o ABSOLUTE
    Image$$ARM_LIB_HEAP$$ZI$$Limit           0x341c02a8   Number         0  anon$$obj.o ABSOLUTE
    Image$$ARM_LIB_STACK$$ZI$$Base           0x341ff7f8   Number         0  anon$$obj.o ABSOLUTE
    Image$$ARM_LIB_STACK$$ZI$$Limit          0x341ffff8   Number         0  anon$$obj.o ABSOLUTE



==============================================================================

Memory Map of the image

  Image Entry point : 0x3418074d

  Load Region LR_IROM1 (Base: 0x34180400, Size: 0x0000a7f4, Max: 0x0003fc00, ABSOLUTE)

    Execution Region ER_IROM1 (Exec base: 0x34180400, Load base: 0x34180400, Size: 0x0000a7e8, Max: 0x0003fc00, ABSOLUTE)

    Exec Addr    Load Addr    Size         Type   Attr      Idx    E Section Name        Object

    0x34180400   0x34180400   0x0000034c   Data   RO           10    RESET               startup_stm32n657xx_fsbl.o
    0x3418074c   0x3418074c   0x00000008   Code   RO         1717  * !!!main             c_w.l(__main.o)
    0x34180754   0x34180754   0x0000005c   Code   RO         1906    !!!scatter          c_w.l(__scatter.o)
    0x341807b0   0x341807b0   0x0000001a   Code   RO         1910    !!handler_copy      c_w.l(__scatter_copy.o)
    0x341807ca   0x341807ca   0x00000002   PAD
    0x341807cc   0x341807cc   0x00000002   Code   RO         1907    !!handler_null      c_w.l(__scatter.o)
    0x341807ce   0x341807ce   0x00000002   PAD
    0x341807d0   0x341807d0   0x0000001c   Code   RO         1912    !!handler_zi        c_w.l(__scatter_zi.o)
    0x341807ec   0x341807ec   0x00000002   Code   RO         1759    .ARM.Collect$$libinit$$00000000  c_w.l(libinit.o)
    0x341807ee   0x341807ee   0x00000004   Code   RO         1775    .ARM.Collect$$libinit$$00000001  c_w.l(libinit2.o)
    0x341807f2   0x341807f2   0x00000000   Code   RO         1778    .ARM.Collect$$libinit$$00000004  c_w.l(libinit2.o)
    0x341807f2   0x341807f2   0x00000000   Code   RO         1780    .ARM.Collect$$libinit$$00000006  c_w.l(libinit2.o)
    0x341807f2   0x341807f2   0x00000000   Code   RO         1783    .ARM.Collect$$libinit$$0000000C  c_w.l(libinit2.o)
    0x341807f2   0x341807f2   0x00000000   Code   RO         1785    .ARM.Collect$$libinit$$0000000E  c_w.l(libinit2.o)
    0x341807f2   0x341807f2   0x00000000   Code   RO         1787    .ARM.Collect$$libinit$$00000010  c_w.l(libinit2.o)
    0x341807f2   0x341807f2   0x00000000   Code   RO         1790    .ARM.Collect$$libinit$$00000013  c_w.l(libinit2.o)
    0x341807f2   0x341807f2   0x00000000   Code   RO         1792    .ARM.Collect$$libinit$$00000015  c_w.l(libinit2.o)
    0x341807f2   0x341807f2   0x00000000   Code   RO         1794    .ARM.Collect$$libinit$$00000017  c_w.l(libinit2.o)
    0x341807f2   0x341807f2   0x00000000   Code   RO         1796    .ARM.Collect$$libinit$$00000019  c_w.l(libinit2.o)
    0x341807f2   0x341807f2   0x00000000   Code   RO         1798    .ARM.Collect$$libinit$$0000001B  c_w.l(libinit2.o)
    0x341807f2   0x341807f2   0x00000000   Code   RO         1800    .ARM.Collect$$libinit$$0000001D  c_w.l(libinit2.o)
    0x341807f2   0x341807f2   0x00000000   Code   RO         1802    .ARM.Collect$$libinit$$0000001F  c_w.l(libinit2.o)
    0x341807f2   0x341807f2   0x00000000   Code   RO         1804    .ARM.Collect$$libinit$$00000021  c_w.l(libinit2.o)
    0x341807f2   0x341807f2   0x00000000   Code   RO         1806    .ARM.Collect$$libinit$$00000023  c_w.l(libinit2.o)
    0x341807f2   0x341807f2   0x00000000   Code   RO         1808    .ARM.Collect$$libinit$$00000025  c_w.l(libinit2.o)
    0x341807f2   0x341807f2   0x00000000   Code   RO         1810    .ARM.Collect$$libinit$$00000027  c_w.l(libinit2.o)
    0x341807f2   0x341807f2   0x00000000   Code   RO         1814    .ARM.Collect$$libinit$$0000002E  c_w.l(libinit2.o)
    0x341807f2   0x341807f2   0x00000000   Code   RO         1816    .ARM.Collect$$libinit$$00000030  c_w.l(libinit2.o)
    0x341807f2   0x341807f2   0x00000000   Code   RO         1818    .ARM.Collect$$libinit$$00000032  c_w.l(libinit2.o)
    0x341807f2   0x341807f2   0x00000000   Code   RO         1820    .ARM.Collect$$libinit$$00000034  c_w.l(libinit2.o)
    0x341807f2   0x341807f2   0x00000002   Code   RO         1821    .ARM.Collect$$libinit$$00000035  c_w.l(libinit2.o)
    0x341807f4   0x341807f4   0x00000002   Code   RO         1860    .ARM.Collect$$libshutdown$$00000000  c_w.l(libshutdown.o)
    0x341807f6   0x341807f6   0x00000000   Code   RO         1888    .ARM.Collect$$libshutdown$$00000002  c_w.l(libshutdown2.o)
    0x341807f6   0x341807f6   0x00000000   Code   RO         1890    .ARM.Collect$$libshutdown$$00000004  c_w.l(libshutdown2.o)
    0x341807f6   0x341807f6   0x00000000   Code   RO         1893    .ARM.Collect$$libshutdown$$00000007  c_w.l(libshutdown2.o)
    0x341807f6   0x341807f6   0x00000000   Code   RO         1896    .ARM.Collect$$libshutdown$$0000000A  c_w.l(libshutdown2.o)
    0x341807f6   0x341807f6   0x00000000   Code   RO         1898    .ARM.Collect$$libshutdown$$0000000C  c_w.l(libshutdown2.o)
    0x341807f6   0x341807f6   0x00000000   Code   RO         1901    .ARM.Collect$$libshutdown$$0000000F  c_w.l(libshutdown2.o)
    0x341807f6   0x341807f6   0x00000002   Code   RO         1902    .ARM.Collect$$libshutdown$$00000010  c_w.l(libshutdown2.o)
    0x341807f8   0x341807f8   0x00000000   Code   RO         1719    .ARM.Collect$$rtentry$$00000000  c_w.l(__rtentry.o)
    0x341807f8   0x341807f8   0x00000000   Code   RO         1725    .ARM.Collect$$rtentry$$00000002  c_w.l(__rtentry2.o)
    0x341807f8   0x341807f8   0x00000004   Code   RO         1739    .ARM.Collect$$rtentry$$00000007  c_w.l(__rtentry7.o)
    0x341807fc   0x341807fc   0x00000000   Code   RO         1727    .ARM.Collect$$rtentry$$00000009  c_w.l(__rtentry2.o)
    0x341807fc   0x341807fc   0x00000004   Code   RO         1728    .ARM.Collect$$rtentry$$0000000A  c_w.l(__rtentry2.o)
    0x34180800   0x34180800   0x00000000   Code   RO         1730    .ARM.Collect$$rtentry$$0000000C  c_w.l(__rtentry2.o)
    0x34180800   0x34180800   0x00000008   Code   RO         1731    .ARM.Collect$$rtentry$$0000000D  c_w.l(__rtentry2.o)
    0x34180808   0x34180808   0x00000004   Code   RO         1740    .ARM.Collect$$rtentry$$00002718  c_w.l(__rtentry7.o)
    0x3418080c   0x3418080c   0x00000002   Code   RO         1767    .ARM.Collect$$rtexit$$00000000  c_w.l(rtexit.o)
    0x3418080e   0x3418080e   0x00000000   Code   RO         1834    .ARM.Collect$$rtexit$$00000002  c_w.l(rtexit2.o)
    0x3418080e   0x3418080e   0x00000004   Code   RO         1835    .ARM.Collect$$rtexit$$00000003  c_w.l(rtexit2.o)
    0x34180812   0x34180812   0x00000006   Code   RO         1836    .ARM.Collect$$rtexit$$00000004  c_w.l(rtexit2.o)
    0x34180818   0x34180818   0x000000f0   Code   RO         1713    .text               c_w.l(lludivv7m.o)
    0x34180908   0x34180908   0x0000004e   Code   RO         1715    .text               c_w.l(rt_memclr_w.o)
    0x34180956   0x34180956   0x00000012   Code   RO         1748    .text               c_w.l(exit.o)
    0x34180968   0x34180968   0x0000000c   Code   RO         1826    .text               c_w.l(sys_exit.o)
    0x34180974   0x34180974   0x00000002   Code   RO         1830    .text               c_w.l(use_no_semi.o)
    0x34180976   0x34180976   0x00000000   Code   RO         1832    .text               c_w.l(indicate_semi.o)
    0x34180976   0x34180976   0x00000002   PAD
    0x34180978   0x34180978   0x00000004   Code   RO           45    .text.BusFault_Handler  stm32n6xx_it.o
    0x3418097c   0x3418097c   0x00000002   Code   RO           53    .text.DebugMon_Handler  stm32n6xx_it.o
    0x3418097e   0x3418097e   0x00000002   PAD
    0x34180980   0x34180980   0x00000004   Code   RO            4    .text.Default_Handler  startup_stm32n657xx_fsbl.o
    0x34180984   0x34180984   0x00000006   Code   RO           26    .text.Error_Handler  main.o
    0x3418098a   0x3418098a   0x00000002   PAD
    0x3418098c   0x3418098c   0x00000412   Code   RO         1180    .text.HAL_GPIO_Init  stm32n6xx_hal_gpio.o
    0x34180d9e   0x34180d9e   0x00000002   PAD
    0x34180da0   0x34180da0   0x0000000c   Code   RO         1447    .text.HAL_GetTick   stm32n6xx_hal.o
    0x34180dac   0x34180dac   0x0000001a   Code   RO         1445    .text.HAL_IncTick   stm32n6xx_hal.o
    0x34180dc6   0x34180dc6   0x00000002   PAD
    0x34180dc8   0x34180dc8   0x00000034   Code   RO         1435    .text.HAL_Init      stm32n6xx_hal.o
    0x34180dfc   0x34180dfc   0x00000086   Code   RO         1437    .text.HAL_InitTick  stm32n6xx_hal.o
    0x34180e82   0x34180e82   0x00000002   PAD
    0x34180e84   0x34180e84   0x00000002   Code   RO           66    .text.HAL_MspInit   stm32n6xx_hal_msp.o
    0x34180e86   0x34180e86   0x00000002   PAD
    0x34180e88   0x34180e88   0x00000032   Code   RO          103    .text.HAL_NVIC_SetPriority  stm32n6xx_hal_cortex.o
    0x34180eba   0x34180eba   0x00000002   PAD
    0x34180ebc   0x34180ebc   0x00000010   Code   RO           99    .text.HAL_NVIC_SetPriorityGrouping  stm32n6xx_hal_cortex.o
    0x34180ecc   0x34180ecc   0x0000005e   Code   RO         1282    .text.HAL_PWREx_ConfigSupply  stm32n6xx_hal_pwr_ex.o
    0x34180f2a   0x34180f2a   0x00000002   PAD
    0x34180f2c   0x34180f2c   0x00000096   Code   RO          923    .text.HAL_RCCEx_GetPLL1CLKFreq  stm32n6xx_hal_rcc_ex.o
    0x34180fc2   0x34180fc2   0x00000002   PAD
    0x34180fc4   0x34180fc4   0x00000096   Code   RO          947    .text.HAL_RCCEx_GetPLL2CLKFreq  stm32n6xx_hal_rcc_ex.o
    0x3418105a   0x3418105a   0x00000002   PAD
    0x3418105c   0x3418105c   0x00000096   Code   RO          967    .text.HAL_RCCEx_GetPLL3CLKFreq  stm32n6xx_hal_rcc_ex.o
    0x341810f2   0x341810f2   0x00000002   PAD
    0x341810f4   0x341810f4   0x00000096   Code   RO          987    .text.HAL_RCCEx_GetPLL4CLKFreq  stm32n6xx_hal_rcc_ex.o
    0x3418118a   0x3418118a   0x00000002   PAD
    0x3418118c   0x3418118c   0x000006c4   Code   RO          869    .text.HAL_RCCEx_GetPeriphCLKFreq  stm32n6xx_hal_rcc_ex.o
    0x34181850   0x34181850   0x00002438   Code   RO          709    .text.HAL_RCCEx_PeriphCLKConfig  stm32n6xx_hal_rcc_ex.o
    0x34183c88   0x34183c88   0x000004f6   Code   RO          604    .text.HAL_RCC_ClockConfig  stm32n6xx_hal_rcc.o
    0x3418417e   0x3418417e   0x00000002   PAD
    0x34184180   0x34184180   0x000000f0   Code   RO          674    .text.HAL_RCC_GetClockConfig  stm32n6xx_hal_rcc.o
    0x34184270   0x34184270   0x000000fe   Code   RO          612    .text.HAL_RCC_GetCpuClockFreq  stm32n6xx_hal_rcc.o
    0x3418436e   0x3418436e   0x00000002   PAD
    0x34184370   0x34184370   0x0000001a   Code   RO          638    .text.HAL_RCC_GetSysClockFreq  stm32n6xx_hal_rcc.o
    0x3418438a   0x3418438a   0x00000002   PAD
    0x3418438c   0x3418438c   0x00000928   Code   RO          548    .text.HAL_RCC_OscConfig  stm32n6xx_hal_rcc.o
    0x34184cb4   0x34184cb4   0x00000010   Code   RO          123    .text.HAL_SYSTICK_Config  stm32n6xx_hal_cortex.o
    0x34184cc4   0x34184cc4   0x0000007c   Code   RO          364    .text.HAL_UARTEx_DisableFifoMode  stm32n6xx_hal_uart_ex.o
    0x34184d40   0x34184d40   0x0000008c   Code   RO          368    .text.HAL_UARTEx_SetRxFifoThreshold  stm32n6xx_hal_uart_ex.o
    0x34184dcc   0x34184dcc   0x0000008c   Code   RO          366    .text.HAL_UARTEx_SetTxFifoThreshold  stm32n6xx_hal_uart_ex.o
    0x34184e58   0x34184e58   0x000000aa   Code   RO          194    .text.HAL_UART_Init  stm32n6xx_hal_uart.o
    0x34184f02   0x34184f02   0x00000002   PAD
    0x34184f04   0x34184f04   0x00000084   Code   RO           68    .text.HAL_UART_MspInit  stm32n6xx_hal_msp.o
    0x34184f88   0x34184f88   0x00000004   Code   RO           41    .text.HardFault_Handler  stm32n6xx_it.o
    0x34184f8c   0x34184f8c   0x00000022   Code   RO           28    .text.LL_AHB4_GRP1_EnableClock  main.o
    0x34184fae   0x34184fae   0x00000002   PAD
    0x34184fb0   0x34184fb0   0x00000022   Code   RO           72    .text.LL_AHB4_GRP1_EnableClock  stm32n6xx_hal_msp.o
    0x34184fd2   0x34184fd2   0x00000002   PAD
    0x34184fd4   0x34184fd4   0x00000022   Code   RO           70    .text.LL_APB2_GRP1_EnableClock  stm32n6xx_hal_msp.o
    0x34184ff6   0x34184ff6   0x00000002   PAD
    0x34184ff8   0x34184ff8   0x0000000e   Code   RO          735    .text.LL_RCC_CLKP_Enable  stm32n6xx_hal_rcc_ex.o
    0x34185006   0x34185006   0x00000002   PAD
    0x34185008   0x34185008   0x00000010   Code   RO         1065    .text.LL_RCC_CLKP_IsEnabled  stm32n6xx_hal_rcc_ex.o
    0x34185018   0x34185018   0x00000016   Code   RO          809    .text.LL_RCC_GetADCClockSource  stm32n6xx_hal_rcc_ex.o
    0x3418502e   0x3418502e   0x00000002   PAD
    0x34185030   0x34185030   0x00000010   Code   RO          811    .text.LL_RCC_GetADCPrescaler  stm32n6xx_hal_rcc_ex.o
    0x34185040   0x34185040   0x00000016   Code   RO          813    .text.LL_RCC_GetADFClockSource  stm32n6xx_hal_rcc_ex.o
    0x34185056   0x34185056   0x00000002   PAD
    0x34185058   0x34185058   0x00000010   Code   RO         1063    .text.LL_RCC_GetAHBPrescaler  stm32n6xx_hal_rcc_ex.o
    0x34185068   0x34185068   0x00000010   Code   RO         1127    .text.LL_RCC_GetAPB1Prescaler  stm32n6xx_hal_rcc_ex.o
    0x34185078   0x34185078   0x00000010   Code   RO         1167    .text.LL_RCC_GetAPB2Prescaler  stm32n6xx_hal_rcc_ex.o
    0x34185088   0x34185088   0x00000010   Code   RO         1145    .text.LL_RCC_GetAPB4Prescaler  stm32n6xx_hal_rcc_ex.o
    0x34185098   0x34185098   0x00000010   Code   RO         1111    .text.LL_RCC_GetAPB5Prescaler  stm32n6xx_hal_rcc_ex.o
    0x341850a8   0x341850a8   0x00000016   Code   RO          815    .text.LL_RCC_GetCLKPClockSource  stm32n6xx_hal_rcc_ex.o
    0x341850be   0x341850be   0x00000002   PAD
    0x341850c0   0x341850c0   0x00000030   Code   RO         1037    .text.LL_RCC_GetClockSource  stm32n6xx_hal_rcc_ex.o
    0x341850f0   0x341850f0   0x00000010   Code   RO          550    .text.LL_RCC_GetCpuClkSource  stm32n6xx_hal_rcc.o
    0x34185100   0x34185100   0x00000016   Code   RO          817    .text.LL_RCC_GetDCMIPPClockSource  stm32n6xx_hal_rcc_ex.o
    0x34185116   0x34185116   0x00000002   PAD
    0x34185118   0x34185118   0x00000010   Code   RO          829    .text.LL_RCC_GetETH1PTPDivider  stm32n6xx_hal_rcc_ex.o
    0x34185128   0x34185128   0x00000016   Code   RO          819    .text.LL_RCC_GetETHClockSource  stm32n6xx_hal_rcc_ex.o
    0x3418513e   0x3418513e   0x00000002   PAD
    0x34185140   0x34185140   0x00000016   Code   RO          827    .text.LL_RCC_GetETHPTPClockSource  stm32n6xx_hal_rcc_ex.o
    0x34185156   0x34185156   0x00000002   PAD
    0x34185158   0x34185158   0x00000016   Code   RO          831    .text.LL_RCC_GetFDCANClockSource  stm32n6xx_hal_rcc_ex.o
    0x3418516e   0x3418516e   0x00000002   PAD
    0x34185170   0x34185170   0x00000016   Code   RO          833    .text.LL_RCC_GetFMCClockSource  stm32n6xx_hal_rcc_ex.o
    0x34185186   0x34185186   0x00000002   PAD
    0x34185188   0x34185188   0x00000010   Code   RO          835    .text.LL_RCC_GetI2CClockSource  stm32n6xx_hal_rcc_ex.o
    0x34185198   0x34185198   0x00000010   Code   RO          837    .text.LL_RCC_GetI3CClockSource  stm32n6xx_hal_rcc_ex.o
    0x341851a8   0x341851a8   0x00000010   Code   RO          839    .text.LL_RCC_GetLPTIMClockSource  stm32n6xx_hal_rcc_ex.o
    0x341851b8   0x341851b8   0x00000016   Code   RO          841    .text.LL_RCC_GetLPUARTClockSource  stm32n6xx_hal_rcc_ex.o
    0x341851ce   0x341851ce   0x00000002   PAD
    0x341851d0   0x341851d0   0x00000016   Code   RO          843    .text.LL_RCC_GetLTDCClockSource  stm32n6xx_hal_rcc_ex.o
    0x341851e6   0x341851e6   0x00000002   PAD
    0x341851e8   0x341851e8   0x00000016   Code   RO          845    .text.LL_RCC_GetMDFClockSource  stm32n6xx_hal_rcc_ex.o
    0x341851fe   0x341851fe   0x00000002   PAD
    0x34185200   0x34185200   0x00000016   Code   RO          847    .text.LL_RCC_GetPSSIClockSource  stm32n6xx_hal_rcc_ex.o
    0x34185216   0x34185216   0x00000002   PAD
    0x34185218   0x34185218   0x00000010   Code   RO          711    .text.LL_RCC_GetRTCClockSource  stm32n6xx_hal_rcc_ex.o
    0x34185228   0x34185228   0x00000010   Code   RO          849    .text.LL_RCC_GetSAIClockSource  stm32n6xx_hal_rcc_ex.o
    0x34185238   0x34185238   0x00000010   Code   RO          851    .text.LL_RCC_GetSDMMCClockSource  stm32n6xx_hal_rcc_ex.o
    0x34185248   0x34185248   0x00000016   Code   RO          853    .text.LL_RCC_GetSPDIFRXClockSource  stm32n6xx_hal_rcc_ex.o
    0x3418525e   0x3418525e   0x00000002   PAD
    0x34185260   0x34185260   0x00000010   Code   RO          855    .text.LL_RCC_GetSPIClockSource  stm32n6xx_hal_rcc_ex.o
    0x34185270   0x34185270   0x00000010   Code   RO          552    .text.LL_RCC_GetSysClkSource  stm32n6xx_hal_rcc.o
    0x34185280   0x34185280   0x00000010   Code   RO          857    .text.LL_RCC_GetTIMPrescaler  stm32n6xx_hal_rcc_ex.o
    0x34185290   0x34185290   0x00000010   Code   RO         1169    .text.LL_RCC_GetUARTClockSource  stm32n6xx_hal_rcc_ex.o
    0x341852a0   0x341852a0   0x00000010   Code   RO          859    .text.LL_RCC_GetUSARTClockSource  stm32n6xx_hal_rcc_ex.o
    0x341852b0   0x341852b0   0x00000010   Code   RO         1171    .text.LL_RCC_GetUSBClockSource  stm32n6xx_hal_rcc_ex.o
    0x341852c0   0x341852c0   0x00000010   Code   RO          867    .text.LL_RCC_GetXSPIClockSource  stm32n6xx_hal_rcc_ex.o
    0x341852d0   0x341852d0   0x00000010   Code   RO          606    .text.LL_RCC_HSE_IsReady  stm32n6xx_hal_rcc.o
    0x341852e0   0x341852e0   0x00000010   Code   RO         1047    .text.LL_RCC_HSE_IsReady  stm32n6xx_hal_rcc_ex.o
    0x341852f0   0x341852f0   0x00000010   Code   RO          863    .text.LL_RCC_HSE_IsSelectedHSEDiv2AsDiv2Clock  stm32n6xx_hal_rcc_ex.o
    0x34185300   0x34185300   0x00000012   Code   RO          801    .text.LL_RCC_HSE_SelectHSEAsDiv2Clock  stm32n6xx_hal_rcc_ex.o
    0x34185312   0x34185312   0x00000002   PAD
    0x34185314   0x34185314   0x00000012   Code   RO          799    .text.LL_RCC_HSE_SelectHSEDiv2AsDiv2Clock  stm32n6xx_hal_rcc_ex.o
    0x34185326   0x34185326   0x00000002   PAD
    0x34185328   0x34185328   0x0000000e   Code   RO          564    .text.LL_RCC_HSI_Disable  stm32n6xx_hal_rcc.o
    0x34185336   0x34185336   0x00000002   PAD
    0x34185338   0x34185338   0x0000000e   Code   RO          544    .text.LL_RCC_HSI_Enable  stm32n6xx_hal_rcc.o
    0x34185346   0x34185346   0x00000002   PAD
    0x34185348   0x34185348   0x00000010   Code   RO          634    .text.LL_RCC_HSI_GetDivider  stm32n6xx_hal_rcc.o
    0x34185358   0x34185358   0x00000010   Code   RO         1041    .text.LL_RCC_HSI_GetDivider  stm32n6xx_hal_rcc_ex.o
    0x34185368   0x34185368   0x00000010   Code   RO          546    .text.LL_RCC_HSI_IsReady  stm32n6xx_hal_rcc.o
    0x34185378   0x34185378   0x00000010   Code   RO         1039    .text.LL_RCC_HSI_IsReady  stm32n6xx_hal_rcc_ex.o
    0x34185388   0x34185388   0x0000001e   Code   RO          562    .text.LL_RCC_HSI_SetCalibTrimming  stm32n6xx_hal_rcc.o
    0x341853a6   0x341853a6   0x00000002   PAD
    0x341853a8   0x341853a8   0x0000001c   Code   RO          542    .text.LL_RCC_HSI_SetDivider  stm32n6xx_hal_rcc.o
    0x341853c4   0x341853c4   0x00000010   Code   RO          721    .text.LL_RCC_IC10_Enable  stm32n6xx_hal_rcc_ex.o
    0x341853d4   0x341853d4   0x00000016   Code   RO         1075    .text.LL_RCC_IC10_GetDivider  stm32n6xx_hal_rcc_ex.o
    0x341853ea   0x341853ea   0x00000002   PAD
    0x341853ec   0x341853ec   0x00000010   Code   RO         1077    .text.LL_RCC_IC10_GetSource  stm32n6xx_hal_rcc_ex.o
    0x341853fc   0x341853fc   0x00000010   Code   RO         1073    .text.LL_RCC_IC10_IsEnabled  stm32n6xx_hal_rcc_ex.o
    0x3418540c   0x3418540c   0x00000010   Code   RO          594    .text.LL_RCC_IC11_GetSource  stm32n6xx_hal_rcc.o
    0x3418541c   0x3418541c   0x00000010   Code   RO          755    .text.LL_RCC_IC12_Enable  stm32n6xx_hal_rcc_ex.o
    0x3418542c   0x3418542c   0x00000016   Code   RO         1115    .text.LL_RCC_IC12_GetDivider  stm32n6xx_hal_rcc_ex.o
    0x34185442   0x34185442   0x00000002   PAD
    0x34185444   0x34185444   0x00000010   Code   RO         1117    .text.LL_RCC_IC12_GetSource  stm32n6xx_hal_rcc_ex.o
    0x34185454   0x34185454   0x00000010   Code   RO         1113    .text.LL_RCC_IC12_IsEnabled  stm32n6xx_hal_rcc_ex.o
    0x34185464   0x34185464   0x00000010   Code   RO          765    .text.LL_RCC_IC13_Enable  stm32n6xx_hal_rcc_ex.o
    0x34185474   0x34185474   0x00000016   Code   RO         1121    .text.LL_RCC_IC13_GetDivider  stm32n6xx_hal_rcc_ex.o
    0x3418548a   0x3418548a   0x00000002   PAD
    0x3418548c   0x3418548c   0x00000010   Code   RO         1123    .text.LL_RCC_IC13_GetSource  stm32n6xx_hal_rcc_ex.o
    0x3418549c   0x3418549c   0x00000010   Code   RO         1119    .text.LL_RCC_IC13_IsEnabled  stm32n6xx_hal_rcc_ex.o
    0x341854ac   0x341854ac   0x00000010   Code   RO          777    .text.LL_RCC_IC14_Enable  stm32n6xx_hal_rcc_ex.o
    0x341854bc   0x341854bc   0x00000016   Code   RO         1155    .text.LL_RCC_IC14_GetDivider  stm32n6xx_hal_rcc_ex.o
    0x341854d2   0x341854d2   0x00000002   PAD
    0x341854d4   0x341854d4   0x00000010   Code   RO         1157    .text.LL_RCC_IC14_GetSource  stm32n6xx_hal_rcc_ex.o
    0x341854e4   0x341854e4   0x00000010   Code   RO         1153    .text.LL_RCC_IC14_IsEnabled  stm32n6xx_hal_rcc_ex.o
    0x341854f4   0x341854f4   0x00000010   Code   RO          723    .text.LL_RCC_IC15_Enable  stm32n6xx_hal_rcc_ex.o
    0x34185504   0x34185504   0x00000016   Code   RO         1081    .text.LL_RCC_IC15_GetDivider  stm32n6xx_hal_rcc_ex.o
    0x3418551a   0x3418551a   0x00000002   PAD
    0x3418551c   0x3418551c   0x00000010   Code   RO         1083    .text.LL_RCC_IC15_GetSource  stm32n6xx_hal_rcc_ex.o
    0x3418552c   0x3418552c   0x00000010   Code   RO         1079    .text.LL_RCC_IC15_IsEnabled  stm32n6xx_hal_rcc_ex.o
    0x3418553c   0x3418553c   0x00000010   Code   RO          781    .text.LL_RCC_IC16_Enable  stm32n6xx_hal_rcc_ex.o
    0x3418554c   0x3418554c   0x00000016   Code   RO         1161    .text.LL_RCC_IC16_GetDivider  stm32n6xx_hal_rcc_ex.o
    0x34185562   0x34185562   0x00000002   PAD
    0x34185564   0x34185564   0x00000010   Code   RO         1163    .text.LL_RCC_IC16_GetSource  stm32n6xx_hal_rcc_ex.o
    0x34185574   0x34185574   0x00000010   Code   RO         1159    .text.LL_RCC_IC16_IsEnabled  stm32n6xx_hal_rcc_ex.o
    0x34185584   0x34185584   0x00000010   Code   RO          751    .text.LL_RCC_IC17_Enable  stm32n6xx_hal_rcc_ex.o
    0x34185594   0x34185594   0x00000016   Code   RO         1107    .text.LL_RCC_IC17_GetDivider  stm32n6xx_hal_rcc_ex.o
    0x341855aa   0x341855aa   0x00000002   PAD
    0x341855ac   0x341855ac   0x00000010   Code   RO         1109    .text.LL_RCC_IC17_GetSource  stm32n6xx_hal_rcc_ex.o
    0x341855bc   0x341855bc   0x00000010   Code   RO         1105    .text.LL_RCC_IC17_IsEnabled  stm32n6xx_hal_rcc_ex.o
    0x341855cc   0x341855cc   0x00000010   Code   RO          749    .text.LL_RCC_IC18_Enable  stm32n6xx_hal_rcc_ex.o
    0x341855dc   0x341855dc   0x00000016   Code   RO         1099    .text.LL_RCC_IC18_GetDivider  stm32n6xx_hal_rcc_ex.o
    0x341855f2   0x341855f2   0x00000002   PAD
    0x341855f4   0x341855f4   0x00000010   Code   RO         1101    .text.LL_RCC_IC18_GetSource  stm32n6xx_hal_rcc_ex.o
    0x34185604   0x34185604   0x00000010   Code   RO         1097    .text.LL_RCC_IC18_IsEnabled  stm32n6xx_hal_rcc_ex.o
    0x34185614   0x34185614   0x00000010   Code   RO          725    .text.LL_RCC_IC19_Enable  stm32n6xx_hal_rcc_ex.o
    0x34185624   0x34185624   0x00000016   Code   RO         1087    .text.LL_RCC_IC19_GetDivider  stm32n6xx_hal_rcc_ex.o
    0x3418563a   0x3418563a   0x00000002   PAD
    0x3418563c   0x3418563c   0x00000010   Code   RO         1089    .text.LL_RCC_IC19_GetSource  stm32n6xx_hal_rcc_ex.o
    0x3418564c   0x3418564c   0x00000010   Code   RO         1085    .text.LL_RCC_IC19_IsEnabled  stm32n6xx_hal_rcc_ex.o
    0x3418565c   0x3418565c   0x0000000e   Code   RO          610    .text.LL_RCC_IC1_Enable  stm32n6xx_hal_rcc.o
    0x3418566a   0x3418566a   0x00000002   PAD
    0x3418566c   0x3418566c   0x00000016   Code   RO          636    .text.LL_RCC_IC1_GetDivider  stm32n6xx_hal_rcc.o
    0x34185682   0x34185682   0x00000002   PAD
    0x34185684   0x34185684   0x00000010   Code   RO          588    .text.LL_RCC_IC1_GetSource  stm32n6xx_hal_rcc.o
    0x34185694   0x34185694   0x00000010   Code   RO          727    .text.LL_RCC_IC20_Enable  stm32n6xx_hal_rcc_ex.o
    0x341856a4   0x341856a4   0x00000016   Code   RO         1093    .text.LL_RCC_IC20_GetDivider  stm32n6xx_hal_rcc_ex.o
    0x341856ba   0x341856ba   0x00000002   PAD
    0x341856bc   0x341856bc   0x00000010   Code   RO         1095    .text.LL_RCC_IC20_GetSource  stm32n6xx_hal_rcc_ex.o
    0x341856cc   0x341856cc   0x00000010   Code   RO         1091    .text.LL_RCC_IC20_IsEnabled  stm32n6xx_hal_rcc_ex.o
    0x341856dc   0x341856dc   0x00000016   Code   RO          642    .text.LL_RCC_IC2_GetDivider  stm32n6xx_hal_rcc.o
    0x341856f2   0x341856f2   0x00000002   PAD
    0x341856f4   0x341856f4   0x00000010   Code   RO          590    .text.LL_RCC_IC2_GetSource  stm32n6xx_hal_rcc.o
    0x34185704   0x34185704   0x0000000e   Code   RO          731    .text.LL_RCC_IC3_Enable  stm32n6xx_hal_rcc_ex.o
    0x34185712   0x34185712   0x00000002   PAD
    0x34185714   0x34185714   0x00000016   Code   RO         1131    .text.LL_RCC_IC3_GetDivider  stm32n6xx_hal_rcc_ex.o
    0x3418572a   0x3418572a   0x00000002   PAD
    0x3418572c   0x3418572c   0x00000010   Code   RO         1133    .text.LL_RCC_IC3_GetSource  stm32n6xx_hal_rcc_ex.o
    0x3418573c   0x3418573c   0x00000010   Code   RO         1129    .text.LL_RCC_IC3_IsEnabled  stm32n6xx_hal_rcc_ex.o
    0x3418574c   0x3418574c   0x0000000e   Code   RO          733    .text.LL_RCC_IC4_Enable  stm32n6xx_hal_rcc_ex.o
    0x3418575a   0x3418575a   0x00000002   PAD
    0x3418575c   0x3418575c   0x00000016   Code   RO         1137    .text.LL_RCC_IC4_GetDivider  stm32n6xx_hal_rcc_ex.o
    0x34185772   0x34185772   0x00000002   PAD
    0x34185774   0x34185774   0x00000010   Code   RO         1139    .text.LL_RCC_IC4_GetSource  stm32n6xx_hal_rcc_ex.o
    0x34185784   0x34185784   0x00000010   Code   RO         1135    .text.LL_RCC_IC4_IsEnabled  stm32n6xx_hal_rcc_ex.o
    0x34185794   0x34185794   0x0000000e   Code   RO          719    .text.LL_RCC_IC5_Enable  stm32n6xx_hal_rcc_ex.o
    0x341857a2   0x341857a2   0x00000002   PAD
    0x341857a4   0x341857a4   0x00000016   Code   RO         1069    .text.LL_RCC_IC5_GetDivider  stm32n6xx_hal_rcc_ex.o
    0x341857ba   0x341857ba   0x00000002   PAD
    0x341857bc   0x341857bc   0x00000010   Code   RO         1071    .text.LL_RCC_IC5_GetSource  stm32n6xx_hal_rcc_ex.o
    0x341857cc   0x341857cc   0x00000010   Code   RO         1067    .text.LL_RCC_IC5_IsEnabled  stm32n6xx_hal_rcc_ex.o
    0x341857dc   0x341857dc   0x00000010   Code   RO          592    .text.LL_RCC_IC6_GetSource  stm32n6xx_hal_rcc.o
    0x341857ec   0x341857ec   0x0000000e   Code   RO          743    .text.LL_RCC_IC7_Enable  stm32n6xx_hal_rcc_ex.o
    0x341857fa   0x341857fa   0x00000002   PAD
    0x341857fc   0x341857fc   0x00000016   Code   RO         1053    .text.LL_RCC_IC7_GetDivider  stm32n6xx_hal_rcc_ex.o
    0x34185812   0x34185812   0x00000002   PAD
    0x34185814   0x34185814   0x00000010   Code   RO         1055    .text.LL_RCC_IC7_GetSource  stm32n6xx_hal_rcc_ex.o
    0x34185824   0x34185824   0x00000010   Code   RO         1051    .text.LL_RCC_IC7_IsEnabled  stm32n6xx_hal_rcc_ex.o
    0x34185834   0x34185834   0x0000000e   Code   RO          745    .text.LL_RCC_IC8_Enable  stm32n6xx_hal_rcc_ex.o
    0x34185842   0x34185842   0x00000002   PAD
    0x34185844   0x34185844   0x00000016   Code   RO         1059    .text.LL_RCC_IC8_GetDivider  stm32n6xx_hal_rcc_ex.o
    0x3418585a   0x3418585a   0x00000002   PAD
    0x3418585c   0x3418585c   0x00000010   Code   RO         1061    .text.LL_RCC_IC8_GetSource  stm32n6xx_hal_rcc_ex.o
    0x3418586c   0x3418586c   0x00000010   Code   RO         1057    .text.LL_RCC_IC8_IsEnabled  stm32n6xx_hal_rcc_ex.o
    0x3418587c   0x3418587c   0x00000010   Code   RO          775    .text.LL_RCC_IC9_Enable  stm32n6xx_hal_rcc_ex.o
    0x3418588c   0x3418588c   0x00000016   Code   RO         1149    .text.LL_RCC_IC9_GetDivider  stm32n6xx_hal_rcc_ex.o
    0x341858a2   0x341858a2   0x00000002   PAD
    0x341858a4   0x341858a4   0x00000010   Code   RO         1151    .text.LL_RCC_IC9_GetSource  stm32n6xx_hal_rcc_ex.o
    0x341858b4   0x341858b4   0x00000010   Code   RO         1147    .text.LL_RCC_IC9_IsEnabled  stm32n6xx_hal_rcc_ex.o
    0x341858c4   0x341858c4   0x00000010   Code   RO          582    .text.LL_RCC_LSE_IsReady  stm32n6xx_hal_rcc.o
    0x341858d4   0x341858d4   0x00000010   Code   RO          713    .text.LL_RCC_LSE_IsReady  stm32n6xx_hal_rcc_ex.o
    0x341858e4   0x341858e4   0x0000000e   Code   RO          580    .text.LL_RCC_LSI_Disable  stm32n6xx_hal_rcc.o
    0x341858f2   0x341858f2   0x00000002   PAD
    0x341858f4   0x341858f4   0x0000000e   Code   RO          576    .text.LL_RCC_LSI_Enable  stm32n6xx_hal_rcc.o
    0x34185902   0x34185902   0x00000002   PAD
    0x34185904   0x34185904   0x00000010   Code   RO          578    .text.LL_RCC_LSI_IsReady  stm32n6xx_hal_rcc.o
    0x34185914   0x34185914   0x00000010   Code   RO         1143    .text.LL_RCC_LSI_IsReady  stm32n6xx_hal_rcc_ex.o
    0x34185924   0x34185924   0x0000000e   Code   RO          574    .text.LL_RCC_MSI_Disable  stm32n6xx_hal_rcc.o
    0x34185932   0x34185932   0x00000002   PAD
    0x34185934   0x34185934   0x0000000e   Code   RO          570    .text.LL_RCC_MSI_Enable  stm32n6xx_hal_rcc.o
    0x34185942   0x34185942   0x00000002   PAD
    0x34185944   0x34185944   0x00000010   Code   RO         1045    .text.LL_RCC_MSI_GetFrequency  stm32n6xx_hal_rcc_ex.o
    0x34185954   0x34185954   0x00000010   Code   RO          572    .text.LL_RCC_MSI_IsReady  stm32n6xx_hal_rcc.o
    0x34185964   0x34185964   0x00000010   Code   RO         1043    .text.LL_RCC_MSI_IsReady  stm32n6xx_hal_rcc_ex.o
    0x34185974   0x34185974   0x0000001e   Code   RO          566    .text.LL_RCC_MSI_SetCalibTrimming  stm32n6xx_hal_rcc.o
    0x34185992   0x34185992   0x00000002   PAD
    0x34185994   0x34185994   0x0000001c   Code   RO          568    .text.LL_RCC_MSI_SetFrequency  stm32n6xx_hal_rcc.o
    0x341859b0   0x341859b0   0x00000010   Code   RO          927    .text.LL_RCC_PLL1P_IsEnabled  stm32n6xx_hal_rcc_ex.o
    0x341859c0   0x341859c0   0x00000010   Code   RO          939    .text.LL_RCC_PLL1_GetFRACN  stm32n6xx_hal_rcc_ex.o
    0x341859d0   0x341859d0   0x00000010   Code   RO          933    .text.LL_RCC_PLL1_GetM  stm32n6xx_hal_rcc_ex.o
    0x341859e0   0x341859e0   0x00000010   Code   RO          937    .text.LL_RCC_PLL1_GetN  stm32n6xx_hal_rcc_ex.o
    0x341859f0   0x341859f0   0x00000010   Code   RO          941    .text.LL_RCC_PLL1_GetP1  stm32n6xx_hal_rcc_ex.o
    0x34185a00   0x34185a00   0x00000010   Code   RO          943    .text.LL_RCC_PLL1_GetP2  stm32n6xx_hal_rcc_ex.o
    0x34185a10   0x34185a10   0x00000010   Code   RO          554    .text.LL_RCC_PLL1_GetSource  stm32n6xx_hal_rcc.o
    0x34185a20   0x34185a20   0x00000010   Code   RO          931    .text.LL_RCC_PLL1_GetSource  stm32n6xx_hal_rcc_ex.o
    0x34185a30   0x34185a30   0x00000010   Code   RO          692    .text.LL_RCC_PLL1_IsEnabledBypass  stm32n6xx_hal_rcc.o
    0x34185a40   0x34185a40   0x00000010   Code   RO          945    .text.LL_RCC_PLL1_IsEnabledBypass  stm32n6xx_hal_rcc_ex.o
    0x34185a50   0x34185a50   0x00000010   Code   RO          586    .text.LL_RCC_PLL1_IsReady  stm32n6xx_hal_rcc.o
    0x34185a60   0x34185a60   0x00000010   Code   RO          925    .text.LL_RCC_PLL1_IsReady  stm32n6xx_hal_rcc_ex.o
    0x34185a70   0x34185a70   0x00000010   Code   RO          951    .text.LL_RCC_PLL2P_IsEnabled  stm32n6xx_hal_rcc_ex.o
    0x34185a80   0x34185a80   0x00000010   Code   RO          959    .text.LL_RCC_PLL2_GetFRACN  stm32n6xx_hal_rcc_ex.o
    0x34185a90   0x34185a90   0x00000010   Code   RO          955    .text.LL_RCC_PLL2_GetM  stm32n6xx_hal_rcc_ex.o
    0x34185aa0   0x34185aa0   0x00000010   Code   RO          957    .text.LL_RCC_PLL2_GetN  stm32n6xx_hal_rcc_ex.o
    0x34185ab0   0x34185ab0   0x00000010   Code   RO          961    .text.LL_RCC_PLL2_GetP1  stm32n6xx_hal_rcc_ex.o
    0x34185ac0   0x34185ac0   0x00000010   Code   RO          963    .text.LL_RCC_PLL2_GetP2  stm32n6xx_hal_rcc_ex.o
    0x34185ad0   0x34185ad0   0x00000010   Code   RO          556    .text.LL_RCC_PLL2_GetSource  stm32n6xx_hal_rcc.o
    0x34185ae0   0x34185ae0   0x00000010   Code   RO          953    .text.LL_RCC_PLL2_GetSource  stm32n6xx_hal_rcc_ex.o
    0x34185af0   0x34185af0   0x00000010   Code   RO          694    .text.LL_RCC_PLL2_IsEnabledBypass  stm32n6xx_hal_rcc.o
    0x34185b00   0x34185b00   0x00000010   Code   RO          965    .text.LL_RCC_PLL2_IsEnabledBypass  stm32n6xx_hal_rcc_ex.o
    0x34185b10   0x34185b10   0x00000010   Code   RO          600    .text.LL_RCC_PLL2_IsReady  stm32n6xx_hal_rcc.o
    0x34185b20   0x34185b20   0x00000010   Code   RO          949    .text.LL_RCC_PLL2_IsReady  stm32n6xx_hal_rcc_ex.o
    0x34185b30   0x34185b30   0x00000010   Code   RO          971    .text.LL_RCC_PLL3P_IsEnabled  stm32n6xx_hal_rcc_ex.o
    0x34185b40   0x34185b40   0x00000010   Code   RO          979    .text.LL_RCC_PLL3_GetFRACN  stm32n6xx_hal_rcc_ex.o
    0x34185b50   0x34185b50   0x00000010   Code   RO          975    .text.LL_RCC_PLL3_GetM  stm32n6xx_hal_rcc_ex.o
    0x34185b60   0x34185b60   0x00000010   Code   RO          977    .text.LL_RCC_PLL3_GetN  stm32n6xx_hal_rcc_ex.o
    0x34185b70   0x34185b70   0x00000010   Code   RO          981    .text.LL_RCC_PLL3_GetP1  stm32n6xx_hal_rcc_ex.o
    0x34185b80   0x34185b80   0x00000010   Code   RO          983    .text.LL_RCC_PLL3_GetP2  stm32n6xx_hal_rcc_ex.o
    0x34185b90   0x34185b90   0x00000010   Code   RO          558    .text.LL_RCC_PLL3_GetSource  stm32n6xx_hal_rcc.o
    0x34185ba0   0x34185ba0   0x00000010   Code   RO          973    .text.LL_RCC_PLL3_GetSource  stm32n6xx_hal_rcc_ex.o
    0x34185bb0   0x34185bb0   0x00000010   Code   RO          698    .text.LL_RCC_PLL3_IsEnabledBypass  stm32n6xx_hal_rcc.o
    0x34185bc0   0x34185bc0   0x00000010   Code   RO          985    .text.LL_RCC_PLL3_IsEnabledBypass  stm32n6xx_hal_rcc_ex.o
    0x34185bd0   0x34185bd0   0x00000010   Code   RO          696    .text.LL_RCC_PLL3_IsReady  stm32n6xx_hal_rcc.o
    0x34185be0   0x34185be0   0x00000010   Code   RO          969    .text.LL_RCC_PLL3_IsReady  stm32n6xx_hal_rcc_ex.o
    0x34185bf0   0x34185bf0   0x00000010   Code   RO          991    .text.LL_RCC_PLL4P_IsEnabled  stm32n6xx_hal_rcc_ex.o
    0x34185c00   0x34185c00   0x00000010   Code   RO          999    .text.LL_RCC_PLL4_GetFRACN  stm32n6xx_hal_rcc_ex.o
    0x34185c10   0x34185c10   0x00000010   Code   RO          995    .text.LL_RCC_PLL4_GetM  stm32n6xx_hal_rcc_ex.o
    0x34185c20   0x34185c20   0x00000010   Code   RO          997    .text.LL_RCC_PLL4_GetN  stm32n6xx_hal_rcc_ex.o
    0x34185c30   0x34185c30   0x00000010   Code   RO         1001    .text.LL_RCC_PLL4_GetP1  stm32n6xx_hal_rcc_ex.o
    0x34185c40   0x34185c40   0x00000010   Code   RO         1003    .text.LL_RCC_PLL4_GetP2  stm32n6xx_hal_rcc_ex.o
    0x34185c50   0x34185c50   0x00000010   Code   RO          560    .text.LL_RCC_PLL4_GetSource  stm32n6xx_hal_rcc.o
    0x34185c60   0x34185c60   0x00000010   Code   RO          993    .text.LL_RCC_PLL4_GetSource  stm32n6xx_hal_rcc_ex.o
    0x34185c70   0x34185c70   0x00000010   Code   RO          700    .text.LL_RCC_PLL4_IsEnabledBypass  stm32n6xx_hal_rcc.o
    0x34185c80   0x34185c80   0x00000010   Code   RO         1005    .text.LL_RCC_PLL4_IsEnabledBypass  stm32n6xx_hal_rcc_ex.o
    0x34185c90   0x34185c90   0x00000010   Code   RO          602    .text.LL_RCC_PLL4_IsReady  stm32n6xx_hal_rcc.o
    0x34185ca0   0x34185ca0   0x00000010   Code   RO          989    .text.LL_RCC_PLL4_IsReady  stm32n6xx_hal_rcc_ex.o
    0x34185cb0   0x34185cb0   0x0000001c   Code   RO          747    .text.LL_RCC_SetADFClockSource  stm32n6xx_hal_rcc_ex.o
    0x34185ccc   0x34185ccc   0x0000001c   Code   RO          729    .text.LL_RCC_SetCLKPClockSource  stm32n6xx_hal_rcc_ex.o
    0x34185ce8   0x34185ce8   0x00000034   Code   RO         1035    .text.LL_RCC_SetClockSource  stm32n6xx_hal_rcc_ex.o
    0x34185d1c   0x34185d1c   0x0000001c   Code   RO          753    .text.LL_RCC_SetDCMIPPClockSource  stm32n6xx_hal_rcc_ex.o
    0x34185d38   0x34185d38   0x0000001c   Code   RO          757    .text.LL_RCC_SetETHClockSource  stm32n6xx_hal_rcc_ex.o
    0x34185d54   0x34185d54   0x0000001c   Code   RO          759    .text.LL_RCC_SetETHPHYInterface  stm32n6xx_hal_rcc_ex.o
    0x34185d70   0x34185d70   0x0000001c   Code   RO          761    .text.LL_RCC_SetETHREFRXClockSource  stm32n6xx_hal_rcc_ex.o
    0x34185d8c   0x34185d8c   0x0000001c   Code   RO          763    .text.LL_RCC_SetETHREFTXClockSource  stm32n6xx_hal_rcc_ex.o
    0x34185da8   0x34185da8   0x0000001c   Code   RO          767    .text.LL_RCC_SetFDCANClockSource  stm32n6xx_hal_rcc_ex.o
    0x34185dc4   0x34185dc4   0x0000001c   Code   RO          739    .text.LL_RCC_SetFMCClockSource  stm32n6xx_hal_rcc_ex.o
    0x34185de0   0x34185de0   0x00000010   Code   RO          769    .text.LL_RCC_SetI2CClockSource  stm32n6xx_hal_rcc_ex.o
    0x34185df0   0x34185df0   0x00000010   Code   RO          771    .text.LL_RCC_SetI3CClockSource  stm32n6xx_hal_rcc_ex.o
    0x34185e00   0x34185e00   0x00000010   Code   RO          773    .text.LL_RCC_SetLPTIMClockSource  stm32n6xx_hal_rcc_ex.o
    0x34185e10   0x34185e10   0x0000001c   Code   RO          779    .text.LL_RCC_SetLPUARTClockSource  stm32n6xx_hal_rcc_ex.o
    0x34185e2c   0x34185e2c   0x0000001c   Code   RO          783    .text.LL_RCC_SetLTDCClockSource  stm32n6xx_hal_rcc_ex.o
    0x34185e48   0x34185e48   0x0000001c   Code   RO          785    .text.LL_RCC_SetMDFClockSource  stm32n6xx_hal_rcc_ex.o
    0x34185e64   0x34185e64   0x00000010   Code   RO          797    .text.LL_RCC_SetOTGPHYCKREFClockSource  stm32n6xx_hal_rcc_ex.o
    0x34185e74   0x34185e74   0x00000010   Code   RO          803    .text.LL_RCC_SetOTGPHYClockSource  stm32n6xx_hal_rcc_ex.o
    0x34185e84   0x34185e84   0x0000001c   Code   RO          787    .text.LL_RCC_SetPSSIClockSource  stm32n6xx_hal_rcc_ex.o
    0x34185ea0   0x34185ea0   0x0000001c   Code   RO          717    .text.LL_RCC_SetRTCClockSource  stm32n6xx_hal_rcc_ex.o
    0x34185ebc   0x34185ebc   0x0000001c   Code   RO          715    .text.LL_RCC_SetRTC_HSEPrescaler  stm32n6xx_hal_rcc_ex.o
    0x34185ed8   0x34185ed8   0x00000010   Code   RO          789    .text.LL_RCC_SetSAIClockSource  stm32n6xx_hal_rcc_ex.o
    0x34185ee8   0x34185ee8   0x00000010   Code   RO          741    .text.LL_RCC_SetSDMMCClockSource  stm32n6xx_hal_rcc_ex.o
    0x34185ef8   0x34185ef8   0x0000001c   Code   RO          791    .text.LL_RCC_SetSPDIFRXClockSource  stm32n6xx_hal_rcc_ex.o
    0x34185f14   0x34185f14   0x00000010   Code   RO          793    .text.LL_RCC_SetSPIClockSource  stm32n6xx_hal_rcc_ex.o
    0x34185f24   0x34185f24   0x0000001e   Code   RO          805    .text.LL_RCC_SetTIMPrescaler  stm32n6xx_hal_rcc_ex.o
    0x34185f42   0x34185f42   0x00000002   PAD
    0x34185f44   0x34185f44   0x00000010   Code   RO          795    .text.LL_RCC_SetUSARTClockSource  stm32n6xx_hal_rcc_ex.o
    0x34185f54   0x34185f54   0x00000010   Code   RO          737    .text.LL_RCC_SetXSPIClockSource  stm32n6xx_hal_rcc_ex.o
    0x34185f64   0x34185f64   0x0000000a   Code   RO           22    .text.MX_GPIO_Init  main.o
    0x34185f6e   0x34185f6e   0x00000002   PAD
    0x34185f70   0x34185f70   0x0000008e   Code   RO           24    .text.MX_USART1_UART_Init  main.o
    0x34185ffe   0x34185ffe   0x00000002   PAD
    0x34186000   0x34186000   0x00000004   Code   RO           43    .text.MemManage_Handler  stm32n6xx_it.o
    0x34186004   0x34186004   0x00000004   Code   RO           39    .text.NMI_Handler   stm32n6xx_it.o
    0x34186008   0x34186008   0x0000006c   Code   RO          109    .text.NVIC_EncodePriority  stm32n6xx_hal_cortex.o
    0x34186074   0x34186074   0x00000002   Code   RO           55    .text.PendSV_Handler  stm32n6xx_it.o
    0x34186076   0x34186076   0x00000002   PAD
    0x34186078   0x34186078   0x00000088   Code   RO          935    .text.RCCEx_CalcPLLFreq  stm32n6xx_hal_rcc_ex.o
    0x34186100   0x34186100   0x000001ea   Code   RO          871    .text.RCCEx_GetADCCLKFreq  stm32n6xx_hal_rcc_ex.o
    0x341862ea   0x341862ea   0x00000002   PAD
    0x341862ec   0x341862ec   0x000001aa   Code   RO          873    .text.RCCEx_GetADFCLKFreq  stm32n6xx_hal_rcc_ex.o
    0x34186496   0x34186496   0x00000002   PAD
    0x34186498   0x34186498   0x00000338   Code   RO          877    .text.RCCEx_GetCLKPCLKFreq  stm32n6xx_hal_rcc_ex.o
    0x341867d0   0x341867d0   0x00000094   Code   RO          875    .text.RCCEx_GetCSICLKFreq  stm32n6xx_hal_rcc_ex.o
    0x34186864   0x34186864   0x000000fe   Code   RO          879    .text.RCCEx_GetDCMIPPCLKFreq  stm32n6xx_hal_rcc_ex.o
    0x34186962   0x34186962   0x00000002   PAD
    0x34186964   0x34186964   0x000000f2   Code   RO          881    .text.RCCEx_GetETH1CLKFreq  stm32n6xx_hal_rcc_ex.o
    0x34186a56   0x34186a56   0x00000002   PAD
    0x34186a58   0x34186a58   0x000000f2   Code   RO          883    .text.RCCEx_GetETH1PTPCLKFreq  stm32n6xx_hal_rcc_ex.o
    0x34186b4a   0x34186b4a   0x00000002   PAD
    0x34186b4c   0x34186b4c   0x000000e2   Code   RO          885    .text.RCCEx_GetFDCANCLKFreq  stm32n6xx_hal_rcc_ex.o
    0x34186c2e   0x34186c2e   0x00000002   PAD
    0x34186c30   0x34186c30   0x0000015e   Code   RO          887    .text.RCCEx_GetFMCCLKFreq  stm32n6xx_hal_rcc_ex.o
    0x34186d8e   0x34186d8e   0x00000002   PAD
    0x34186d90   0x34186d90   0x0000001c   Code   RO         1049    .text.RCCEx_GetHCLKFreq  stm32n6xx_hal_rcc_ex.o
    0x34186dac   0x34186dac   0x00000318   Code   RO          889    .text.RCCEx_GetI2CCLKFreq  stm32n6xx_hal_rcc_ex.o
    0x341870c4   0x341870c4   0x00000240   Code   RO          891    .text.RCCEx_GetI3CCLKFreq  stm32n6xx_hal_rcc_ex.o
    0x34187304   0x34187304   0x0000031a   Code   RO          893    .text.RCCEx_GetLPTIMCLKFreq  stm32n6xx_hal_rcc_ex.o
    0x3418761e   0x3418761e   0x00000002   PAD
    0x34187620   0x34187620   0x000001d2   Code   RO          895    .text.RCCEx_GetLPUARTCLKFreq  stm32n6xx_hal_rcc_ex.o
    0x341877f2   0x341877f2   0x00000002   PAD
    0x341877f4   0x341877f4   0x000000fe   Code   RO          897    .text.RCCEx_GetLTDCCLKFreq  stm32n6xx_hal_rcc_ex.o
    0x341878f2   0x341878f2   0x00000002   PAD
    0x341878f4   0x341878f4   0x000001e8   Code   RO          899    .text.RCCEx_GetMDFCLKFreq  stm32n6xx_hal_rcc_ex.o
    0x34187adc   0x34187adc   0x000000a6   Code   RO          917    .text.RCCEx_GetOTGPHYCKREFCLKFreq  stm32n6xx_hal_rcc_ex.o
    0x34187b82   0x34187b82   0x00000002   PAD
    0x34187b84   0x34187b84   0x0000016e   Code   RO          919    .text.RCCEx_GetOTGPHYCLKFreq  stm32n6xx_hal_rcc_ex.o
    0x34187cf2   0x34187cf2   0x00000002   PAD
    0x34187cf4   0x34187cf4   0x0000001c   Code   RO         1125    .text.RCCEx_GetPCLK1Freq  stm32n6xx_hal_rcc_ex.o
    0x34187d10   0x34187d10   0x0000001c   Code   RO         1165    .text.RCCEx_GetPCLK2Freq  stm32n6xx_hal_rcc_ex.o
    0x34187d2c   0x34187d2c   0x0000001c   Code   RO         1141    .text.RCCEx_GetPCLK4Freq  stm32n6xx_hal_rcc_ex.o
    0x34187d48   0x34187d48   0x0000001c   Code   RO         1103    .text.RCCEx_GetPCLK5Freq  stm32n6xx_hal_rcc_ex.o
    0x34187d64   0x34187d64   0x000000a4   Code   RO          929    .text.RCCEx_GetPLLSourceFreq  stm32n6xx_hal_rcc_ex.o
    0x34187e08   0x34187e08   0x000000f4   Code   RO          901    .text.RCCEx_GetPSSICLKFreq  stm32n6xx_hal_rcc_ex.o
    0x34187efc   0x34187efc   0x00000092   Code   RO          903    .text.RCCEx_GetRTCCLKFreq  stm32n6xx_hal_rcc_ex.o
    0x34187f8e   0x34187f8e   0x00000002   PAD
    0x34187f90   0x34187f90   0x000002a4   Code   RO          905    .text.RCCEx_GetSAICLKFreq  stm32n6xx_hal_rcc_ex.o
    0x34188234   0x34188234   0x000001b8   Code   RO          907    .text.RCCEx_GetSDMMCCLKFreq  stm32n6xx_hal_rcc_ex.o
    0x341883ec   0x341883ec   0x0000019a   Code   RO          909    .text.RCCEx_GetSPDIFRXCLKFreq  stm32n6xx_hal_rcc_ex.o
    0x34188586   0x34188586   0x00000002   PAD
    0x34188588   0x34188588   0x00000536   Code   RO          911    .text.RCCEx_GetSPICLKFreq  stm32n6xx_hal_rcc_ex.o
    0x34188abe   0x34188abe   0x00000002   PAD
    0x34188ac0   0x34188ac0   0x00000402   Code   RO          915    .text.RCCEx_GetUARTCLKFreq  stm32n6xx_hal_rcc_ex.o
    0x34188ec2   0x34188ec2   0x00000002   PAD
    0x34188ec4   0x34188ec4   0x00000402   Code   RO          913    .text.RCCEx_GetUSARTCLKFreq  stm32n6xx_hal_rcc_ex.o
    0x341892c6   0x341892c6   0x00000002   PAD
    0x341892c8   0x341892c8   0x000001f8   Code   RO          921    .text.RCCEx_GetXSPICLKFreq  stm32n6xx_hal_rcc_ex.o
    0x341894c0   0x341894c0   0x000000f8   Code   RO          640    .text.RCC_GetSysClockFreq  stm32n6xx_hal_rcc.o
    0x341895b8   0x341895b8   0x0000013a   Code   RO          608    .text.RCC_IC_CheckPLLSources  stm32n6xx_hal_rcc.o
    0x341896f2   0x341896f2   0x00000002   PAD
    0x341896f4   0x341896f4   0x00000278   Code   RO          596    .text.RCC_PLL_Config  stm32n6xx_hal_rcc.o
    0x3418996c   0x3418996c   0x00000066   Code   RO          598    .text.RCC_PLL_Enable  stm32n6xx_hal_rcc.o
    0x341899d2   0x341899d2   0x00000002   PAD
    0x341899d4   0x341899d4   0x000000f4   Code   RO          584    .text.RCC_PLL_IsNewConfig  stm32n6xx_hal_rcc.o
    0x34189ac8   0x34189ac8   0x0000006a   Code   RO          690    .text.RCC_PLL_Source_IsReady  stm32n6xx_hal_rcc.o
    0x34189b32   0x34189b32   0x00000002   PAD
    0x34189b34   0x34189b34   0x0000002a   Code   RO            6    .text.Reset_Handler  startup_stm32n657xx_fsbl.o
    0x34189b5e   0x34189b5e   0x00000002   PAD
    0x34189b60   0x34189b60   0x0000002a   Code   RO           89    .text.SECURE_SystemCoreClockUpdate  system_stm32n6xx_fsbl.o
    0x34189b8a   0x34189b8a   0x00000002   PAD
    0x34189b8c   0x34189b8c   0x00000002   Code   RO           51    .text.SVC_Handler   stm32n6xx_it.o
    0x34189b8e   0x34189b8e   0x00000002   PAD
    0x34189b90   0x34189b90   0x00000004   Code   RO           49    .text.SecureFault_Handler  stm32n6xx_it.o
    0x34189b94   0x34189b94   0x00000052   Code   RO          125    .text.SysTick_Config  stm32n6xx_hal_cortex.o
    0x34189be6   0x34189be6   0x00000002   PAD
    0x34189be8   0x34189be8   0x00000008   Code   RO           57    .text.SysTick_Handler  stm32n6xx_it.o
    0x34189bf0   0x34189bf0   0x000000f2   Code   RO           20    .text.SystemClock_Config  main.o
    0x34189ce2   0x34189ce2   0x00000002   PAD
    0x34189ce4   0x34189ce4   0x00000370   Code   RO           87    .text.SystemCoreClockUpdate  system_stm32n6xx_fsbl.o
    0x3418a054   0x3418a054   0x0000018a   Code   RO           85    .text.SystemInit    system_stm32n6xx_fsbl.o
    0x3418a1de   0x3418a1de   0x00000002   PAD
    0x3418a1e0   0x3418a1e0   0x00000086   Code   RO          362    .text.UARTEx_SetNbDataToProcess  stm32n6xx_hal_uart_ex.o
    0x3418a266   0x3418a266   0x00000002   PAD
    0x3418a268   0x3418a268   0x00000148   Code   RO          198    .text.UART_AdvFeatureConfig  stm32n6xx_hal_uart.o
    0x3418a3b0   0x3418a3b0   0x00000146   Code   RO          202    .text.UART_CheckIdleState  stm32n6xx_hal_uart.o
    0x3418a4f6   0x3418a4f6   0x00000002   PAD
    0x3418a4f8   0x3418a4f8   0x0000009e   Code   RO          254    .text.UART_EndRxTransfer  stm32n6xx_hal_uart.o
    0x3418a596   0x3418a596   0x00000002   PAD
    0x3418a598   0x3418a598   0x00000414   Code   RO          200    .text.UART_SetConfig  stm32n6xx_hal_uart.o
    0x3418a9ac   0x3418a9ac   0x000000fe   Code   RO          216    .text.UART_WaitOnFlagUntilTimeout  stm32n6xx_hal_uart.o
    0x3418aaaa   0x3418aaaa   0x00000002   PAD
    0x3418aaac   0x3418aaac   0x00000004   Code   RO           47    .text.UsageFault_Handler  stm32n6xx_it.o
    0x3418aab0   0x3418aab0   0x00000010   Code   RO          105    .text.__NVIC_GetPriorityGrouping  stm32n6xx_hal_cortex.o
    0x3418aac0   0x3418aac0   0x00000042   Code   RO          107    .text.__NVIC_SetPriority  stm32n6xx_hal_cortex.o
    0x3418ab02   0x3418ab02   0x00000002   PAD
    0x3418ab04   0x3418ab04   0x0000003c   Code   RO          101    .text.__NVIC_SetPriorityGrouping  stm32n6xx_hal_cortex.o
    0x3418ab40   0x3418ab40   0x0000001c   Code   RO           18    .text.main          main.o
    0x3418ab5c   0x3418ab5c   0x00000004   PAD
    0x3418ab60   0x3418ab60   0x00000020   Code   RO         1905    Veneer$$CMSE        anon$$obj.o
    0x3418ab80   0x3418ab80   0x0000001e   Code   RO         1846    x$fpl$fpinit        fz_wv.l(fpinit_81m.o)
    0x3418ab9e   0x3418ab9e   0x00000008   Data   RO          379    .rodata.UARTEx_SetNbDataToProcess.denominator  stm32n6xx_hal_uart_ex.o
    0x3418aba6   0x3418aba6   0x00000008   Data   RO          378    .rodata.UARTEx_SetNbDataToProcess.numerator  stm32n6xx_hal_uart_ex.o
    0x3418abae   0x3418abae   0x00000018   Data   RO          334    .rodata.UARTPrescTable  stm32n6xx_hal_uart.o
    0x3418abc6   0x3418abc6   0x00000002   PAD
    0x3418abc8   0x3418abc8   0x00000020   Data   RO         1904    Region$$Table       anon$$obj.o


    Execution Region RW_IRAM1 (Exec base: 0x341c0000, Load base: 0x3418abe8, Size: 0x000000a4, Max: 0x00040000, ABSOLUTE)

    Exec Addr    Load Addr    Size         Type   Attr      Idx    E Section Name        Object

    0x341c0000   0x3418abe8   0x00000004   Data   RW           91    .data.SystemCoreClock  system_stm32n6xx_fsbl.o
    0x341c0004   0x3418abec   0x00000001   Data   RW         1670    .data.uwTickFreq    stm32n6xx_hal.o
    0x341c0005   0x3418abed   0x00000003   PAD
    0x341c0008   0x3418abf0   0x00000004   Data   RW         1669    .data.uwTickPrio    stm32n6xx_hal.o
    0x341c000c        -       0x00000094   Zero   RW           30    .bss.huart1         main.o
    0x341c00a0        -       0x00000004   Zero   RW         1671    .bss.uwTick         stm32n6xx_hal.o


    Execution Region RW_NONCACHEABLEBUFFER (Exec base: 0x341c00a4, Load base: 0x3418abf4, Size: 0x00000000, Max: 0xffffffff, ABSOLUTE)

    **** No section assigned to this execution region ****


    Execution Region ARM_LIB_HEAP (Exec base: 0x341c00a8, Load base: 0x3418abf4, Size: 0x00000200, Max: 0x00000200, ABSOLUTE)

    Exec Addr    Load Addr    Size         Type   Attr      Idx    E Section Name        Object

    0x341c00a8        -       0x00000200   Zero   RW            1    ARM_LIB_HEAP.bss    anon$$obj.o


    Execution Region ARM_LIB_STACK (Exec base: 0x341ff7f8, Load base: 0x3418abf4, Size: 0x00000800, Max: 0x00000800, ABSOLUTE)

    Exec Addr    Load Addr    Size         Type   Attr      Idx    E Section Name        Object

    0x341ff7f8        -       0x00000800   Zero   RW            2    ARM_LIB_STACK.bss   anon$$obj.o


==============================================================================

Image component sizes


      Code (inc. data)   RO Data    RW Data    ZI Data      Debug   Object Name

       462          0          0          0        148      13526   main.o
        46          0        844          0          0       1199   startup_stm32n657xx_fsbl.o
       224          0          0          5          4      28580   stm32n6xx_hal.o
       414          0          0          0          0      14033   stm32n6xx_hal_cortex.o
      1042          0          0          0          0       8074   stm32n6xx_hal_gpio.o
       202          0          0          0          0      15040   stm32n6xx_hal_msp.o
        94          0          0          0          0      12314   stm32n6xx_hal_pwr_ex.o
      6422          0          0          0          0      26146   stm32n6xx_hal_rcc.o
     28162         44          0          0          0      55389   stm32n6xx_hal_rcc_ex.o
      2280          0         24          0          0      27108   stm32n6xx_hal_uart.o
       538          0         16          0          0       9414   stm32n6xx_hal_uart_ex.o
        38          0          0          0          0       1122   stm32n6xx_it.o
      1316          4          0          4          0      11686   system_stm32n6xx_fsbl.o

    ----------------------------------------------------------------------
     41480         48        918         12       2712     223631   Object Totals
        32          0         32          0       2560          0   (incl. Generated)
       208          0          2          3          0          0   (incl. Padding)

    ----------------------------------------------------------------------

      Code (inc. data)   RO Data    RW Data    ZI Data      Debug   Library Member Name

         8          0          0          0          0         68   __main.o
         0          0          0          0          0          0   __rtentry.o
        12          0          0          0          0          0   __rtentry2.o
         8          4          0          0          0          0   __rtentry7.o
        94          8          0          0          0          0   __scatter.o
        26          0          0          0          0          0   __scatter_copy.o
        28          0          0          0          0          0   __scatter_zi.o
        18          0          0          0          0         80   exit.o
         0          0          0          0          0          0   indicate_semi.o
         2          0          0          0          0          0   libinit.o
         6          0          0          0          0          0   libinit2.o
         2          0          0          0          0          0   libshutdown.o
         2          0          0          0          0          0   libshutdown2.o
       240          0          0          0          0        100   lludivv7m.o
        78          0          0          0          0         80   rt_memclr_w.o
         2          0          0          0          0          0   rtexit.o
        10          0          0          0          0          0   rtexit2.o
        12          4          0          0          0         68   sys_exit.o
         2          0          0          0          0         68   use_no_semi.o
        30          0          0          0          0        164   fpinit_81m.o

    ----------------------------------------------------------------------
       586         16          0          0          0        628   Library Totals
         6          0          0          0          0          0   (incl. Padding)

    ----------------------------------------------------------------------

      Code (inc. data)   RO Data    RW Data    ZI Data      Debug   Library Name

       550         16          0          0          0        464   c_w.l
        30          0          0          0          0        164   fz_wv.l

    ----------------------------------------------------------------------
       586         16          0          0          0        628   Library Totals

    ----------------------------------------------------------------------

==============================================================================


      Code (inc. data)   RO Data    RW Data    ZI Data      Debug   

     42066         64        918         12       2712     224083   Grand Totals
     42066         64        918         12       2712     224083   ELF Image Totals
     42066         64        918         12          0          0   ROM Totals

==============================================================================

    Total RO  Size (Code + RO Data)                42984 (  41.98kB)
    Total RW  Size (RW Data + ZI Data)              2724 (   2.66kB)
    Total ROM Size (Code + RO Data + RW Data)      42996 (  41.99kB)

==============================================================================

