<html>
<body>
<pre>
<h1>µVision Build Log</h1>
<h2>Tool Versions:</h2>
IDE-Version: ¦ÌVision V5.43.1.0
Copyright (C) 2025 ARM Ltd and ARM Germany GmbH. All rights reserved.
License Information: Z Z, Z, LIC=X96CK-ZSF1N-NN6AF-6LCXE-3HTE5-QD8TH
 
Tool Versions:
Toolchain:       MDK-ARM Plus  Version: 5.43.0.0
Toolchain Path:  D:\Users\RTT\AppData\Local\Keil_v5\ARM\ARMCLANG\Bin
C Compiler:      ArmClang.exe V6.24
Assembler:       Armasm.exe V6.24
Linker/Locator:  ArmLink.exe V6.24
Library Manager: ArmAr.exe V6.24
Hex Converter:   FromElf.exe V6.24
CPU DLL:         
Dialog DLL:      
Target DLL:      STLink\ST-LINKIII-KEIL_SWO.dll V3.3.1.0
Dialog DLL:      TCM.DLL V1.56.6.0
 
<h2>Project:</h2>
E:\rt-thread\bsp\stm32\stm32n657-st-nucleo\board\CubeMX_Config\MDK-ARM\FSBL\CubeMX_Config_FSBL.uvprojx
Project File Date:  11/24/2025

<h2>Output:</h2>
*** Using Compiler 'V6.24', folder: 'D:\Users\RTT\AppData\Local\Keil_v5\ARM\ARMCLANG\Bin'
Rebuild Project 'CubeMX_Config_FSBL' - Target 'CubeMX_Config_FSBL'
compiling startup_stm32n657xx_fsbl.c...
compiling stm32n6xx_it.c...
compiling stm32n6xx_hal_uart_ex.c...
compiling stm32n6xx_hal_msp.c...
compiling system_stm32n6xx_fsbl.c...
compiling main.c...
compiling stm32n6xx_hal_cortex.c...
compiling stm32n6xx_hal_dma.c...
compiling stm32n6xx_hal_rcc.c...
compiling stm32n6xx_hal_dma_ex.c...
compiling stm32n6xx_hal_uart.c...
compiling stm32n6xx_hal_pwr.c...
compiling stm32n6xx_hal_gpio.c...
compiling stm32n6xx_hal_exti.c...
compiling stm32n6xx_hal_pwr_ex.c...
compiling stm32n6xx_hal.c...
compiling stm32n6xx_hal_rcc_ex.c...
linking...
Program Size: Code=42066 RO-data=918 RW-data=12 ZI-data=2712  
FromELF: creating hex file...
After Build - User command #1: fromelf CubeMX_Config_FSBL\CubeMX_Config_FSBL.axf --bincombined --output=CubeMX_Config_FSBL\CubeMX_Config_FSBL.bin
"CubeMX_Config_FSBL\CubeMX_Config_FSBL.axf" - 0 Error(s), 0 Warning(s).

<h2>Software Packages used:</h2>

Package Vendor: ARM
                http://www.keil.com/pack/ARM.CMSIS.5.9.0.pack
                ARM::CMSIS@5.9.0
                CMSIS (Common Microcontroller Software Interface Standard)
   * Component: CORE Version: 5.6.0

Package Vendor: Keil
                https://www.keil.com/pack/Keil.STM32N6xx_DFP.1.0.0.pack
                Keil::STM32N6xx_DFP@1.0.0
                STMicroelectronics STM32N6 Series Device Support

<h2>Collection of Component include folders:</h2>
  ./RTE/_CubeMX_Config_FSBL
  D:/Users/RTT/AppData/Local/Arm/Packs/Arm/CMSIS/5.9.0/CMSIS/Core/Include

<h2>Collection of Component Files used:</h2>

   * Component: ARM::CMSIS:CORE@5.6.0
      Source file:   CMSIS/Core/Template/ARMv8-M/tz_context.c
      Source file:   CMSIS/Core/Template/ARMv8-M/main_s.c
      Include file:  CMSIS/Core/Include/tz_context.h
Build Time Elapsed:  00:00:04
</pre>
</body>
</html>
