E:/rt-thread/bsp/stm32/stm32n657x0-st-nucleo/dist/project/board/CubeMX_Config/Drivers/CMSIS/Include/core_cm55.h:4049:22:__NVIC_SetPriority	16	static
../libraries/HAL_Drivers/drv_common.c:32:13:reboot	16	static
../libraries/HAL_Drivers/drv_common.c:43:6:rt_hw_systick_init	8	static
../libraries/HAL_Drivers/drv_common.c:61:6:SysTick_Handler	8	static
../libraries/HAL_Drivers/drv_common.c:75:10:HAL_GetTick	8	static
../libraries/HAL_Drivers/drv_common.c:83:6:HAL_IncTick	4	static
../libraries/HAL_Drivers/drv_common.c:88:6:HAL_SuspendTick	4	static
../libraries/HAL_Drivers/drv_common.c:92:6:HAL_ResumeTick	4	static
../libraries/HAL_Drivers/drv_common.c:96:6:HAL_Delay	24	static
../libraries/HAL_Drivers/drv_common.c:112:19:HAL_InitTick	16	static
../libraries/HAL_Drivers/drv_common.c:127:6:_Error_Handler	16	static
../libraries/HAL_Drivers/drv_common.c:143:6:rt_hw_us_delay	56	static
../libraries/HAL_Drivers/drv_common.c:177:14:rt_hw_board_init	8	static
